panic: httptest: failed to listen on 10.41.26.208:3050: listen tcp 10.41.26.208:3050: bind: address already in use

goroutine 1 [running]:
github.com/vmware/govmomi/simulator/internal.newLocalListener(0x7ffd50d5469a, 0x11, 0x6, 0x112ce40)
	/home/mohan.as/go/src/github.com/vmware/govmomi/simulator/internal/server.go:56 +0x2ad
github.com/vmware/govmomi/simulator/internal.NewUnstartedServer(...)
	/home/mohan.as/go/src/github.com/vmware/govmomi/simulator/internal/server.go:86
github.com/vmware/govmomi/simulator.(*Service).NewServer(0xc00007c660, 0x5)
	/home/mohan.as/go/src/github.com/vmware/govmomi/simulator/simulator.go:652 +0x465
main.main()
	/home/mohan.as/go/src/github.com/vmware/govmomi/vcsim/main.go:199 +0x12a5
export GOVC_URL=https://user:pass@10.41.26.208:3050/sdk GOVC_SIM_PID=104582
export GOVC_URL=https://user:pass@10.41.26.208:3050/sdk GOVC_SIM_PID=104742
export GOVC_URL=https://user:pass@10.41.26.208:3050/sdk GOVC_SIM_PID=104806
export GOVC_URL=https://user:pass@10.41.26.208:3050/sdk GOVC_SIM_PID=105637
export GOVC_URL=https://user:pass@10.41.26.208:3050/sdk GOVC_SIM_PID=106605
export GOVC_URL=https://user:pass@10.41.26.208:3050/sdk GOVC_SIM_PID=108966
2021/07/19 23:14:03 open /tmp/govcsim-DC0-LocalDS_0-978980927/DC0_C0_RP0_VM906/vmware.log: no such file or directory
2021/07/19 23:14:03 open /tmp/govcsim-DC0-LocalDS_0-978980927/DC0_H0_VM1226/vmware.log: no such file or directory
2021/07/19 23:14:03 open /tmp/govcsim-DC0-LocalDS_0-978980927/DC0_H0_VM1583/vmware.log: no such file or directory
2021/07/19 23:14:03 open /tmp/govcsim-DC0-LocalDS_0-978980927/DC0_H0_VM912/vmware.log: no such file or directory
2021/07/19 23:14:03 open /tmp/govcsim-DC0-LocalDS_0-978980927/DC0_C0_RP0_VM29/vmware.log: no such file or directory
2021/07/19 23:14:03 open /tmp/govcsim-DC0-LocalDS_0-978980927/DC0_C0_RP0_VM770/vmware.log: no such file or directory
2021/07/19 23:14:03 open /tmp/govcsim-DC0-LocalDS_0-978980927/DC0_C0_RP0_VM444/vmware.log: no such file or directory
2021/07/19 23:14:03 open /tmp/govcsim-DC0-LocalDS_0-978980927/DC0_C0_RP0_VM1096/vmware.log: no such file or directory
2021/07/19 23:14:03 open /tmp/govcsim-DC0-LocalDS_0-978980927/DC0_H0_VM43/vmware.log: no such file or directory
2021/07/19 23:14:03 open /tmp/govcsim-DC0-LocalDS_0-978980927/DC0_H0_VM712/vmware.log: no such file or directory
2021/07/19 23:14:03 open /tmp/govcsim-DC0-LocalDS_0-978980927/DC0_C0_RP0_VM1045/vmware.log: no such file or directory
2021/07/19 23:14:03 open /tmp/govcsim-DC0-LocalDS_0-978980927/DC0_H0_VM183/vmware.log: no such file or directory
2021/07/19 23:14:03 open /tmp/govcsim-DC0-LocalDS_0-978980927/DC0_C0_RP0_VM1030/vmware.log: no such file or directory
2021/07/19 23:14:03 open /tmp/govcsim-DC0-LocalDS_0-978980927/DC0_H0_VM1549/vmware.log: no such file or directory
2021/07/19 23:14:03 open /tmp/govcsim-DC0-LocalDS_0-978980927/DC0_H0_VM121/vmware.log: no such file or directory
2021/07/19 23:14:03 open /tmp/govcsim-DC0-LocalDS_0-978980927/DC0_C0_APP0_VM390/vmware.log: no such file or directory
2021/07/19 23:14:03 open /tmp/govcsim-DC0-LocalDS_0-978980927/DC0_H0_VM416/vmware.log: no such file or directory
2021/07/19 23:14:03 open /tmp/govcsim-DC0-LocalDS_0-978980927/DC0_C0_RP0_VM889/vmware.log: no such file or directory
2021/07/19 23:14:03 open /tmp/govcsim-DC0-LocalDS_0-978980927/DC0_H0_VM563/vmware.log: no such file or directory
2021/07/19 23:14:03 open /tmp/govcsim-DC0-LocalDS_0-978980927/DC0_C0_RP0_VM199/vmware.log: no such file or directory
2021/07/19 23:14:03 open /tmp/govcsim-DC0-LocalDS_0-978980927/DC0_C0_RP0_VM112/vmware.log: no such file or directory
2021/07/19 23:14:03 open /tmp/govcsim-DC0-LocalDS_0-978980927/DC0_C0_RP0_VM877/vmware.log: no such file or directory
2021/07/19 23:14:03 open /tmp/govcsim-DC0-LocalDS_0-978980927/DC0_C0_APP0_VM378/vmware.log: no such file or directory
2021/07/19 23:14:03 open /tmp/govcsim-DC0-LocalDS_0-978980927/DC0_C0_RP0_VM1094/vmware.log: no such file or directory
2021/07/19 23:14:03 open /tmp/govcsim-DC0-LocalDS_0-978980927/DC0_H0_VM1501/vmware.log: no such file or directory
2021/07/19 23:14:04 open /tmp/govcsim-DC0-LocalDS_0-978980927/DC0_C0_RP0_VM933/vmware.log: no such file or directory
2021/07/19 23:14:04 open /tmp/govcsim-DC0-LocalDS_0-978980927/DC0_C0_RP0_VM188/vmware.log: no such file or directory
2021/07/19 23:14:04 open /tmp/govcsim-DC0-LocalDS_0-978980927/DC0_C0_RP0_VM233/vmware.log: no such file or directory
2021/07/19 23:14:04 open /tmp/govcsim-DC0-LocalDS_0-978980927/DC0_H0_VM1188/vmware.log: no such file or directory
2021/07/19 23:14:04 open /tmp/govcsim-DC0-LocalDS_0-978980927/DC0_H0_VM283/vmware.log: no such file or directory
2021/07/19 23:14:04 open /tmp/govcsim-DC0-LocalDS_0-978980927/DC0_H0_VM506/vmware.log: no such file or directory
2021/07/19 23:14:04 open /tmp/govcsim-DC0-LocalDS_0-978980927/DC0_C0_RP0_VM1281/vmware.log: no such file or directory
2021/07/19 23:14:04 open /tmp/govcsim-DC0-LocalDS_0-978980927/DC0_H0_VM649/vmware.log: no such file or directory
2021/07/19 23:14:04 open /tmp/govcsim-DC0-LocalDS_0-978980927/DC0_H0_VM591/vmware.log: no such file or directory
2021/07/19 23:14:04 open /tmp/govcsim-DC0-LocalDS_0-978980927/DC0_C0_RP0_VM800/vmware.log: no such file or directory
2021/07/19 23:14:04 open /tmp/govcsim-DC0-LocalDS_0-978980927/DC0_H0_VM107/vmware.log: no such file or directory
2021/07/19 23:14:04 open /tmp/govcsim-DC0-LocalDS_0-978980927/DC0_C0_RP0_VM1130/vmware.log: no such file or directory
2021/07/19 23:14:04 open /tmp/govcsim-DC0-LocalDS_0-978980927/DC0_H0_VM196/vmware.log: no such file or directory
2021/07/19 23:14:04 open /tmp/govcsim-DC0-LocalDS_0-978980927/DC0_H0_VM980/vmware.log: no such file or directory
2021/07/19 23:14:04 open /tmp/govcsim-DC0-LocalDS_0-978980927/DC0_C0_RP0_VM1465/vmware.log: no such file or directory
2021/07/19 23:14:04 open /tmp/govcsim-DC0-LocalDS_0-978980927/DC0_C0_RP0_VM1353/vmware.log: no such file or directory
2021/07/19 23:14:04 open /tmp/govcsim-DC0-LocalDS_0-978980927/DC0_C0_APP0_VM600/vmware.log: no such file or directory
2021/07/19 23:14:04 open /tmp/govcsim-DC0-LocalDS_0-978980927/DC0_C0_RP0_VM983/vmware.log: no such file or directory
2021/07/19 23:14:04 open /tmp/govcsim-DC0-LocalDS_0-978980927/DC0_C0_RP0_VM1489/vmware.log: no such file or directory
2021/07/19 23:14:04 open /tmp/govcsim-DC0-LocalDS_0-978980927/DC0_H0_VM1645/vmware.log: no such file or directory
2021/07/19 23:14:04 open /tmp/govcsim-DC0-LocalDS_0-978980927/DC0_H0_VM666/vmware.log: no such file or directory
2021/07/19 23:14:04 open /tmp/govcsim-DC0-LocalDS_0-978980927/DC0_C0_APP0_VM451/vmware.log: no such file or directory
2021/07/19 23:14:04 open /tmp/govcsim-DC0-LocalDS_0-978980927/DC0_H0_VM1139/vmware.log: no such file or directory
2021/07/19 23:14:04 open /tmp/govcsim-DC0-LocalDS_0-978980927/DC0_C0_RP0_VM1435/vmware.log: no such file or directory
2021/07/19 23:14:04 open /tmp/govcsim-DC0-LocalDS_0-978980927/DC0_C0_APP0_VM200/vmware.log: no such file or directory
2021/07/19 23:14:04 open /tmp/govcsim-DC0-LocalDS_0-978980927/DC0_C0_APP0_VM55/vmware.log: no such file or directory
2021/07/19 23:14:04 open /tmp/govcsim-DC0-LocalDS_0-978980927/DC0_C0_APP0_VM139/vmware.log: no such file or directory
2021/07/19 23:14:04 open /tmp/govcsim-DC0-LocalDS_0-978980927/DC0_H0_VM327/vmware.log: no such file or directory
2021/07/19 23:14:04 open /tmp/govcsim-DC0-LocalDS_0-978980927/DC0_H0_VM1531/vmware.log: no such file or directory
2021/07/19 23:14:04 open /tmp/govcsim-DC0-LocalDS_0-978980927/DC0_C0_RP0_VM825/vmware.log: no such file or directory
2021/07/19 23:14:04 open /tmp/govcsim-DC0-LocalDS_0-978980927/DC0_C0_RP0_VM1651/vmware.log: no such file or directory
2021/07/19 23:14:04 open /tmp/govcsim-DC0-LocalDS_0-978980927/DC0_H0_VM832/vmware.log: no such file or directory
2021/07/19 23:14:04 open /tmp/govcsim-DC0-LocalDS_0-978980927/DC0_C0_APP0_VM170/vmware.log: no such file or directory
2021/07/19 23:14:04 open /tmp/govcsim-DC0-LocalDS_0-978980927/DC0_H0_VM43/vmware.log: no such file or directory
2021/07/19 23:14:28 open /tmp/govcsim-DC0-LocalDS_0-978980927/DC0_C0_APP0_VM346/vmware.log: no such file or directory
2021/07/19 23:14:28 open /tmp/govcsim-DC0-LocalDS_0-978980927/DC0_C0_RP0_VM1612/vmware.log: no such file or directory
2021/07/19 23:14:28 open /tmp/govcsim-DC0-LocalDS_0-978980927/DC0_C0_RP0_VM1608/vmware.log: no such file or directory
2021/07/19 23:14:28 open /tmp/govcsim-DC0-LocalDS_0-978980927/DC0_H0_VM897/vmware.log: no such file or directory
2021/07/19 23:14:28 open /tmp/govcsim-DC0-LocalDS_0-978980927/DC0_H0_VM696/vmware.log: no such file or directory
2021/07/19 23:14:28 open /tmp/govcsim-DC0-LocalDS_0-978980927/DC0_C0_APP0_VM99/vmware.log: no such file or directory
2021/07/19 23:14:28 open /tmp/govcsim-DC0-LocalDS_0-978980927/DC0_H0_VM962/vmware.log: no such file or directory
2021/07/19 23:14:28 open /tmp/govcsim-DC0-LocalDS_0-978980927/DC0_C0_RP0_VM1289/vmware.log: no such file or directory
2021/07/19 23:14:28 open /tmp/govcsim-DC0-LocalDS_0-978980927/DC0_H0_VM1069/vmware.log: no such file or directory
2021/07/19 23:14:28 open /tmp/govcsim-DC0-LocalDS_0-978980927/DC0_C0_RP0_VM1116/vmware.log: no such file or directory
2021/07/19 23:14:28 open /tmp/govcsim-DC0-LocalDS_0-978980927/DC0_C0_RP0_VM638/vmware.log: no such file or directory
2021/07/19 23:14:28 open /tmp/govcsim-DC0-LocalDS_0-978980927/DC0_H0_VM768/vmware.log: no such file or directory
2021/07/19 23:14:28 open /tmp/govcsim-DC0-LocalDS_0-978980927/DC0_C0_RP0_VM163/vmware.log: no such file or directory
2021/07/19 23:14:28 open /tmp/govcsim-DC0-LocalDS_0-978980927/DC0_H0_VM75/vmware.log: no such file or directory
2021/07/19 23:14:28 open /tmp/govcsim-DC0-LocalDS_0-978980927/DC0_H0_VM618/vmware.log: no such file or directory
2021/07/19 23:14:28 open /tmp/govcsim-DC0-LocalDS_0-978980927/DC0_C0_APP0_VM213/vmware.log: no such file or directory
2021/07/19 23:14:28 open /tmp/govcsim-DC0-LocalDS_0-978980927/DC0_C0_RP0_VM1486/vmware.log: no such file or directory
2021/07/19 23:14:28 open /tmp/govcsim-DC0-LocalDS_0-978980927/DC0_H0_VM1012/vmware.log: no such file or directory
2021/07/19 23:14:28 open /tmp/govcsim-DC0-LocalDS_0-978980927/DC0_H0_VM1173/vmware.log: no such file or directory
2021/07/19 23:14:28 open /tmp/govcsim-DC0-LocalDS_0-978980927/DC0_H0_VM1330/vmware.log: no such file or directory
2021/07/19 23:14:28 open /tmp/govcsim-DC0-LocalDS_0-978980927/DC0_H0_VM622/vmware.log: no such file or directory
2021/07/19 23:14:28 open /tmp/govcsim-DC0-LocalDS_0-978980927/DC0_H0_VM1142/vmware.log: no such file or directory
2021/07/19 23:14:28 open /tmp/govcsim-DC0-LocalDS_0-978980927/DC0_H0_VM1589/vmware.log: no such file or directory
2021/07/19 23:14:28 open /tmp/govcsim-DC0-LocalDS_0-978980927/DC0_C0_RP0_VM871/vmware.log: no such file or directory
2021/07/19 23:14:28 open /tmp/govcsim-DC0-LocalDS_0-978980927/DC0_H0_VM1550/vmware.log: no such file or directory
2021/07/19 23:14:28 open /tmp/govcsim-DC0-LocalDS_0-978980927/DC0_C0_RP0_VM99/vmware.log: no such file or directory
2021/07/19 23:14:28 open /tmp/govcsim-DC0-LocalDS_0-978980927/DC0_H0_VM279/vmware.log: no such file or directory
2021/07/19 23:14:28 open /tmp/govcsim-DC0-LocalDS_0-978980927/DC0_C0_RP0_VM334/vmware.log: no such file or directory
2021/07/19 23:14:28 open /tmp/govcsim-DC0-LocalDS_0-978980927/DC0_H0_VM462/vmware.log: no such file or directory
2021/07/19 23:14:28 open /tmp/govcsim-DC0-LocalDS_0-978980927/DC0_H0_VM385/vmware.log: no such file or directory
2021/07/19 23:14:28 open /tmp/govcsim-DC0-LocalDS_0-978980927/DC0_C0_RP0_VM803/vmware.log: no such file or directory
2021/07/19 23:14:28 open /tmp/govcsim-DC0-LocalDS_0-978980927/DC0_H0_VM1021/vmware.log: no such file or directory
2021/07/19 23:14:28 open /tmp/govcsim-DC0-LocalDS_0-978980927/DC0_H0_VM556/vmware.log: no such file or directory
2021/07/19 23:14:28 open /tmp/govcsim-DC0-LocalDS_0-978980927/DC0_H0_VM1443/vmware.log: no such file or directory
2021/07/19 23:14:28 open /tmp/govcsim-DC0-LocalDS_0-978980927/DC0_C0_RP0_VM306/vmware.log: no such file or directory
2021/07/19 23:14:28 open /tmp/govcsim-DC0-LocalDS_0-978980927/DC0_H0_VM1427/vmware.log: no such file or directory
2021/07/19 23:14:28 open /tmp/govcsim-DC0-LocalDS_0-978980927/DC0_C0_RP0_VM1153/vmware.log: no such file or directory
2021/07/19 23:14:28 open /tmp/govcsim-DC0-LocalDS_0-978980927/DC0_H0_VM596/vmware.log: no such file or directory
2021/07/19 23:14:28 open /tmp/govcsim-DC0-LocalDS_0-978980927/DC0_C0_RP0_VM487/vmware.log: no such file or directory
2021/07/19 23:14:28 open /tmp/govcsim-DC0-LocalDS_0-978980927/DC0_C0_APP0_VM526/vmware.log: no such file or directory
2021/07/19 23:14:28 open /tmp/govcsim-DC0-LocalDS_0-978980927/DC0_H0_VM1090/vmware.log: no such file or directory
2021/07/19 23:14:28 open /tmp/govcsim-DC0-LocalDS_0-978980927/DC0_C0_APP0_VM301/vmware.log: no such file or directory
2021/07/19 23:14:28 open /tmp/govcsim-DC0-LocalDS_0-978980927/DC0_C0_RP0_VM236/vmware.log: no such file or directory
2021/07/19 23:14:28 open /tmp/govcsim-DC0-LocalDS_0-978980927/DC0_C0_RP0_VM1355/vmware.log: no such file or directory
2021/07/19 23:14:28 open /tmp/govcsim-DC0-LocalDS_0-978980927/DC0_H0_VM499/vmware.log: no such file or directory
2021/07/19 23:14:28 open /tmp/govcsim-DC0-LocalDS_0-978980927/DC0_H0_VM1636/vmware.log: no such file or directory
2021/07/19 23:14:28 open /tmp/govcsim-DC0-LocalDS_0-978980927/DC0_C0_RP0_VM273/vmware.log: no such file or directory
2021/07/19 23:14:28 open /tmp/govcsim-DC0-LocalDS_0-978980927/DC0_H0_VM1138/vmware.log: no such file or directory
2021/07/19 23:14:28 open /tmp/govcsim-DC0-LocalDS_0-978980927/DC0_C0_RP0_VM546/vmware.log: no such file or directory
2021/07/19 23:14:28 open /tmp/govcsim-DC0-LocalDS_0-978980927/DC0_H0_VM567/vmware.log: no such file or directory
2021/07/19 23:14:28 open /tmp/govcsim-DC0-LocalDS_0-978980927/DC0_C0_RP0_VM991/vmware.log: no such file or directory
2021/07/19 23:14:28 open /tmp/govcsim-DC0-LocalDS_0-978980927/DC0_H0_VM884/vmware.log: no such file or directory
2021/07/19 23:14:28 open /tmp/govcsim-DC0-LocalDS_0-978980927/DC0_C0_RP0_VM1064/vmware.log: no such file or directory
2021/07/19 23:14:28 open /tmp/govcsim-DC0-LocalDS_0-978980927/DC0_H0_VM1318/vmware.log: no such file or directory
2021/07/19 23:14:28 open /tmp/govcsim-DC0-LocalDS_0-978980927/DC0_C0_RP0_VM999/vmware.log: no such file or directory
2021/07/19 23:14:28 open /tmp/govcsim-DC0-LocalDS_0-978980927/DC0_H0_VM606/vmware.log: no such file or directory
2021/07/19 23:14:28 open /tmp/govcsim-DC0-LocalDS_0-978980927/DC0_H0_VM246/vmware.log: no such file or directory
2021/07/19 23:14:28 open /tmp/govcsim-DC0-LocalDS_0-978980927/DC0_H0_VM1292/vmware.log: no such file or directory
2021/07/19 23:14:28 open /tmp/govcsim-DC0-LocalDS_0-978980927/DC0_C0_APP0_VM314/vmware.log: no such file or directory
2021/07/19 23:14:28 open /tmp/govcsim-DC0-LocalDS_0-978980927/DC0_C0_RP0_VM840/vmware.log: no such file or directory
2021/07/19 23:14:28 open /tmp/govcsim-DC0-LocalDS_0-978980927/DC0_H0_VM630/vmware.log: no such file or directory
2021/07/19 23:14:28 open /tmp/govcsim-DC0-LocalDS_0-978980927/DC0_C0_RP0_VM1463/vmware.log: no such file or directory
2021/07/19 23:14:28 open /tmp/govcsim-DC0-LocalDS_0-978980927/DC0_H0_VM1026/vmware.log: no such file or directory
2021/07/19 23:14:28 open /tmp/govcsim-DC0-LocalDS_0-978980927/DC0_C0_RP0_VM738/vmware.log: no such file or directory
2021/07/19 23:14:28 open /tmp/govcsim-DC0-LocalDS_0-978980927/DC0_C0_APP0_VM333/vmware.log: no such file or directory
2021/07/19 23:14:28 open /tmp/govcsim-DC0-LocalDS_0-978980927/DC0_C0_RP0_VM1208/vmware.log: no such file or directory
2021/07/19 23:14:28 open /tmp/govcsim-DC0-LocalDS_0-978980927/DC0_H0_VM1364/vmware.log: no such file or directory
2021/07/19 23:14:28 open /tmp/govcsim-DC0-LocalDS_0-978980927/DC0_H0_VM1503/vmware.log: no such file or directory
2021/07/19 23:14:28 open /tmp/govcsim-DC0-LocalDS_0-978980927/DC0_H0_VM1062/vmware.log: no such file or directory
2021/07/19 23:14:28 open /tmp/govcsim-DC0-LocalDS_0-978980927/DC0_C0_RP0_VM761/vmware.log: no such file or directory
2021/07/19 23:14:28 open /tmp/govcsim-DC0-LocalDS_0-978980927/DC0_H0_VM645/vmware.log: no such file or directory
2021/07/19 23:14:28 open /tmp/govcsim-DC0-LocalDS_0-978980927/DC0_H0_VM1304/vmware.log: no such file or directory
2021/07/19 23:14:28 open /tmp/govcsim-DC0-LocalDS_0-978980927/DC0_H0_VM292/vmware.log: no such file or directory
2021/07/19 23:14:28 open /tmp/govcsim-DC0-LocalDS_0-978980927/DC0_C0_RP0_VM1633/vmware.log: no such file or directory
2021/07/19 23:14:28 open /tmp/govcsim-DC0-LocalDS_0-978980927/DC0_C0_RP0_VM1382/vmware.log: no such file or directory
2021/07/19 23:14:28 open /tmp/govcsim-DC0-LocalDS_0-978980927/DC0_C0_APP0_VM565/vmware.log: no such file or directory
2021/07/19 23:14:28 open /tmp/govcsim-DC0-LocalDS_0-978980927/DC0_H0_VM544/vmware.log: no such file or directory
2021/07/19 23:14:28 open /tmp/govcsim-DC0-LocalDS_0-978980927/DC0_H0_VM1052/vmware.log: no such file or directory
2021/07/19 23:14:28 open /tmp/govcsim-DC0-LocalDS_0-978980927/DC0_H0_VM783/vmware.log: no such file or directory
2021/07/19 23:14:28 open /tmp/govcsim-DC0-LocalDS_0-978980927/DC0_C0_RP0_VM75/vmware.log: no such file or directory
2021/07/19 23:14:28 open /tmp/govcsim-DC0-LocalDS_0-978980927/DC0_C0_APP0_VM323/vmware.log: no such file or directory
2021/07/19 23:14:28 open /tmp/govcsim-DC0-LocalDS_0-978980927/DC0_H0_VM1223/vmware.log: no such file or directory
2021/07/19 23:14:28 open /tmp/govcsim-DC0-LocalDS_0-978980927/DC0_C0_APP0_VM355/vmware.log: no such file or directory
2021/07/19 23:14:28 open /tmp/govcsim-DC0-LocalDS_0-978980927/DC0_H0_VM1217/vmware.log: no such file or directory
2021/07/19 23:14:28 open /tmp/govcsim-DC0-LocalDS_0-978980927/DC0_C0_RP0_VM712/vmware.log: no such file or directory
2021/07/19 23:14:28 open /tmp/govcsim-DC0-LocalDS_0-978980927/DC0_C0_APP0_VM75/vmware.log: no such file or directory
2021/07/19 23:14:28 open /tmp/govcsim-DC0-LocalDS_0-978980927/DC0_H0_VM1480/vmware.log: no such file or directory
2021/07/19 23:14:28 open /tmp/govcsim-DC0-LocalDS_0-978980927/DC0_H0_VM445/vmware.log: no such file or directory
2021/07/19 23:14:28 open /tmp/govcsim-DC0-LocalDS_0-978980927/DC0_C0_RP0_VM24/vmware.log: no such file or directory
2021/07/19 23:14:28 open /tmp/govcsim-DC0-LocalDS_0-978980927/DC0_H0_VM503/vmware.log: no such file or directory
2021/07/19 23:14:28 open /tmp/govcsim-DC0-LocalDS_0-978980927/DC0_H0_VM755/vmware.log: no such file or directory
2021/07/19 23:14:28 open /tmp/govcsim-DC0-LocalDS_0-978980927/DC0_C0_APP0_VM14/vmware.log: no such file or directory
2021/07/19 23:14:28 open /tmp/govcsim-DC0-LocalDS_0-978980927/DC0_C0_RP0_VM1233/vmware.log: no such file or directory
2021/07/19 23:14:28 open /tmp/govcsim-DC0-LocalDS_0-978980927/DC0_C0_RP0_VM367/vmware.log: no such file or directory
2021/07/19 23:14:28 open /tmp/govcsim-DC0-LocalDS_0-978980927/DC0_H0_VM637/vmware.log: no such file or directory
2021/07/19 23:14:28 open /tmp/govcsim-DC0-LocalDS_0-978980927/DC0_H0_VM704/vmware.log: no such file or directory
2021/07/19 23:14:28 open /tmp/govcsim-DC0-LocalDS_0-978980927/DC0_H0_VM908/vmware.log: no such file or directory
2021/07/19 23:14:28 open /tmp/govcsim-DC0-LocalDS_0-978980927/DC0_H0_VM961/vmware.log: no such file or directory
2021/07/19 23:14:28 open /tmp/govcsim-DC0-LocalDS_0-978980927/DC0_H0_VM439/vmware.log: no such file or directory
2021/07/19 23:14:28 open /tmp/govcsim-DC0-LocalDS_0-978980927/DC0_C0_RP0_VM1361/vmware.log: no such file or directory
2021/07/19 23:14:28 open /tmp/govcsim-DC0-LocalDS_0-978980927/DC0_C0_RP0_VM1019/vmware.log: no such file or directory
2021/07/19 23:14:28 open /tmp/govcsim-DC0-LocalDS_0-978980927/DC0_C0_RP0_VM151/vmware.log: no such file or directory
2021/07/19 23:14:28 open /tmp/govcsim-DC0-LocalDS_0-978980927/DC0_C0_RP0_VM1517/vmware.log: no such file or directory
2021/07/19 23:14:28 open /tmp/govcsim-DC0-LocalDS_0-978980927/DC0_C0_RP0_VM1231/vmware.log: no such file or directory
2021/07/19 23:14:28 open /tmp/govcsim-DC0-LocalDS_0-978980927/DC0_C0_RP0_VM1055/vmware.log: no such file or directory
2021/07/19 23:14:28 open /tmp/govcsim-DC0-LocalDS_0-978980927/DC0_C0_RP0_VM1537/vmware.log: no such file or directory
2021/07/19 23:14:28 open /tmp/govcsim-DC0-LocalDS_0-978980927/DC0_H0_VM754/vmware.log: no such file or directory
2021/07/19 23:14:28 open /tmp/govcsim-DC0-LocalDS_0-978980927/DC0_H0_VM1408/vmware.log: no such file or directory
2021/07/19 23:14:28 open /tmp/govcsim-DC0-LocalDS_0-978980927/DC0_C0_APP0_VM650/vmware.log: no such file or directory
2021/07/19 23:14:28 open /tmp/govcsim-DC0-LocalDS_0-978980927/DC0_C0_RP0_VM69/vmware.log: no such file or directory
2021/07/19 23:14:28 open /tmp/govcsim-DC0-LocalDS_0-978980927/DC0_C0_RP0_VM1348/vmware.log: no such file or directory
2021/07/19 23:14:28 open /tmp/govcsim-DC0-LocalDS_0-978980927/DC0_H0_VM509/vmware.log: no such file or directory
2021/07/19 23:14:28 open /tmp/govcsim-DC0-LocalDS_0-978980927/DC0_C0_RP0_VM1599/vmware.log: no such file or directory
2021/07/19 23:14:28 open /tmp/govcsim-DC0-LocalDS_0-978980927/DC0_C0_RP0_VM1079/vmware.log: no such file or directory
2021/07/19 23:14:28 open /tmp/govcsim-DC0-LocalDS_0-978980927/DC0_C0_RP0_VM125/vmware.log: no such file or directory
2021/07/19 23:14:28 open /tmp/govcsim-DC0-LocalDS_0-978980927/DC0_C0_RP0_VM14/vmware.log: no such file or directory
2021/07/19 23:14:28 open /tmp/govcsim-DC0-LocalDS_0-978980927/DC0_C0_RP0_VM588/vmware.log: no such file or directory
2021/07/19 23:14:28 open /tmp/govcsim-DC0-LocalDS_0-978980927/DC0_C0_RP0_VM1122/vmware.log: no such file or directory
2021/07/19 23:14:28 open /tmp/govcsim-DC0-LocalDS_0-978980927/DC0_H0_VM38/vmware.log: no such file or directory
2021/07/19 23:14:28 open /tmp/govcsim-DC0-LocalDS_0-978980927/DC0_H0_VM800/vmware.log: no such file or directory
2021/07/19 23:14:28 open /tmp/govcsim-DC0-LocalDS_0-978980927/DC0_H0_VM976/vmware.log: no such file or directory
2021/07/19 23:14:28 open /tmp/govcsim-DC0-LocalDS_0-978980927/DC0_C0_RP0_VM349/vmware.log: no such file or directory
2021/07/19 23:14:28 open /tmp/govcsim-DC0-LocalDS_0-978980927/DC0_H0_VM1250/vmware.log: no such file or directory
2021/07/19 23:14:28 open /tmp/govcsim-DC0-LocalDS_0-978980927/DC0_C0_RP0_VM1485/vmware.log: no such file or directory
2021/07/19 23:14:28 open /tmp/govcsim-DC0-LocalDS_0-978980927/DC0_C0_APP0_VM366/vmware.log: no such file or directory
2021/07/19 23:14:28 open /tmp/govcsim-DC0-LocalDS_0-978980927/DC0_C0_RP0_VM659/vmware.log: no such file or directory
2021/07/19 23:14:28 open /tmp/govcsim-DC0-LocalDS_0-978980927/DC0_C0_APP0_VM74/vmware.log: no such file or directory
2021/07/19 23:14:28 open /tmp/govcsim-DC0-LocalDS_0-978980927/DC0_H0_VM360/vmware.log: no such file or directory
2021/07/19 23:14:28 open /tmp/govcsim-DC0-LocalDS_0-978980927/DC0_H0_VM1573/vmware.log: no such file or directory
2021/07/19 23:14:28 open /tmp/govcsim-DC0-LocalDS_0-978980927/DC0_H0_VM1308/vmware.log: no such file or directory
2021/07/19 23:14:28 open /tmp/govcsim-DC0-LocalDS_0-978980927/DC0_H0_VM790/vmware.log: no such file or directory
2021/07/19 23:14:28 open /tmp/govcsim-DC0-LocalDS_0-978980927/DC0_H0_VM761/vmware.log: no such file or directory
2021/07/19 23:14:28 open /tmp/govcsim-DC0-LocalDS_0-978980927/DC0_C0_RP0_VM1553/vmware.log: no such file or directory
2021/07/19 23:14:28 open /tmp/govcsim-DC0-LocalDS_0-978980927/DC0_C0_RP0_VM1237/vmware.log: no such file or directory
2021/07/19 23:14:28 open /tmp/govcsim-DC0-LocalDS_0-978980927/DC0_C0_RP0_VM833/vmware.log: no such file or directory
2021/07/19 23:14:28 open /tmp/govcsim-DC0-LocalDS_0-978980927/DC0_C0_RP0_VM120/vmware.log: no such file or directory
2021/07/19 23:14:28 open /tmp/govcsim-DC0-LocalDS_0-978980927/DC0_H0_VM1224/vmware.log: no such file or directory
2021/07/19 23:14:28 open /tmp/govcsim-DC0-LocalDS_0-978980927/DC0_C0_RP0_VM1200/vmware.log: no such file or directory
2021/07/19 23:14:28 open /tmp/govcsim-DC0-LocalDS_0-978980927/DC0_C0_APP0_VM260/vmware.log: no such file or directory
2021/07/19 23:14:28 open /tmp/govcsim-DC0-LocalDS_0-978980927/DC0_C0_RP0_VM1051/vmware.log: no such file or directory
2021/07/19 23:14:28 open /tmp/govcsim-DC0-LocalDS_0-978980927/DC0_C0_RP0_VM18/vmware.log: no such file or directory
2021/07/19 23:14:28 open /tmp/govcsim-DC0-LocalDS_0-978980927/DC0_H0_VM1054/vmware.log: no such file or directory
2021/07/19 23:14:28 open /tmp/govcsim-DC0-LocalDS_0-978980927/DC0_C0_RP0_VM1131/vmware.log: no such file or directory
2021/07/19 23:14:28 open /tmp/govcsim-DC0-LocalDS_0-978980927/DC0_H0_VM502/vmware.log: no such file or directory
2021/07/19 23:14:28 open /tmp/govcsim-DC0-LocalDS_0-978980927/DC0_H0_VM1532/vmware.log: no such file or directory
2021/07/19 23:14:28 open /tmp/govcsim-DC0-LocalDS_0-978980927/DC0_H0_VM645/vmware.log: no such file or directory
2021/07/19 23:16:55 open /tmp/govcsim-DC0-LocalDS_0-978980927/DC0_C0_RP0_VM128/vmware.log: no such file or directory
2021/07/19 23:52:58 open /tmp/govcsim-DC0-LocalDS_0-978980927/DC0_H0_VM201/vmware.log: no such file or directory
export GOVC_URL=https://user:pass@10.41.26.208:3060/sdk GOVC_SIM_PID=203868
2021/07/20 00:34:41 open /tmp/govcsim-DC0-LocalDS_0-978980927/DC0_C0_RP0_VM539/vmware.log: no such file or directory
2021/07/20 00:34:41 open /tmp/govcsim-DC0-LocalDS_0-978980927/DC0_C0_RP0_VM607/vmware.log: no such file or directory
2021/07/20 00:34:41 open /tmp/govcsim-DC0-LocalDS_0-978980927/DC0_C0_RP0_VM549/vmware.log: no such file or directory
2021/07/20 00:34:41 open /tmp/govcsim-DC0-LocalDS_0-978980927/DC0_H0_VM1397/vmware.log: no such file or directory
2021/07/20 00:34:41 open /tmp/govcsim-DC0-LocalDS_0-978980927/DC0_H0_VM993/vmware.log: no such file or directory
2021/07/20 00:34:41 open /tmp/govcsim-DC0-LocalDS_0-978980927/DC0_C0_RP0_VM637/vmware.log: no such file or directory
2021/07/20 00:34:41 open /tmp/govcsim-DC0-LocalDS_0-978980927/DC0_C0_APP0_VM131/vmware.log: no such file or directory
2021/07/20 00:34:41 open /tmp/govcsim-DC0-LocalDS_0-978980927/DC0_C0_RP0_VM1146/vmware.log: no such file or directory
2021/07/20 00:34:41 open /tmp/govcsim-DC0-LocalDS_0-978980927/DC0_C0_RP0_VM1040/vmware.log: no such file or directory
2021/07/20 00:34:41 open /tmp/govcsim-DC0-LocalDS_0-978980927/DC0_C0_RP0_VM1585/vmware.log: no such file or directory
2021/07/20 00:34:41 open /tmp/govcsim-DC0-LocalDS_0-978980927/DC0_C0_RP0_VM1433/vmware.log: no such file or directory
2021/07/20 00:34:41 open /tmp/govcsim-DC0-LocalDS_0-978980927/DC0_H0_VM306/vmware.log: no such file or directory
2021/07/20 00:34:41 open /tmp/govcsim-DC0-LocalDS_0-978980927/DC0_C0_RP0_VM266/vmware.log: no such file or directory
2021/07/20 00:34:41 open /tmp/govcsim-DC0-LocalDS_0-978980927/DC0_C0_RP0_VM480/vmware.log: no such file or directory
2021/07/20 00:34:41 open /tmp/govcsim-DC0-LocalDS_0-978980927/DC0_H0_VM1199/vmware.log: no such file or directory
2021/07/20 00:34:41 open /tmp/govcsim-DC0-LocalDS_0-978980927/DC0_C0_RP0_VM1587/vmware.log: no such file or directory
2021/07/20 00:34:41 open /tmp/govcsim-DC0-LocalDS_0-978980927/DC0_H0_VM45/vmware.log: no such file or directory
2021/07/20 00:34:41 open /tmp/govcsim-DC0-LocalDS_0-978980927/DC0_H0_VM1022/vmware.log: no such file or directory
2021/07/20 00:34:41 open /tmp/govcsim-DC0-LocalDS_0-978980927/DC0_H0_VM356/vmware.log: no such file or directory
2021/07/20 00:34:41 open /tmp/govcsim-DC0-LocalDS_0-978980927/DC0_C0_RP0_VM703/vmware.log: no such file or directory
2021/07/20 00:34:41 open /tmp/govcsim-DC0-LocalDS_0-978980927/DC0_H0_VM1186/vmware.log: no such file or directory
2021/07/20 00:34:41 open /tmp/govcsim-DC0-LocalDS_0-978980927/DC0_H0_VM358/vmware.log: no such file or directory
2021/07/20 00:34:41 open /tmp/govcsim-DC0-LocalDS_0-978980927/DC0_C0_RP0_VM1292/vmware.log: no such file or directory
2021/07/20 00:34:41 open /tmp/govcsim-DC0-LocalDS_0-978980927/DC0_C0_RP0_VM1063/vmware.log: no such file or directory
2021/07/20 00:34:41 open /tmp/govcsim-DC0-LocalDS_0-978980927/DC0_H0_VM640/vmware.log: no such file or directory
2021/07/20 00:34:41 open /tmp/govcsim-DC0-LocalDS_0-978980927/DC0_C0_RP0_VM890/vmware.log: no such file or directory
2021/07/20 00:34:41 open /tmp/govcsim-DC0-LocalDS_0-978980927/DC0_H0_VM286/vmware.log: no such file or directory
2021/07/20 00:34:41 open /tmp/govcsim-DC0-LocalDS_0-978980927/DC0_C0_APP0_VM137/vmware.log: no such file or directory
2021/07/20 00:34:41 open /tmp/govcsim-DC0-LocalDS_0-978980927/DC0_H0_VM632/vmware.log: no such file or directory
2021/07/20 00:34:41 open /tmp/govcsim-DC0-LocalDS_0-978980927/DC0_H0_VM1629/vmware.log: no such file or directory
2021/07/20 00:34:41 open /tmp/govcsim-DC0-LocalDS_0-978980927/DC0_H0_VM1273/vmware.log: no such file or directory
2021/07/20 00:34:41 open /tmp/govcsim-DC0-LocalDS_0-978980927/DC0_H0_VM482/vmware.log: no such file or directory
2021/07/20 00:34:41 open /tmp/govcsim-DC0-LocalDS_0-978980927/DC0_C0_RP0_VM894/vmware.log: no such file or directory
2021/07/20 00:34:41 open /tmp/govcsim-DC0-LocalDS_0-978980927/DC0_H0_VM1/vmware.log: no such file or directory
2021/07/20 00:34:41 open /tmp/govcsim-DC0-LocalDS_0-978980927/DC0_C0_RP0_VM222/vmware.log: no such file or directory
2021/07/20 00:38:17 open /tmp/govcsim-DC1-LocalDS_0-008443363/DC1_H0_VM296/vmware.log: no such file or directory
2021/07/20 00:38:17 open /tmp/govcsim-DC1-LocalDS_0-008443363/DC1_C0_RP0_VM1303/vmware.log: no such file or directory
2021/07/20 00:38:17 open /tmp/govcsim-DC1-LocalDS_0-008443363/DC1_H0_VM516/vmware.log: no such file or directory
2021/07/20 00:38:17 open /tmp/govcsim-DC1-LocalDS_0-008443363/DC1_C0_RP0_VM1348/vmware.log: no such file or directory
2021/07/20 00:38:17 open /tmp/govcsim-DC1-LocalDS_0-008443363/DC1_C0_APP0_VM386/vmware.log: no such file or directory
2021/07/20 00:38:17 open /tmp/govcsim-DC1-LocalDS_0-008443363/DC1_C0_RP0_VM1594/vmware.log: no such file or directory
2021/07/20 00:38:17 open /tmp/govcsim-DC1-LocalDS_0-008443363/DC1_H0_VM669/vmware.log: no such file or directory
2021/07/20 00:38:17 open /tmp/govcsim-DC1-LocalDS_0-008443363/DC1_C0_RP0_VM372/vmware.log: no such file or directory
2021/07/20 00:38:17 open /tmp/govcsim-DC1-LocalDS_0-008443363/DC1_C0_RP0_VM1191/vmware.log: no such file or directory
2021/07/20 00:38:17 open /tmp/govcsim-DC1-LocalDS_0-008443363/DC1_C0_RP0_VM346/vmware.log: no such file or directory
2021/07/20 00:38:17 open /tmp/govcsim-DC1-LocalDS_0-008443363/DC1_H0_VM1374/vmware.log: no such file or directory
2021/07/20 00:38:17 open /tmp/govcsim-DC1-LocalDS_0-008443363/DC1_H0_VM797/vmware.log: no such file or directory
2021/07/20 00:38:17 open /tmp/govcsim-DC1-LocalDS_0-008443363/DC1_C0_RP0_VM1625/vmware.log: no such file or directory
2021/07/20 00:38:17 open /tmp/govcsim-DC1-LocalDS_0-008443363/DC1_C0_APP0_VM504/vmware.log: no such file or directory
2021/07/20 00:38:17 open /tmp/govcsim-DC1-LocalDS_0-008443363/DC1_C0_RP0_VM1424/vmware.log: no such file or directory
2021/07/20 00:38:17 open /tmp/govcsim-DC1-LocalDS_0-008443363/DC1_H0_VM170/vmware.log: no such file or directory
2021/07/20 00:38:17 open /tmp/govcsim-DC1-LocalDS_0-008443363/DC1_H0_VM1422/vmware.log: no such file or directory
2021/07/20 00:38:17 open /tmp/govcsim-DC1-LocalDS_0-008443363/DC1_C0_RP0_VM1301/vmware.log: no such file or directory
2021/07/20 00:38:17 open /tmp/govcsim-DC1-LocalDS_0-008443363/DC1_H0_VM165/vmware.log: no such file or directory
2021/07/20 00:38:17 open /tmp/govcsim-DC1-LocalDS_0-008443363/DC1_C0_RP0_VM1503/vmware.log: no such file or directory
2021/07/20 00:38:17 open /tmp/govcsim-DC1-LocalDS_0-008443363/DC1_H0_VM697/vmware.log: no such file or directory
2021/07/20 00:38:17 open /tmp/govcsim-DC1-LocalDS_0-008443363/DC1_H0_VM131/vmware.log: no such file or directory
2021/07/20 00:38:17 open /tmp/govcsim-DC1-LocalDS_0-008443363/DC1_C0_RP0_VM153/vmware.log: no such file or directory
2021/07/20 00:38:17 open /tmp/govcsim-DC1-LocalDS_0-008443363/DC1_C0_RP0_VM1097/vmware.log: no such file or directory
2021/07/20 00:38:17 open /tmp/govcsim-DC1-LocalDS_0-008443363/DC1_C0_RP0_VM1306/vmware.log: no such file or directory
2021/07/20 00:38:17 open /tmp/govcsim-DC1-LocalDS_0-008443363/DC1_C0_RP0_VM347/vmware.log: no such file or directory
2021/07/20 00:38:17 open /tmp/govcsim-DC1-LocalDS_0-008443363/DC1_H0_VM277/vmware.log: no such file or directory
2021/07/20 00:38:17 open /tmp/govcsim-DC1-LocalDS_0-008443363/DC1_H0_VM23/vmware.log: no such file or directory
2021/07/20 00:38:17 open /tmp/govcsim-DC1-LocalDS_0-008443363/DC1_H0_VM476/vmware.log: no such file or directory
2021/07/20 00:38:17 open /tmp/govcsim-DC1-LocalDS_0-008443363/DC1_C0_RP0_VM271/vmware.log: no such file or directory
2021/07/20 00:38:17 open /tmp/govcsim-DC1-LocalDS_0-008443363/DC1_H0_VM620/vmware.log: no such file or directory
2021/07/20 00:38:17 open /tmp/govcsim-DC1-LocalDS_0-008443363/DC1_H0_VM1135/vmware.log: no such file or directory
2021/07/20 00:38:17 open /tmp/govcsim-DC1-LocalDS_0-008443363/DC1_H0_VM324/vmware.log: no such file or directory
2021/07/20 00:38:17 open /tmp/govcsim-DC1-LocalDS_0-008443363/DC1_C0_RP0_VM1374/vmware.log: no such file or directory
2021/07/20 00:38:17 open /tmp/govcsim-DC1-LocalDS_0-008443363/DC1_H0_VM213/vmware.log: no such file or directory
2021/07/20 00:38:17 open /tmp/govcsim-DC1-LocalDS_0-008443363/DC1_C0_RP0_VM707/vmware.log: no such file or directory
2021/07/20 00:38:17 open /tmp/govcsim-DC1-LocalDS_0-008443363/DC1_C0_RP0_VM53/vmware.log: no such file or directory
2021/07/20 00:38:17 open /tmp/govcsim-DC1-LocalDS_0-008443363/DC1_H0_VM301/vmware.log: no such file or directory
2021/07/20 00:38:17 open /tmp/govcsim-DC1-LocalDS_0-008443363/DC1_C0_RP0_VM27/vmware.log: no such file or directory
2021/07/20 00:38:17 open /tmp/govcsim-DC1-LocalDS_0-008443363/DC1_C0_RP0_VM1309/vmware.log: no such file or directory
2021/07/20 00:38:17 open /tmp/govcsim-DC1-LocalDS_0-008443363/DC1_C0_APP0_VM398/vmware.log: no such file or directory
2021/07/20 00:38:17 open /tmp/govcsim-DC1-LocalDS_0-008443363/DC1_C0_RP0_VM262/vmware.log: no such file or directory
2021/07/20 00:38:17 open /tmp/govcsim-DC1-LocalDS_0-008443363/DC1_C0_RP0_VM508/vmware.log: no such file or directory
2021/07/20 00:38:17 open /tmp/govcsim-DC1-LocalDS_0-008443363/DC1_H0_VM1366/vmware.log: no such file or directory
2021/07/20 00:38:17 open /tmp/govcsim-DC1-LocalDS_0-008443363/DC1_H0_VM139/vmware.log: no such file or directory
2021/07/20 00:38:17 open /tmp/govcsim-DC1-LocalDS_0-008443363/DC1_C0_APP0_VM597/vmware.log: no such file or directory
2021/07/20 00:38:17 open /tmp/govcsim-DC1-LocalDS_0-008443363/DC1_C0_RP0_VM1102/vmware.log: no such file or directory
2021/07/20 00:38:17 open /tmp/govcsim-DC1-LocalDS_0-008443363/DC1_H0_VM1093/vmware.log: no such file or directory
2021/07/20 00:38:17 open /tmp/govcsim-DC1-LocalDS_0-008443363/DC1_C0_RP0_VM304/vmware.log: no such file or directory
2021/07/20 00:38:17 open /tmp/govcsim-DC1-LocalDS_0-008443363/DC1_H0_VM1004/vmware.log: no such file or directory
2021/07/20 00:38:17 open /tmp/govcsim-DC1-LocalDS_0-008443363/DC1_C0_RP0_VM1006/vmware.log: no such file or directory
2021/07/20 00:38:17 open /tmp/govcsim-DC1-LocalDS_0-008443363/DC1_C0_RP0_VM532/vmware.log: no such file or directory
2021/07/20 00:38:17 open /tmp/govcsim-DC1-LocalDS_0-008443363/DC1_C0_RP0_VM1345/vmware.log: no such file or directory
2021/07/20 00:38:17 open /tmp/govcsim-DC1-LocalDS_0-008443363/DC1_C0_RP0_VM121/vmware.log: no such file or directory
2021/07/20 00:38:17 open /tmp/govcsim-DC1-LocalDS_0-008443363/DC1_C0_RP0_VM1090/vmware.log: no such file or directory
2021/07/20 00:38:17 open /tmp/govcsim-DC1-LocalDS_0-008443363/DC1_C0_RP0_VM827/vmware.log: no such file or directory
2021/07/20 00:38:17 open /tmp/govcsim-DC1-LocalDS_0-008443363/DC1_H0_VM229/vmware.log: no such file or directory
2021/07/20 00:38:17 open /tmp/govcsim-DC1-LocalDS_0-008443363/DC1_C0_APP0_VM442/vmware.log: no such file or directory
2021/07/20 00:38:17 open /tmp/govcsim-DC1-LocalDS_0-008443363/DC1_C0_APP0_VM554/vmware.log: no such file or directory
2021/07/20 00:38:17 open /tmp/govcsim-DC1-LocalDS_0-008443363/DC1_C0_RP0_VM1486/vmware.log: no such file or directory
2021/07/20 00:38:17 open /tmp/govcsim-DC1-LocalDS_0-008443363/DC1_H0_VM916/vmware.log: no such file or directory
2021/07/20 00:38:17 open /tmp/govcsim-DC1-LocalDS_0-008443363/DC1_C0_APP0_VM16/vmware.log: no such file or directory
2021/07/20 00:38:17 open /tmp/govcsim-DC1-LocalDS_0-008443363/DC1_H0_VM1304/vmware.log: no such file or directory
2021/07/20 00:38:17 open /tmp/govcsim-DC1-LocalDS_0-008443363/DC1_C0_RP0_VM287/vmware.log: no such file or directory
2021/07/20 00:38:17 open /tmp/govcsim-DC1-LocalDS_0-008443363/DC1_H0_VM971/vmware.log: no such file or directory
2021/07/20 00:38:17 open /tmp/govcsim-DC1-LocalDS_0-008443363/DC1_C0_APP0_VM668/vmware.log: no such file or directory
2021/07/20 00:38:17 open /tmp/govcsim-DC1-LocalDS_0-008443363/DC1_H0_VM1538/vmware.log: no such file or directory
2021/07/20 00:38:17 open /tmp/govcsim-DC1-LocalDS_0-008443363/DC1_H0_VM868/vmware.log: no such file or directory
2021/07/20 00:38:17 open /tmp/govcsim-DC1-LocalDS_0-008443363/DC1_H0_VM19/vmware.log: no such file or directory
2021/07/20 00:38:17 open /tmp/govcsim-DC1-LocalDS_0-008443363/DC1_C0_RP0_VM543/vmware.log: no such file or directory
2021/07/20 00:38:17 open /tmp/govcsim-DC1-LocalDS_0-008443363/DC1_C0_RP0_VM1622/vmware.log: no such file or directory
2021/07/20 00:38:17 open /tmp/govcsim-DC1-LocalDS_0-008443363/DC1_C0_APP0_VM640/vmware.log: no such file or directory
2021/07/20 00:38:17 open /tmp/govcsim-DC1-LocalDS_0-008443363/DC1_C0_RP0_VM1186/vmware.log: no such file or directory
2021/07/20 00:38:17 open /tmp/govcsim-DC1-LocalDS_0-008443363/DC1_C0_RP0_VM1593/vmware.log: no such file or directory
2021/07/20 00:38:17 open /tmp/govcsim-DC1-LocalDS_0-008443363/DC1_H0_VM750/vmware.log: no such file or directory
2021/07/20 00:38:17 open /tmp/govcsim-DC1-LocalDS_0-008443363/DC1_H0_VM861/vmware.log: no such file or directory
2021/07/20 00:38:17 open /tmp/govcsim-DC1-LocalDS_0-008443363/DC1_H0_VM542/vmware.log: no such file or directory
2021/07/20 00:38:17 open /tmp/govcsim-DC1-LocalDS_0-008443363/DC1_C0_APP0_VM635/vmware.log: no such file or directory
2021/07/20 00:38:17 open /tmp/govcsim-DC1-LocalDS_0-008443363/DC1_C0_RP0_VM1206/vmware.log: no such file or directory
2021/07/20 00:38:17 open /tmp/govcsim-DC1-LocalDS_0-008443363/DC1_H0_VM169/vmware.log: no such file or directory
2021/07/20 00:38:17 open /tmp/govcsim-DC1-LocalDS_0-008443363/DC1_H0_VM1495/vmware.log: no such file or directory
2021/07/20 00:38:17 open /tmp/govcsim-DC1-LocalDS_0-008443363/DC1_H0_VM380/vmware.log: no such file or directory
2021/07/20 00:38:17 open /tmp/govcsim-DC1-LocalDS_0-008443363/DC1_H0_VM1572/vmware.log: no such file or directory
2021/07/20 00:38:17 open /tmp/govcsim-DC1-LocalDS_0-008443363/DC1_C0_RP0_VM462/vmware.log: no such file or directory
2021/07/20 00:38:17 open /tmp/govcsim-DC1-LocalDS_0-008443363/DC1_H0_VM1165/vmware.log: no such file or directory
2021/07/20 00:38:17 open /tmp/govcsim-DC1-LocalDS_0-008443363/DC1_C0_RP0_VM966/vmware.log: no such file or directory
2021/07/20 00:38:17 open /tmp/govcsim-DC1-LocalDS_0-008443363/DC1_C0_APP0_VM181/vmware.log: no such file or directory
2021/07/20 00:38:18 open /tmp/govcsim-DC1-LocalDS_0-008443363/DC1_C0_APP0_VM580/vmware.log: no such file or directory
2021/07/20 00:38:18 open /tmp/govcsim-DC1-LocalDS_0-008443363/DC1_C0_RP0_VM737/vmware.log: no such file or directory
2021/07/20 00:38:18 open /tmp/govcsim-DC1-LocalDS_0-008443363/DC1_C0_RP0_VM503/vmware.log: no such file or directory
2021/07/20 00:38:18 open /tmp/govcsim-DC1-LocalDS_0-008443363/DC1_H0_VM175/vmware.log: no such file or directory
2021/07/20 00:38:18 open /tmp/govcsim-DC1-LocalDS_0-008443363/DC1_C0_APP0_VM537/vmware.log: no such file or directory
2021/07/20 00:38:18 open /tmp/govcsim-DC1-LocalDS_0-008443363/DC1_H0_VM840/vmware.log: no such file or directory
2021/07/20 00:38:18 open /tmp/govcsim-DC1-LocalDS_0-008443363/DC1_C0_APP0_VM152/vmware.log: no such file or directory
2021/07/20 00:38:18 open /tmp/govcsim-DC1-LocalDS_0-008443363/DC1_C0_RP0_VM949/vmware.log: no such file or directory
2021/07/20 00:38:18 open /tmp/govcsim-DC1-LocalDS_0-008443363/DC1_C0_RP0_VM119/vmware.log: no such file or directory
2021/07/20 00:38:18 open /tmp/govcsim-DC1-LocalDS_0-008443363/DC1_H0_VM1068/vmware.log: no such file or directory
2021/07/20 00:38:18 open /tmp/govcsim-DC1-LocalDS_0-008443363/DC1_H0_VM1226/vmware.log: no such file or directory
2021/07/20 00:38:18 open /tmp/govcsim-DC1-LocalDS_0-008443363/DC1_C0_RP0_VM1388/vmware.log: no such file or directory
2021/07/20 00:38:18 open /tmp/govcsim-DC1-LocalDS_0-008443363/DC1_C0_RP0_VM1211/vmware.log: no such file or directory
2021/07/20 00:38:18 open /tmp/govcsim-DC1-LocalDS_0-008443363/DC1_C0_APP0_VM476/vmware.log: no such file or directory
2021/07/20 00:38:18 open /tmp/govcsim-DC1-LocalDS_0-008443363/DC1_C0_RP0_VM1342/vmware.log: no such file or directory
2021/07/20 00:38:18 open /tmp/govcsim-DC1-LocalDS_0-008443363/DC1_C0_RP0_VM925/vmware.log: no such file or directory
2021/07/20 00:38:18 open /tmp/govcsim-DC1-LocalDS_0-008443363/DC1_H0_VM1437/vmware.log: no such file or directory
2021/07/20 00:38:18 open /tmp/govcsim-DC1-LocalDS_0-008443363/DC1_H0_VM687/vmware.log: no such file or directory
2021/07/20 00:38:18 open /tmp/govcsim-DC1-LocalDS_0-008443363/DC1_C0_APP0_VM132/vmware.log: no such file or directory
2021/07/20 00:38:18 open /tmp/govcsim-DC1-LocalDS_0-008443363/DC1_C0_RP0_VM11/vmware.log: no such file or directory
2021/07/20 00:38:18 open /tmp/govcsim-DC1-LocalDS_0-008443363/DC1_C0_RP0_VM1454/vmware.log: no such file or directory
2021/07/20 00:38:18 open /tmp/govcsim-DC1-LocalDS_0-008443363/DC1_C0_APP0_VM105/vmware.log: no such file or directory
2021/07/20 00:38:18 open /tmp/govcsim-DC1-LocalDS_0-008443363/DC1_C0_RP0_VM1520/vmware.log: no such file or directory
2021/07/20 00:38:18 open /tmp/govcsim-DC1-LocalDS_0-008443363/DC1_H0_VM1191/vmware.log: no such file or directory
2021/07/20 00:38:18 open /tmp/govcsim-DC1-LocalDS_0-008443363/DC1_H0_VM259/vmware.log: no such file or directory
2021/07/20 00:38:18 open /tmp/govcsim-DC1-LocalDS_0-008443363/DC1_H0_VM236/vmware.log: no such file or directory
2021/07/20 00:38:18 open /tmp/govcsim-DC1-LocalDS_0-008443363/DC1_C0_RP0_VM1084/vmware.log: no such file or directory
2021/07/20 00:38:18 open /tmp/govcsim-DC1-LocalDS_0-008443363/DC1_C0_RP0_VM487/vmware.log: no such file or directory
2021/07/20 00:38:18 open /tmp/govcsim-DC1-LocalDS_0-008443363/DC1_C0_RP0_VM1213/vmware.log: no such file or directory
2021/07/20 00:38:18 open /tmp/govcsim-DC1-LocalDS_0-008443363/DC1_H0_VM1291/vmware.log: no such file or directory
2021/07/20 00:38:18 open /tmp/govcsim-DC1-LocalDS_0-008443363/DC1_C0_RP0_VM872/vmware.log: no such file or directory
2021/07/20 00:38:18 open /tmp/govcsim-DC1-LocalDS_0-008443363/DC1_C0_RP0_VM45/vmware.log: no such file or directory
2021/07/20 00:38:18 open /tmp/govcsim-DC1-LocalDS_0-008443363/DC1_C0_APP0_VM217/vmware.log: no such file or directory
2021/07/20 00:38:18 open /tmp/govcsim-DC1-LocalDS_0-008443363/DC1_H0_VM473/vmware.log: no such file or directory
2021/07/20 00:38:18 open /tmp/govcsim-DC1-LocalDS_0-008443363/DC1_C0_RP0_VM843/vmware.log: no such file or directory
2021/07/20 00:38:18 open /tmp/govcsim-DC1-LocalDS_0-008443363/DC1_C0_RP0_VM953/vmware.log: no such file or directory
2021/07/20 00:38:18 open /tmp/govcsim-DC1-LocalDS_0-008443363/DC1_H0_VM642/vmware.log: no such file or directory
2021/07/20 00:38:18 open /tmp/govcsim-DC1-LocalDS_0-008443363/DC1_C0_RP0_VM131/vmware.log: no such file or directory
2021/07/20 00:38:18 open /tmp/govcsim-DC1-LocalDS_0-008443363/DC1_C0_RP0_VM684/vmware.log: no such file or directory
2021/07/20 00:38:18 open /tmp/govcsim-DC1-LocalDS_0-008443363/DC1_H0_VM200/vmware.log: no such file or directory
2021/07/20 00:38:18 open /tmp/govcsim-DC1-LocalDS_0-008443363/DC1_H0_VM132/vmware.log: no such file or directory
2021/07/20 00:38:18 open /tmp/govcsim-DC1-LocalDS_0-008443363/DC1_C0_RP0_VM140/vmware.log: no such file or directory
2021/07/20 00:38:18 open /tmp/govcsim-DC1-LocalDS_0-008443363/DC1_H0_VM696/vmware.log: no such file or directory
2021/07/20 00:38:18 open /tmp/govcsim-DC1-LocalDS_0-008443363/DC1_C0_RP0_VM469/vmware.log: no such file or directory
2021/07/20 00:38:18 open /tmp/govcsim-DC1-LocalDS_0-008443363/DC1_H0_VM237/vmware.log: no such file or directory
2021/07/20 00:38:18 open /tmp/govcsim-DC1-LocalDS_0-008443363/DC1_C0_RP0_VM60/vmware.log: no such file or directory
2021/07/20 00:38:18 open /tmp/govcsim-DC1-LocalDS_0-008443363/DC1_C0_APP0_VM348/vmware.log: no such file or directory
2021/07/20 00:38:18 open /tmp/govcsim-DC1-LocalDS_0-008443363/DC1_H0_VM957/vmware.log: no such file or directory
2021/07/20 00:38:18 open /tmp/govcsim-DC1-LocalDS_0-008443363/DC1_H0_VM233/vmware.log: no such file or directory
2021/07/20 00:38:18 open /tmp/govcsim-DC1-LocalDS_0-008443363/DC1_H0_VM1326/vmware.log: no such file or directory
2021/07/20 00:38:18 open /tmp/govcsim-DC1-LocalDS_0-008443363/DC1_C0_RP0_VM1423/vmware.log: no such file or directory
2021/07/20 00:38:18 open /tmp/govcsim-DC1-LocalDS_0-008443363/DC1_H0_VM496/vmware.log: no such file or directory
2021/07/20 00:38:18 open /tmp/govcsim-DC1-LocalDS_0-008443363/DC1_C0_RP0_VM1042/vmware.log: no such file or directory
2021/07/20 00:38:18 open /tmp/govcsim-DC1-LocalDS_0-008443363/DC1_C0_RP0_VM1339/vmware.log: no such file or directory
2021/07/20 00:38:18 open /tmp/govcsim-DC1-LocalDS_0-008443363/DC1_C0_RP0_VM1041/vmware.log: no such file or directory
2021/07/20 00:38:18 open /tmp/govcsim-DC1-LocalDS_0-008443363/DC1_C0_RP0_VM229/vmware.log: no such file or directory
2021/07/20 00:38:18 open /tmp/govcsim-DC1-LocalDS_0-008443363/DC1_H0_VM206/vmware.log: no such file or directory
2021/07/20 00:38:18 open /tmp/govcsim-DC1-LocalDS_0-008443363/DC1_C0_RP0_VM64/vmware.log: no such file or directory
2021/07/20 00:38:18 open /tmp/govcsim-DC1-LocalDS_0-008443363/DC1_C0_RP0_VM740/vmware.log: no such file or directory
2021/07/20 00:38:18 open /tmp/govcsim-DC1-LocalDS_0-008443363/DC1_H0_VM792/vmware.log: no such file or directory
2021/07/20 00:38:18 open /tmp/govcsim-DC1-LocalDS_0-008443363/DC1_H0_VM258/vmware.log: no such file or directory
2021/07/20 00:38:18 open /tmp/govcsim-DC1-LocalDS_0-008443363/DC1_H0_VM1278/vmware.log: no such file or directory
2021/07/20 00:38:18 open /tmp/govcsim-DC1-LocalDS_0-008443363/DC1_H0_VM441/vmware.log: no such file or directory
2021/07/20 00:38:18 open /tmp/govcsim-DC1-LocalDS_0-008443363/DC1_C0_APP0_VM654/vmware.log: no such file or directory
2021/07/20 00:38:18 open /tmp/govcsim-DC1-LocalDS_0-008443363/DC1_H0_VM197/vmware.log: no such file or directory
2021/07/20 00:38:18 open /tmp/govcsim-DC1-LocalDS_0-008443363/DC1_C0_RP0_VM1442/vmware.log: no such file or directory
2021/07/20 00:38:18 open /tmp/govcsim-DC1-LocalDS_0-008443363/DC1_C0_RP0_VM734/vmware.log: no such file or directory
2021/07/20 00:38:18 open /tmp/govcsim-DC1-LocalDS_0-008443363/DC1_C0_RP0_VM402/vmware.log: no such file or directory
2021/07/20 00:38:18 open /tmp/govcsim-DC1-LocalDS_0-008443363/DC1_H0_VM788/vmware.log: no such file or directory
2021/07/20 00:38:18 open /tmp/govcsim-DC1-LocalDS_0-008443363/DC1_C0_RP0_VM36/vmware.log: no such file or directory
2021/07/20 00:38:18 open /tmp/govcsim-DC1-LocalDS_0-008443363/DC1_C0_RP0_VM809/vmware.log: no such file or directory
2021/07/20 00:38:18 open /tmp/govcsim-DC1-LocalDS_0-008443363/DC1_C0_APP0_VM450/vmware.log: no such file or directory
2021/07/20 00:38:18 open /tmp/govcsim-DC1-LocalDS_0-008443363/DC1_H0_VM1377/vmware.log: no such file or directory
2021/07/20 00:38:18 open /tmp/govcsim-DC1-LocalDS_0-008443363/DC1_C0_RP0_VM433/vmware.log: no such file or directory
2021/07/20 00:38:18 open /tmp/govcsim-DC1-LocalDS_0-008443363/DC1_C0_RP0_VM1606/vmware.log: no such file or directory
2021/07/20 00:38:18 open /tmp/govcsim-DC1-LocalDS_0-008443363/DC1_C0_RP0_VM1550/vmware.log: no such file or directory
2021/07/20 00:38:18 open /tmp/govcsim-DC1-LocalDS_0-008443363/DC1_C0_RP0_VM472/vmware.log: no such file or directory
2021/07/20 00:38:18 open /tmp/govcsim-DC1-LocalDS_0-008443363/DC1_H0_VM467/vmware.log: no such file or directory
2021/07/20 00:38:18 open /tmp/govcsim-DC1-LocalDS_0-008443363/DC1_C0_APP0_VM312/vmware.log: no such file or directory
2021/07/20 00:38:18 open /tmp/govcsim-DC1-LocalDS_0-008443363/DC1_H0_VM1177/vmware.log: no such file or directory
2021/07/20 00:38:18 open /tmp/govcsim-DC1-LocalDS_0-008443363/DC1_C0_APP0_VM644/vmware.log: no such file or directory
2021/07/20 00:38:18 open /tmp/govcsim-DC1-LocalDS_0-008443363/DC1_C0_APP0_VM558/vmware.log: no such file or directory
2021/07/20 00:38:18 open /tmp/govcsim-DC1-LocalDS_0-008443363/DC1_C0_RP0_VM616/vmware.log: no such file or directory
2021/07/20 00:38:18 open /tmp/govcsim-DC1-LocalDS_0-008443363/DC1_C0_RP0_VM1/vmware.log: no such file or directory
2021/07/20 00:38:18 open /tmp/govcsim-DC1-LocalDS_0-008443363/DC1_C0_RP0_VM234/vmware.log: no such file or directory
2021/07/20 00:38:18 open /tmp/govcsim-DC1-LocalDS_0-008443363/DC1_C0_RP0_VM99/vmware.log: no such file or directory
2021/07/20 00:38:18 open /tmp/govcsim-DC1-LocalDS_0-008443363/DC1_H0_VM16/vmware.log: no such file or directory
2021/07/20 00:38:18 open /tmp/govcsim-DC1-LocalDS_0-008443363/DC1_C0_RP0_VM1303/vmware.log: no such file or directory
2021/07/20 00:38:18 open /tmp/govcsim-DC1-LocalDS_0-008443363/DC1_C0_APP0_VM126/vmware.log: no such file or directory
2021/07/20 00:38:18 open /tmp/govcsim-DC1-LocalDS_0-008443363/DC1_H0_VM1601/vmware.log: no such file or directory
2021/07/20 00:38:18 open /tmp/govcsim-DC1-LocalDS_0-008443363/DC1_C0_RP0_VM676/vmware.log: no such file or directory
2021/07/20 00:38:18 open /tmp/govcsim-DC1-LocalDS_0-008443363/DC1_C0_APP0_VM191/vmware.log: no such file or directory
2021/07/20 00:38:18 open /tmp/govcsim-DC1-LocalDS_0-008443363/DC1_C0_RP0_VM1045/vmware.log: no such file or directory
2021/07/20 00:38:18 open /tmp/govcsim-DC1-LocalDS_0-008443363/DC1_C0_RP0_VM1387/vmware.log: no such file or directory
2021/07/20 00:38:18 open /tmp/govcsim-DC1-LocalDS_0-008443363/DC1_H0_VM692/vmware.log: no such file or directory
2021/07/20 00:38:18 open /tmp/govcsim-DC1-LocalDS_0-008443363/DC1_H0_VM199/vmware.log: no such file or directory
2021/07/20 00:38:18 open /tmp/govcsim-DC1-LocalDS_0-008443363/DC1_C0_RP0_VM1578/vmware.log: no such file or directory
2021/07/20 00:38:18 open /tmp/govcsim-DC1-LocalDS_0-008443363/DC1_C0_RP0_VM1379/vmware.log: no such file or directory
2021/07/20 00:38:18 open /tmp/govcsim-DC1-LocalDS_0-008443363/DC1_H0_VM863/vmware.log: no such file or directory
2021/07/20 00:38:18 open /tmp/govcsim-DC1-LocalDS_0-008443363/DC1_C0_RP0_VM1175/vmware.log: no such file or directory
2021/07/20 00:38:18 open /tmp/govcsim-DC1-LocalDS_0-008443363/DC1_C0_APP0_VM474/vmware.log: no such file or directory
2021/07/20 00:38:18 open /tmp/govcsim-DC1-LocalDS_0-008443363/DC1_C0_APP0_VM600/vmware.log: no such file or directory
2021/07/20 00:38:18 open /tmp/govcsim-DC1-LocalDS_0-008443363/DC1_C0_APP0_VM402/vmware.log: no such file or directory
2021/07/20 00:38:18 open /tmp/govcsim-DC1-LocalDS_0-008443363/DC1_H0_VM1117/vmware.log: no such file or directory
2021/07/20 00:38:18 open /tmp/govcsim-DC1-LocalDS_0-008443363/DC1_C0_RP0_VM258/vmware.log: no such file or directory
2021/07/20 00:38:18 open /tmp/govcsim-DC1-LocalDS_0-008443363/DC1_C0_APP0_VM500/vmware.log: no such file or directory
2021/07/20 00:38:18 open /tmp/govcsim-DC1-LocalDS_0-008443363/DC1_C0_RP0_VM1197/vmware.log: no such file or directory
2021/07/20 00:38:18 open /tmp/govcsim-DC1-LocalDS_0-008443363/DC1_H0_VM390/vmware.log: no such file or directory
2021/07/20 00:38:18 open /tmp/govcsim-DC1-LocalDS_0-008443363/DC1_C0_RP0_VM791/vmware.log: no such file or directory
2021/07/20 00:38:18 open /tmp/govcsim-DC1-LocalDS_0-008443363/DC1_C0_RP0_VM1033/vmware.log: no such file or directory
2021/07/20 00:38:18 open /tmp/govcsim-DC1-LocalDS_0-008443363/DC1_C0_APP0_VM331/vmware.log: no such file or directory
2021/07/20 00:38:18 open /tmp/govcsim-DC1-LocalDS_0-008443363/DC1_C0_RP0_VM666/vmware.log: no such file or directory
2021/07/20 00:38:18 open /tmp/govcsim-DC1-LocalDS_0-008443363/DC1_C0_APP0_VM13/vmware.log: no such file or directory
2021/07/20 00:40:51 open /tmp/govcsim-DC1-LocalDS_0-008443363/DC1_C0_RP0_VM1612/vmware.log: no such file or directory
2021/07/20 00:40:51 open /tmp/govcsim-DC1-LocalDS_0-008443363/DC1_C0_APP0_VM168/vmware.log: no such file or directory
2021/07/20 00:40:51 open /tmp/govcsim-DC1-LocalDS_0-008443363/DC1_C0_RP0_VM976/vmware.log: no such file or directory
2021/07/20 00:40:51 open /tmp/govcsim-DC1-LocalDS_0-008443363/DC1_C0_RP0_VM746/vmware.log: no such file or directory
2021/07/20 00:40:51 open /tmp/govcsim-DC1-LocalDS_0-008443363/DC1_C0_RP0_VM645/vmware.log: no such file or directory
2021/07/20 00:40:51 open /tmp/govcsim-DC1-LocalDS_0-008443363/DC1_H0_VM1084/vmware.log: no such file or directory
2021/07/20 00:40:51 open /tmp/govcsim-DC1-LocalDS_0-008443363/DC1_H0_VM717/vmware.log: no such file or directory
2021/07/20 00:40:51 open /tmp/govcsim-DC1-LocalDS_0-008443363/DC1_H0_VM45/vmware.log: no such file or directory
2021/07/20 00:40:51 open /tmp/govcsim-DC1-LocalDS_0-008443363/DC1_C0_RP0_VM685/vmware.log: no such file or directory
2021/07/20 00:40:51 open /tmp/govcsim-DC1-LocalDS_0-008443363/DC1_H0_VM905/vmware.log: no such file or directory
2021/07/20 00:40:51 open /tmp/govcsim-DC1-LocalDS_0-008443363/DC1_C0_RP0_VM1585/vmware.log: no such file or directory
2021/07/20 00:40:51 open /tmp/govcsim-DC1-LocalDS_0-008443363/DC1_C0_RP0_VM1630/vmware.log: no such file or directory
2021/07/20 00:40:51 open /tmp/govcsim-DC1-LocalDS_0-008443363/DC1_C0_RP0_VM182/vmware.log: no such file or directory
2021/07/20 00:40:51 open /tmp/govcsim-DC1-LocalDS_0-008443363/DC1_C0_RP0_VM790/vmware.log: no such file or directory
2021/07/20 00:40:51 open /tmp/govcsim-DC1-LocalDS_0-008443363/DC1_C0_RP0_VM1168/vmware.log: no such file or directory
2021/07/20 00:40:51 open /tmp/govcsim-DC1-LocalDS_0-008443363/DC1_H0_VM494/vmware.log: no such file or directory
2021/07/20 00:40:51 open /tmp/govcsim-DC1-LocalDS_0-008443363/DC1_H0_VM922/vmware.log: no such file or directory
2021/07/20 00:40:51 open /tmp/govcsim-DC1-LocalDS_0-008443363/DC1_C0_RP0_VM1471/vmware.log: no such file or directory
2021/07/20 00:40:51 open /tmp/govcsim-DC1-LocalDS_0-008443363/DC1_C0_RP0_VM611/vmware.log: no such file or directory
2021/07/20 00:40:51 open /tmp/govcsim-DC1-LocalDS_0-008443363/DC1_C0_RP0_VM199/vmware.log: no such file or directory
2021/07/20 00:40:51 open /tmp/govcsim-DC1-LocalDS_0-008443363/DC1_C0_RP0_VM1426/vmware.log: no such file or directory
2021/07/20 00:40:51 open /tmp/govcsim-DC1-LocalDS_0-008443363/DC1_H0_VM735/vmware.log: no such file or directory
2021/07/20 00:40:51 open /tmp/govcsim-DC1-LocalDS_0-008443363/DC1_H0_VM1160/vmware.log: no such file or directory
2021/07/20 00:40:51 open /tmp/govcsim-DC1-LocalDS_0-008443363/DC1_C0_RP0_VM428/vmware.log: no such file or directory
2021/07/20 00:40:51 open /tmp/govcsim-DC1-LocalDS_0-008443363/DC1_C0_RP0_VM198/vmware.log: no such file or directory
2021/07/20 00:40:51 open /tmp/govcsim-DC1-LocalDS_0-008443363/DC1_C0_RP0_VM771/vmware.log: no such file or directory
2021/07/20 00:40:51 open /tmp/govcsim-DC1-LocalDS_0-008443363/DC1_H0_VM492/vmware.log: no such file or directory
2021/07/20 00:40:51 open /tmp/govcsim-DC1-LocalDS_0-008443363/DC1_H0_VM615/vmware.log: no such file or directory
2021/07/20 00:40:51 open /tmp/govcsim-DC1-LocalDS_0-008443363/DC1_H0_VM1388/vmware.log: no such file or directory
2021/07/20 00:40:51 open /tmp/govcsim-DC1-LocalDS_0-008443363/DC1_H0_VM1423/vmware.log: no such file or directory
2021/07/20 00:40:51 open /tmp/govcsim-DC1-LocalDS_0-008443363/DC1_H0_VM1108/vmware.log: no such file or directory
2021/07/20 00:40:51 open /tmp/govcsim-DC1-LocalDS_0-008443363/DC1_H0_VM134/vmware.log: no such file or directory
2021/07/20 00:40:51 open /tmp/govcsim-DC1-LocalDS_0-008443363/DC1_C0_RP0_VM326/vmware.log: no such file or directory
2021/07/20 00:40:51 open /tmp/govcsim-DC1-LocalDS_0-008443363/DC1_H0_VM1272/vmware.log: no such file or directory
2021/07/20 00:40:51 open /tmp/govcsim-DC1-LocalDS_0-008443363/DC1_H0_VM314/vmware.log: no such file or directory
2021/07/20 00:40:51 open /tmp/govcsim-DC1-LocalDS_0-008443363/DC1_C0_RP0_VM581/vmware.log: no such file or directory
2021/07/20 00:40:51 open /tmp/govcsim-DC1-LocalDS_0-008443363/DC1_C0_RP0_VM264/vmware.log: no such file or directory
2021/07/20 00:40:51 open /tmp/govcsim-DC1-LocalDS_0-008443363/DC1_H0_VM599/vmware.log: no such file or directory
2021/07/20 00:40:51 open /tmp/govcsim-DC1-LocalDS_0-008443363/DC1_C0_RP0_VM731/vmware.log: no such file or directory
2021/07/20 00:40:51 open /tmp/govcsim-DC1-LocalDS_0-008443363/DC1_H0_VM411/vmware.log: no such file or directory
2021/07/20 00:40:51 open /tmp/govcsim-DC1-LocalDS_0-008443363/DC1_H0_VM505/vmware.log: no such file or directory
2021/07/20 00:40:51 open /tmp/govcsim-DC1-LocalDS_0-008443363/DC1_H0_VM104/vmware.log: no such file or directory
2021/07/20 00:40:51 open /tmp/govcsim-DC1-LocalDS_0-008443363/DC1_C0_RP0_VM1131/vmware.log: no such file or directory
2021/07/20 00:40:51 open /tmp/govcsim-DC1-LocalDS_0-008443363/DC1_H0_VM1251/vmware.log: no such file or directory
2021/07/20 00:40:51 open /tmp/govcsim-DC1-LocalDS_0-008443363/DC1_C0_RP0_VM58/vmware.log: no such file or directory
2021/07/20 00:40:51 open /tmp/govcsim-DC1-LocalDS_0-008443363/DC1_C0_RP0_VM1581/vmware.log: no such file or directory
2021/07/20 00:40:51 open /tmp/govcsim-DC1-LocalDS_0-008443363/DC1_C0_APP0_VM596/vmware.log: no such file or directory
2021/07/20 00:40:51 open /tmp/govcsim-DC1-LocalDS_0-008443363/DC1_H0_VM628/vmware.log: no such file or directory
2021/07/20 00:40:51 open /tmp/govcsim-DC1-LocalDS_0-008443363/DC1_H0_VM1041/vmware.log: no such file or directory
2021/07/20 00:40:51 open /tmp/govcsim-DC1-LocalDS_0-008443363/DC1_C0_RP0_VM262/vmware.log: no such file or directory
2021/07/20 00:40:51 open /tmp/govcsim-DC1-LocalDS_0-008443363/DC1_C0_APP0_VM549/vmware.log: no such file or directory
2021/07/20 00:40:51 open /tmp/govcsim-DC1-LocalDS_0-008443363/DC1_C0_RP0_VM622/vmware.log: no such file or directory
2021/07/20 00:40:51 open /tmp/govcsim-DC1-LocalDS_0-008443363/DC1_C0_RP0_VM136/vmware.log: no such file or directory
2021/07/20 00:40:51 open /tmp/govcsim-DC1-LocalDS_0-008443363/DC1_C0_RP0_VM1631/vmware.log: no such file or directory
2021/07/20 00:40:51 open /tmp/govcsim-DC1-LocalDS_0-008443363/DC1_C0_APP0_VM637/vmware.log: no such file or directory
2021/07/20 00:40:51 open /tmp/govcsim-DC1-LocalDS_0-008443363/DC1_H0_VM818/vmware.log: no such file or directory
2021/07/20 00:40:51 open /tmp/govcsim-DC1-LocalDS_0-008443363/DC1_C0_RP0_VM821/vmware.log: no such file or directory
2021/07/20 00:40:51 open /tmp/govcsim-DC1-LocalDS_0-008443363/DC1_C0_RP0_VM371/vmware.log: no such file or directory
2021/07/20 00:40:51 open /tmp/govcsim-DC1-LocalDS_0-008443363/DC1_C0_APP0_VM580/vmware.log: no such file or directory
2021/07/20 00:40:51 open /tmp/govcsim-DC1-LocalDS_0-008443363/DC1_H0_VM1139/vmware.log: no such file or directory
2021/07/20 00:40:51 open /tmp/govcsim-DC1-LocalDS_0-008443363/DC1_H0_VM1277/vmware.log: no such file or directory
2021/07/20 00:40:51 open /tmp/govcsim-DC1-LocalDS_0-008443363/DC1_H0_VM728/vmware.log: no such file or directory
2021/07/20 00:40:51 open /tmp/govcsim-DC1-LocalDS_0-008443363/DC1_H0_VM1366/vmware.log: no such file or directory
2021/07/20 00:40:51 open /tmp/govcsim-DC1-LocalDS_0-008443363/DC1_C0_APP0_VM452/vmware.log: no such file or directory
2021/07/20 00:40:51 open /tmp/govcsim-DC1-LocalDS_0-008443363/DC1_C0_RP0_VM1588/vmware.log: no such file or directory
2021/07/20 00:40:51 open /tmp/govcsim-DC1-LocalDS_0-008443363/DC1_C0_APP0_VM385/vmware.log: no such file or directory
2021/07/20 00:40:51 open /tmp/govcsim-DC1-LocalDS_0-008443363/DC1_H0_VM1652/vmware.log: no such file or directory
2021/07/20 00:40:51 open /tmp/govcsim-DC1-LocalDS_0-008443363/DC1_C0_RP0_VM162/vmware.log: no such file or directory
2021/07/20 00:40:51 open /tmp/govcsim-DC1-LocalDS_0-008443363/DC1_H0_VM1565/vmware.log: no such file or directory
2021/07/20 00:40:51 open /tmp/govcsim-DC1-LocalDS_0-008443363/DC1_C0_RP0_VM616/vmware.log: no such file or directory
2021/07/20 00:40:51 open /tmp/govcsim-DC1-LocalDS_0-008443363/DC1_H0_VM1267/vmware.log: no such file or directory
2021/07/20 00:40:51 open /tmp/govcsim-DC1-LocalDS_0-008443363/DC1_C0_APP0_VM97/vmware.log: no such file or directory
2021/07/20 00:40:51 open /tmp/govcsim-DC1-LocalDS_0-008443363/DC1_H0_VM26/vmware.log: no such file or directory
2021/07/20 00:40:51 open /tmp/govcsim-DC1-LocalDS_0-008443363/DC1_C0_RP0_VM784/vmware.log: no such file or directory
2021/07/20 00:40:51 open /tmp/govcsim-DC1-LocalDS_0-008443363/DC1_H0_VM864/vmware.log: no such file or directory
2021/07/20 00:40:51 open /tmp/govcsim-DC1-LocalDS_0-008443363/DC1_H0_VM109/vmware.log: no such file or directory
2021/07/20 00:40:51 open /tmp/govcsim-DC1-LocalDS_0-008443363/DC1_C0_APP0_VM388/vmware.log: no such file or directory
2021/07/20 00:40:51 open /tmp/govcsim-DC1-LocalDS_0-008443363/DC1_C0_RP0_VM740/vmware.log: no such file or directory
2021/07/20 00:40:51 open /tmp/govcsim-DC1-LocalDS_0-008443363/DC1_C0_RP0_VM1394/vmware.log: no such file or directory
2021/07/20 00:40:51 open /tmp/govcsim-DC1-LocalDS_0-008443363/DC1_C0_RP0_VM1285/vmware.log: no such file or directory
2021/07/20 00:40:51 open /tmp/govcsim-DC1-LocalDS_0-008443363/DC1_C0_RP0_VM210/vmware.log: no such file or directory
2021/07/20 00:40:51 open /tmp/govcsim-DC1-LocalDS_0-008443363/DC1_H0_VM912/vmware.log: no such file or directory
2021/07/20 00:40:51 open /tmp/govcsim-DC1-LocalDS_0-008443363/DC1_C0_RP0_VM965/vmware.log: no such file or directory
2021/07/20 00:40:51 open /tmp/govcsim-DC1-LocalDS_0-008443363/DC1_H0_VM676/vmware.log: no such file or directory
2021/07/20 00:40:51 open /tmp/govcsim-DC1-LocalDS_0-008443363/DC1_C0_RP0_VM1343/vmware.log: no such file or directory
2021/07/20 00:40:51 open /tmp/govcsim-DC1-LocalDS_0-008443363/DC1_C0_RP0_VM413/vmware.log: no such file or directory
2021/07/20 00:40:51 open /tmp/govcsim-DC1-LocalDS_0-008443363/DC1_C0_APP0_VM33/vmware.log: no such file or directory
2021/07/20 00:40:51 open /tmp/govcsim-DC1-LocalDS_0-008443363/DC1_C0_APP0_VM221/vmware.log: no such file or directory
2021/07/20 00:40:51 open /tmp/govcsim-DC1-LocalDS_0-008443363/DC1_C0_RP0_VM1142/vmware.log: no such file or directory
2021/07/20 00:40:51 open /tmp/govcsim-DC1-LocalDS_0-008443363/DC1_C0_APP0_VM641/vmware.log: no such file or directory
2021/07/20 00:40:51 open /tmp/govcsim-DC1-LocalDS_0-008443363/DC1_H0_VM261/vmware.log: no such file or directory
2021/07/20 00:40:51 open /tmp/govcsim-DC1-LocalDS_0-008443363/DC1_C0_RP0_VM813/vmware.log: no such file or directory
2021/07/20 00:40:51 open /tmp/govcsim-DC1-LocalDS_0-008443363/DC1_C0_RP0_VM1422/vmware.log: no such file or directory
2021/07/20 00:40:51 open /tmp/govcsim-DC1-LocalDS_0-008443363/DC1_C0_RP0_VM721/vmware.log: no such file or directory
2021/07/20 00:40:51 open /tmp/govcsim-DC1-LocalDS_0-008443363/DC1_H0_VM106/vmware.log: no such file or directory
2021/07/20 00:40:51 open /tmp/govcsim-DC1-LocalDS_0-008443363/DC1_C0_RP0_VM1467/vmware.log: no such file or directory
2021/07/20 00:40:51 open /tmp/govcsim-DC1-LocalDS_0-008443363/DC1_H0_VM949/vmware.log: no such file or directory
2021/07/20 00:40:51 open /tmp/govcsim-DC1-LocalDS_0-008443363/DC1_C0_RP0_VM393/vmware.log: no such file or directory
2021/07/20 00:40:51 open /tmp/govcsim-DC1-LocalDS_0-008443363/DC1_H0_VM515/vmware.log: no such file or directory
2021/07/20 00:40:51 open /tmp/govcsim-DC1-LocalDS_0-008443363/DC1_H0_VM1274/vmware.log: no such file or directory
2021/07/20 00:40:51 open /tmp/govcsim-DC1-LocalDS_0-008443363/DC1_C0_RP0_VM1267/vmware.log: no such file or directory
2021/07/20 00:40:51 open /tmp/govcsim-DC1-LocalDS_0-008443363/DC1_H0_VM889/vmware.log: no such file or directory
2021/07/20 00:40:51 open /tmp/govcsim-DC1-LocalDS_0-008443363/DC1_C0_RP0_VM1172/vmware.log: no such file or directory
2021/07/20 00:40:51 open /tmp/govcsim-DC1-LocalDS_0-008443363/DC1_C0_RP0_VM1378/vmware.log: no such file or directory
2021/07/20 00:40:51 open /tmp/govcsim-DC1-LocalDS_0-008443363/DC1_H0_VM1239/vmware.log: no such file or directory
2021/07/20 00:40:51 open /tmp/govcsim-DC1-LocalDS_0-008443363/DC1_H0_VM283/vmware.log: no such file or directory
2021/07/20 00:40:51 open /tmp/govcsim-DC1-LocalDS_0-008443363/DC1_C0_APP0_VM547/vmware.log: no such file or directory
2021/07/20 00:40:51 open /tmp/govcsim-DC1-LocalDS_0-008443363/DC1_H0_VM954/vmware.log: no such file or directory
2021/07/20 00:40:51 open /tmp/govcsim-DC1-LocalDS_0-008443363/DC1_H0_VM782/vmware.log: no such file or directory
2021/07/20 00:40:51 open /tmp/govcsim-DC1-LocalDS_0-008443363/DC1_H0_VM998/vmware.log: no such file or directory
2021/07/20 00:40:51 open /tmp/govcsim-DC1-LocalDS_0-008443363/DC1_C0_APP0_VM57/vmware.log: no such file or directory
2021/07/20 00:40:51 open /tmp/govcsim-DC1-LocalDS_0-008443363/DC1_H0_VM1046/vmware.log: no such file or directory
2021/07/20 00:40:51 open /tmp/govcsim-DC1-LocalDS_0-008443363/DC1_C0_APP0_VM601/vmware.log: no such file or directory
2021/07/20 00:40:51 open /tmp/govcsim-DC1-LocalDS_0-008443363/DC1_H0_VM349/vmware.log: no such file or directory
2021/07/20 00:40:51 open /tmp/govcsim-DC1-LocalDS_0-008443363/DC1_C0_RP0_VM905/vmware.log: no such file or directory
2021/07/20 00:40:51 open /tmp/govcsim-DC1-LocalDS_0-008443363/DC1_C0_RP0_VM1482/vmware.log: no such file or directory
2021/07/20 00:40:51 open /tmp/govcsim-DC1-LocalDS_0-008443363/DC1_H0_VM1259/vmware.log: no such file or directory
2021/07/20 00:40:51 open /tmp/govcsim-DC1-LocalDS_0-008443363/DC1_C0_APP0_VM491/vmware.log: no such file or directory
2021/07/20 00:40:51 open /tmp/govcsim-DC1-LocalDS_0-008443363/DC1_C0_APP0_VM599/vmware.log: no such file or directory
2021/07/20 00:40:51 open /tmp/govcsim-DC1-LocalDS_0-008443363/DC1_H0_VM1356/vmware.log: no such file or directory
2021/07/20 00:40:51 open /tmp/govcsim-DC1-LocalDS_0-008443363/DC1_H0_VM1301/vmware.log: no such file or directory
2021/07/20 00:40:51 open /tmp/govcsim-DC1-LocalDS_0-008443363/DC1_C0_APP0_VM49/vmware.log: no such file or directory
2021/07/20 00:40:51 open /tmp/govcsim-DC1-LocalDS_0-008443363/DC1_C0_RP0_VM1337/vmware.log: no such file or directory
2021/07/20 00:40:51 open /tmp/govcsim-DC1-LocalDS_0-008443363/DC1_H0_VM974/vmware.log: no such file or directory
2021/07/20 00:40:51 open /tmp/govcsim-DC1-LocalDS_0-008443363/DC1_H0_VM1189/vmware.log: no such file or directory
2021/07/20 00:40:51 open /tmp/govcsim-DC1-LocalDS_0-008443363/DC1_C0_RP0_VM21/vmware.log: no such file or directory
2021/07/20 00:40:51 open /tmp/govcsim-DC1-LocalDS_0-008443363/DC1_H0_VM756/vmware.log: no such file or directory
2021/07/20 00:40:51 open /tmp/govcsim-DC1-LocalDS_0-008443363/DC1_H0_VM1060/vmware.log: no such file or directory
2021/07/20 00:40:51 open /tmp/govcsim-DC1-LocalDS_0-008443363/DC1_H0_VM1467/vmware.log: no such file or directory
2021/07/20 00:40:51 open /tmp/govcsim-DC1-LocalDS_0-008443363/DC1_H0_VM964/vmware.log: no such file or directory
2021/07/20 00:40:51 open /tmp/govcsim-DC1-LocalDS_0-008443363/DC1_H0_VM30/vmware.log: no such file or directory
2021/07/20 00:40:51 open /tmp/govcsim-DC1-LocalDS_0-008443363/DC1_C0_RP0_VM744/vmware.log: no such file or directory
2021/07/20 00:40:51 open /tmp/govcsim-DC1-LocalDS_0-008443363/DC1_H0_VM1188/vmware.log: no such file or directory
2021/07/20 00:40:51 open /tmp/govcsim-DC1-LocalDS_0-008443363/DC1_C0_APP0_VM450/vmware.log: no such file or directory
2021/07/20 00:40:51 open /tmp/govcsim-DC1-LocalDS_0-008443363/DC1_C0_RP0_VM1257/vmware.log: no such file or directory
2021/07/20 00:40:51 open /tmp/govcsim-DC1-LocalDS_0-008443363/DC1_H0_VM205/vmware.log: no such file or directory
2021/07/20 00:40:51 open /tmp/govcsim-DC1-LocalDS_0-008443363/DC1_H0_VM1367/vmware.log: no such file or directory
2021/07/20 00:40:51 open /tmp/govcsim-DC1-LocalDS_0-008443363/DC1_H0_VM458/vmware.log: no such file or directory
2021/07/20 00:40:51 open /tmp/govcsim-DC1-LocalDS_0-008443363/DC1_H0_VM683/vmware.log: no such file or directory
2021/07/20 00:40:51 open /tmp/govcsim-DC1-LocalDS_0-008443363/DC1_H0_VM1077/vmware.log: no such file or directory
2021/07/20 00:40:51 open /tmp/govcsim-DC1-LocalDS_0-008443363/DC1_C0_RP0_VM1610/vmware.log: no such file or directory
2021/07/20 00:40:51 open /tmp/govcsim-DC1-LocalDS_0-008443363/DC1_C0_RP0_VM9/vmware.log: no such file or directory
2021/07/20 00:40:51 open /tmp/govcsim-DC1-LocalDS_0-008443363/DC1_C0_RP0_VM1489/vmware.log: no such file or directory
2021/07/20 00:40:51 open /tmp/govcsim-DC1-LocalDS_0-008443363/DC1_C0_RP0_VM1339/vmware.log: no such file or directory
2021/07/20 00:40:51 open /tmp/govcsim-DC1-LocalDS_0-008443363/DC1_H0_VM1357/vmware.log: no such file or directory
2021/07/20 00:40:51 open /tmp/govcsim-DC1-LocalDS_0-008443363/DC1_H0_VM264/vmware.log: no such file or directory
2021/07/20 00:40:51 open /tmp/govcsim-DC1-LocalDS_0-008443363/DC1_H0_VM475/vmware.log: no such file or directory
2021/07/20 00:40:51 open /tmp/govcsim-DC1-LocalDS_0-008443363/DC1_H0_VM1317/vmware.log: no such file or directory
2021/07/20 00:40:51 open /tmp/govcsim-DC1-LocalDS_0-008443363/DC1_C0_APP0_VM261/vmware.log: no such file or directory
2021/07/20 00:40:51 open /tmp/govcsim-DC1-LocalDS_0-008443363/DC1_H0_VM472/vmware.log: no such file or directory
2021/07/20 00:40:51 open /tmp/govcsim-DC1-LocalDS_0-008443363/DC1_C0_APP0_VM146/vmware.log: no such file or directory
2021/07/20 00:40:51 open /tmp/govcsim-DC1-LocalDS_0-008443363/DC1_C0_RP0_VM1158/vmware.log: no such file or directory
2021/07/20 00:40:51 open /tmp/govcsim-DC1-LocalDS_0-008443363/DC1_C0_APP0_VM451/vmware.log: no such file or directory
2021/07/20 00:40:51 open /tmp/govcsim-DC1-LocalDS_0-008443363/DC1_C0_RP0_VM731/vmware.log: no such file or directory
2021/07/20 00:40:51 open /tmp/govcsim-DC1-LocalDS_0-008443363/DC1_H0_VM873/vmware.log: no such file or directory
2021/07/20 00:40:51 open /tmp/govcsim-DC1-LocalDS_0-008443363/DC1_C0_APP0_VM119/vmware.log: no such file or directory
2021/07/20 00:40:51 open /tmp/govcsim-DC1-LocalDS_0-008443363/DC1_C0_APP0_VM532/vmware.log: no such file or directory
2021/07/20 00:40:51 open /tmp/govcsim-DC1-LocalDS_0-008443363/DC1_C0_RP0_VM429/vmware.log: no such file or directory
2021/07/20 00:40:51 open /tmp/govcsim-DC1-LocalDS_0-008443363/DC1_C0_RP0_VM697/vmware.log: no such file or directory
2021/07/20 00:40:51 open /tmp/govcsim-DC1-LocalDS_0-008443363/DC1_H0_VM533/vmware.log: no such file or directory
2021/07/20 00:40:51 open /tmp/govcsim-DC1-LocalDS_0-008443363/DC1_H0_VM643/vmware.log: no such file or directory
2021/07/20 00:40:51 open /tmp/govcsim-DC1-LocalDS_0-008443363/DC1_C0_APP0_VM218/vmware.log: no such file or directory
2021/07/20 00:40:51 open /tmp/govcsim-DC1-LocalDS_0-008443363/DC1_C0_RP0_VM194/vmware.log: no such file or directory
2021/07/20 00:40:51 open /tmp/govcsim-DC1-LocalDS_0-008443363/DC1_C0_RP0_VM263/vmware.log: no such file or directory
2021/07/20 00:40:51 open /tmp/govcsim-DC1-LocalDS_0-008443363/DC1_C0_APP0_VM426/vmware.log: no such file or directory
2021/07/20 00:40:51 open /tmp/govcsim-DC1-LocalDS_0-008443363/DC1_H0_VM662/vmware.log: no such file or directory
2021/07/20 00:40:51 open /tmp/govcsim-DC1-LocalDS_0-008443363/DC1_H0_VM1027/vmware.log: no such file or directory
2021/07/20 00:40:51 open /tmp/govcsim-DC1-LocalDS_0-008443363/DC1_C0_RP0_VM1592/vmware.log: no such file or directory
2021/07/20 00:40:51 open /tmp/govcsim-DC1-LocalDS_0-008443363/DC1_H0_VM236/vmware.log: no such file or directory
2021/07/20 00:40:51 open /tmp/govcsim-DC1-LocalDS_0-008443363/DC1_H0_VM88/vmware.log: no such file or directory
2021/07/20 00:40:51 open /tmp/govcsim-DC1-LocalDS_0-008443363/DC1_C0_RP0_VM135/vmware.log: no such file or directory
2021/07/20 00:40:51 open /tmp/govcsim-DC1-LocalDS_0-008443363/DC1_C0_RP0_VM786/vmware.log: no such file or directory
2021/07/20 00:40:51 open /tmp/govcsim-DC1-LocalDS_0-008443363/DC1_C0_RP0_VM1482/vmware.log: no such file or directory
2021/07/20 00:40:51 open /tmp/govcsim-DC1-LocalDS_0-008443363/DC1_H0_VM1186/vmware.log: no such file or directory
2021/07/20 00:40:51 open /tmp/govcsim-DC1-LocalDS_0-008443363/DC1_C0_RP0_VM932/vmware.log: no such file or directory
2021/07/20 00:40:51 open /tmp/govcsim-DC1-LocalDS_0-008443363/DC1_C0_APP0_VM440/vmware.log: no such file or directory
2021/07/20 00:40:51 open /tmp/govcsim-DC1-LocalDS_0-008443363/DC1_C0_RP0_VM408/vmware.log: no such file or directory
2021/07/20 00:40:51 open /tmp/govcsim-DC1-LocalDS_0-008443363/DC1_C0_APP0_VM648/vmware.log: no such file or directory
2021/07/20 00:40:51 open /tmp/govcsim-DC1-LocalDS_0-008443363/DC1_C0_RP0_VM6/vmware.log: no such file or directory
2021/07/20 00:40:51 open /tmp/govcsim-DC1-LocalDS_0-008443363/DC1_H0_VM1450/vmware.log: no such file or directory
2021/07/20 00:40:51 open /tmp/govcsim-DC1-LocalDS_0-008443363/DC1_C0_APP0_VM6/vmware.log: no such file or directory
2021/07/20 00:40:51 open /tmp/govcsim-DC1-LocalDS_0-008443363/DC1_C0_RP0_VM1051/vmware.log: no such file or directory
2021/07/20 00:40:51 open /tmp/govcsim-DC1-LocalDS_0-008443363/DC1_C0_APP0_VM490/vmware.log: no such file or directory
2021/07/20 00:40:51 open /tmp/govcsim-DC1-LocalDS_0-008443363/DC1_H0_VM1080/vmware.log: no such file or directory
2021/07/20 00:40:51 open /tmp/govcsim-DC1-LocalDS_0-008443363/DC1_H0_VM393/vmware.log: no such file or directory
2021/07/20 00:40:51 open /tmp/govcsim-DC1-LocalDS_0-008443363/DC1_C0_APP0_VM215/vmware.log: no such file or directory
2021/07/20 00:40:51 open /tmp/govcsim-DC1-LocalDS_0-008443363/DC1_H0_VM578/vmware.log: no such file or directory
2021/07/20 00:40:51 open /tmp/govcsim-DC1-LocalDS_0-008443363/DC1_H0_VM562/vmware.log: no such file or directory
2021/07/20 00:40:51 open /tmp/govcsim-DC1-LocalDS_0-008443363/DC1_H0_VM834/vmware.log: no such file or directory
2021/07/20 00:40:51 open /tmp/govcsim-DC1-LocalDS_0-008443363/DC1_H0_VM775/vmware.log: no such file or directory
2021/07/20 00:40:51 open /tmp/govcsim-DC1-LocalDS_0-008443363/DC1_C0_RP0_VM441/vmware.log: no such file or directory
2021/07/20 00:40:51 open /tmp/govcsim-DC1-LocalDS_0-008443363/DC1_C0_RP0_VM401/vmware.log: no such file or directory
2021/07/20 00:40:51 open /tmp/govcsim-DC1-LocalDS_0-008443363/DC1_C0_RP0_VM247/vmware.log: no such file or directory
2021/07/20 00:40:51 open /tmp/govcsim-DC1-LocalDS_0-008443363/DC1_H0_VM409/vmware.log: no such file or directory
2021/07/20 00:40:51 open /tmp/govcsim-DC1-LocalDS_0-008443363/DC1_H0_VM1626/vmware.log: no such file or directory
2021/07/20 00:40:51 open /tmp/govcsim-DC1-LocalDS_0-008443363/DC1_H0_VM180/vmware.log: no such file or directory
2021/07/20 00:40:51 open /tmp/govcsim-DC1-LocalDS_0-008443363/DC1_C0_RP0_VM1655/vmware.log: no such file or directory
2021/07/20 00:40:51 open /tmp/govcsim-DC1-LocalDS_0-008443363/DC1_C0_RP0_VM1471/vmware.log: no such file or directory
2021/07/20 00:40:51 open /tmp/govcsim-DC1-LocalDS_0-008443363/DC1_H0_VM375/vmware.log: no such file or directory
2021/07/20 00:40:51 open /tmp/govcsim-DC1-LocalDS_0-008443363/DC1_C0_APP0_VM251/vmware.log: no such file or directory
2021/07/20 00:51:26 open /tmp/govcsim-DC0-LocalDS_0-978980927/DC0_H0_VM713/vmware.log: no such file or directory
2021/07/20 00:51:26 open /tmp/govcsim-DC0-LocalDS_0-978980927/DC0_H0_VM1650/vmware.log: no such file or directory
2021/07/20 00:51:26 open /tmp/govcsim-DC0-LocalDS_0-978980927/DC0_C0_RP0_VM1357/vmware.log: no such file or directory
2021/07/20 00:51:26 open /tmp/govcsim-DC0-LocalDS_0-978980927/DC0_C0_RP0_VM603/vmware.log: no such file or directory
2021/07/20 00:51:26 open /tmp/govcsim-DC0-LocalDS_0-978980927/DC0_H0_VM270/vmware.log: no such file or directory
2021/07/20 00:51:26 open /tmp/govcsim-DC0-LocalDS_0-978980927/DC0_C0_RP0_VM1639/vmware.log: no such file or directory
2021/07/28 10:29:29 POST /rest/com/vmware/cis/tagging/tag-association?~action=list-attached-tags-on-objects: unexpected EOF
