================================================================================
VM Power Status Change Script Started
Timestamp: 2026-04-14 09:23:22
Log file: vm_power_status_change_20260414_092322.log
Action: POWER ON (--action / VM_POWER_ACTION)
Parallel power-on + IP wait: up to 4 VMs at a time (VM_POWER_PARALLEL)
PC base URL: https://10.53.55.238:9440
================================================================================


================================================================================
Processing batch [1/8] - Offset: 0
================================================================================

--- VM [1] ---
INFO: Get vm [auto_pc_69d7dabc3602366fe8b3b3940]
UUID: bae2052d-5253-42da-a673-c3056ba7bb2d
Power State: on

--- VM [2] ---
INFO: Get vm [ferw-041]
UUID: 5e907346-e631-4032-5d87-316b698a787c
Power State: off

--- VM [3] ---
INFO: Get vm [ferw-042]
UUID: 93d71e15-a7fa-4f0e-5fac-800bfc6d04ac
Power State: off

--- VM [4] ---
INFO: Get vm [ferw-043]
UUID: cd3cdeb3-56af-4d36-73d8-c8eceb72e008
Power State: off

--- VM [5] ---
INFO: Get vm [ferw-044]
UUID: eca89944-42e6-4f2d-79ec-5206208e4167
Power State: off

--- VM [6] ---
INFO: Get vm [ferw-045]
UUID: 45ef5d08-d03d-4954-5f1d-ce6cbd2a48fa
Power State: off

--- VM [7] ---
INFO: Get vm [ferw-046]
UUID: 7f07b5c0-fc3e-4719-4441-f347e0efad53
Power State: off

--- VM [8] ---
INFO: Get vm [ferw-047]
UUID: 8490656a-7f1d-492a-5b12-5428aaee4a4a
Power State: off

--- VM [9] ---
INFO: Get vm [ferw-048]
UUID: 99acaa4b-d917-4dd4-464f-573352a25060
Power State: off

--- VM [10] ---
INFO: Get vm [ferw-049]
UUID: ad199eb4-e8c7-4efd-4924-ec9df64820fa
Power State: off

--- VM [11] ---
INFO: Get vm [ferw-050]
UUID: b77e11bb-5f0b-4ddb-6a9a-69ad07dbc1f3
Power State: off

--- VM [12] ---
INFO: Get vm [ferw-051]
UUID: c11e4e80-b2c0-4a00-5720-1166ced782f7
Power State: off

--- VM [13] ---
INFO: Get vm [ferw-052]
UUID: 8928a5d4-b32e-4deb-6444-9dc897c0b0e6
Power State: off

--- VM [14] ---
INFO: Get vm [ferw-053]
UUID: 4efb8360-e343-4d2c-6d5a-545c8cf32f2f
Power State: off

--- VM [15] ---
INFO: Get vm [ferw-054]
UUID: 37ede60b-6312-4412-51a2-6249f21f155f
Power State: off

--- VM [16] ---
INFO: Get vm [ferw-055]
UUID: 6806457f-1936-48e9-5233-24edb598314d
Power State: off

--- VM [17] ---
INFO: Get vm [ferw-056]
UUID: 844aac98-0f29-4097-4c68-aacfcb138e3c
Power State: off

--- VM [18] ---
INFO: Get vm [ferw-057]
UUID: c630889f-ac8d-46dc-46f0-3f5ac17ced80
Power State: off

--- VM [19] ---
INFO: Get vm [ferw-058]
UUID: 852299ba-3cb3-4857-5622-9c5371f4b82c
Power State: off

--- VM [20] ---
INFO: Get vm [ferw-059]
UUID: 945aadd4-1eab-4557-6138-8e969b9d1912
Power State: off

--- VM [21] ---
INFO: Get vm [ferw-060]
UUID: b392ecdb-033b-440c-40fa-c8f6334832de
Power State: off

--- VM [22] ---
INFO: Get vm [ferw-061]
UUID: f31b52f9-0d62-4094-50f8-e5686ca98530
Power State: off

--- VM [23] ---
INFO: Get vm [ferw-062]
UUID: 94b7c099-3ea2-422c-5258-e8537c8fc930
Power State: off

--- VM [24] ---
INFO: Get vm [ferw-063]
UUID: 68eaf5aa-99de-4fca-5322-d48e5edb0cf1
Power State: off

--- VM [25] ---
INFO: Get vm [ferw-064]
UUID: d8d62d19-d1e9-4366-68f6-491b7c5f5a72
Power State: off

--- VM [26] ---
INFO: Get vm [ferw-065]
UUID: 565b259a-c044-473d-6e22-54f1827a5bb8
Power State: off

--- VM [27] ---
INFO: Get vm [ferw-066]
UUID: 2d10e550-9962-4f63-706c-20694364bf26
Power State: off

--- VM [28] ---
INFO: Get vm [ferw-067]
UUID: 3accb44f-3ec8-4a84-712f-e0f1ffae3490
Power State: off

--- VM [29] ---
INFO: Get vm [ferw-068]
UUID: a62c8e0f-4a59-4c6b-62eb-31e9437dfeaa
Power State: off

--- VM [30] ---
INFO: Get vm [ferw-069]
UUID: e38a02dd-4185-4ebf-79bb-cdf25ad3ac4f
Power State: off

--- VM [31] ---
INFO: Get vm [ferw-070]
UUID: 6cca555e-8bad-44ed-4561-dfa8f81101ac
Power State: off

--- VM [32] ---
INFO: Get vm [ferw-071]
UUID: a16b0082-9dc0-458f-58e3-e9589b73e3ac
Power State: off

--- VM [33] ---
INFO: Get vm [ferw-072]
UUID: f11dcdaa-9fc2-43ad-5db2-eef6588cae76
Power State: off

--- VM [34] ---
INFO: Get vm [ferw-073]
UUID: 96973275-c02a-4f5e-50d0-df8d841caaac
Power State: off

--- VM [35] ---
INFO: Get vm [ferw-074]
UUID: d492c702-d83d-4354-7c53-fd907677a5e8
Power State: off

--- VM [36] ---
INFO: Get vm [ferw-075]
UUID: 53a9864f-ca0b-463b-628b-6ff712773a8b
Power State: off

--- VM [37] ---
INFO: Get vm [ferw-076]
UUID: 65828d90-c597-45da-480a-9b7623f95d95
Power State: off

--- VM [38] ---
INFO: Get vm [ferw-077]
UUID: 5153e39a-0d22-4d9a-70d0-c6fd16cc19bb
Power State: off

--- VM [39] ---
INFO: Get vm [ferw-078]
UUID: b708ad5d-a4e2-4ceb-43e3-30110f9c1cba
Power State: off

--- VM [40] ---
INFO: Get vm [ferw-079]
UUID: 4f172d52-e241-460e-4463-b69e1f758d38
Power State: off

--- VM [41] ---
INFO: Get vm [ferw-080]
UUID: cdb88b6f-e3aa-44e4-4445-9b7e684bcdf7
Power State: off

--- VM [42] ---
INFO: Get vm [ferw-081]
UUID: 136377ff-a5ff-4724-5b87-6a3ab5b05a6a
Power State: off

--- VM [43] ---
INFO: Get vm [ferw-082]
UUID: fe4cae5b-cc91-446b-6b03-0a61204e405d
Power State: off

--- VM [44] ---
INFO: Get vm [ferw-083]
UUID: 561ed671-60c7-41f1-49d1-59c4f9d45186
Power State: off

--- VM [45] ---
INFO: Get vm [ferw-084]
UUID: b070fc07-4c3e-4468-762e-bd95136234ab
Power State: off

--- VM [46] ---
INFO: Get vm [ferw-085]
UUID: 128c7d1c-0a6e-43a8-4a93-53b51ac64426
Power State: off

--- VM [47] ---
INFO: Get vm [ferw-086]
UUID: caa33d6a-6da2-44cc-52ad-38aaae2dd37b
Power State: off

--- VM [48] ---
INFO: Get vm [ferw-087]
UUID: 2bd783c2-fdfe-4e86-4197-f0bc0a932ebb
Power State: off

--- VM [49] ---
INFO: Get vm [ferw-088]
UUID: 0982e6b2-d558-41e2-4cc8-a58e5bb76795
Power State: off

--- VM [50] ---
INFO: Get vm [ferw-089]
UUID: 44a53f93-b9b3-454f-469b-0add0d340e8c
Power State: off

--- VM [51] ---
INFO: Get vm [ferw-090]
UUID: 62373378-e332-4b2e-4337-9dac50357409
Power State: off

--- VM [52] ---
INFO: Get vm [ferw-091]
UUID: e74258cc-ea4a-472f-5ba6-dce93b073f30
Power State: off

--- VM [53] ---
INFO: Get vm [ferw-092]
UUID: d78d96cf-45a6-4276-6d5d-cf521b13d931
Power State: off

--- VM [54] ---
INFO: Get vm [ferw-093]
UUID: e1277546-19ff-4154-5dd0-60ab751066c3
Power State: off

--- VM [55] ---
INFO: Get vm [ferw-094]
UUID: f0cad2c2-1950-4a3c-5cb3-665b288382cc
Power State: off

--- VM [56] ---
INFO: Get vm [ferw-095]
UUID: d3a63e14-8e20-468b-5600-e295d8cd250c
Power State: off

--- VM [57] ---
INFO: Get vm [ferw-096]
UUID: 2eda7dfc-2d22-4f72-60d6-cb02a0b49dda
Power State: off

--- VM [58] ---
INFO: Get vm [ferw-097]
UUID: 8274f01a-efc6-49f4-7aaa-8079c1d852a5
Power State: off

--- VM [59] ---
INFO: Get vm [ferw-098]
UUID: 4404a9d6-1ccf-4e44-44c8-4d919f9f5f03
Power State: off

--- VM [60] ---
INFO: Get vm [ferw-099]
UUID: 2eae714a-a368-4df1-4170-54ca9c60b3f4
Power State: off

--- VM [61] ---
INFO: Get vm [ferw-100]
UUID: 78303a55-a7d9-469a-7bf5-c5525c546c53
Power State: off

--- VM [62] ---
INFO: Get vm [ferw-101]
UUID: 3a6b802d-e78d-474e-6718-fc77dec40456
Power State: off

--- VM [63] ---
INFO: Get vm [ferw-102]
UUID: 49399fd2-176e-4709-7f9f-6befbdbcac0e
Power State: off

--- VM [64] ---
INFO: Get vm [ferw-103]
UUID: 93ab1cdf-1b52-4dd9-53f9-31cdaa240b1d
Power State: off

--- VM [65] ---
INFO: Get vm [ferw-104]
UUID: 742fdfbe-5602-4120-61b0-3630359e2dd4
Power State: off

--- VM [66] ---
INFO: Get vm [ferw-105]
UUID: 97639613-b015-4029-7948-14c5b86ca5c4
Power State: off

--- VM [67] ---
INFO: Get vm [ferw-106]
UUID: be6eb4a4-6477-4b04-6ced-6db4ecc476c9
Power State: off

--- VM [68] ---
INFO: Get vm [ferw-107]
UUID: 3943acff-93ec-400c-5b2d-7fb58893e670
Power State: off

--- VM [69] ---
INFO: Get vm [ferw-108]
UUID: 83aa3da3-364e-43da-679c-009639a14490
Power State: off

--- VM [70] ---
INFO: Get vm [ferw-109]
UUID: 9572c5d9-439a-4df3-5d7a-d2e203fbbede
Power State: off

--- VM [71] ---
INFO: Get vm [ferw-110]
UUID: 1625f93a-a56e-44cb-7a18-ceed8b8e07e6
Power State: off

--- VM [72] ---
INFO: Get vm [ferw-111]
UUID: 6446f3ee-fba1-4420-74b3-99041d32590c
Power State: off

--- VM [73] ---
INFO: Get vm [ferw-112]
UUID: 1bf6133a-f0d9-4e43-7518-f5ab8d669dc8
Power State: off

--- VM [74] ---
INFO: Get vm [ferw-113]
UUID: bdc79892-5023-4f6e-4eee-1ab3ec463315
Power State: off

--- VM [75] ---
INFO: Get vm [ferw-114]
UUID: 6fd08ccf-a824-419c-6017-bf41f8064bf2
Power State: off

--- VM [76] ---
INFO: Get vm [ferw-115]
UUID: 9ed64080-aa7b-4a65-5a43-053e02ff0afb
Power State: off

--- VM [77] ---
INFO: Get vm [ferw-116]
UUID: 24e2c244-02b5-4d6e-66d1-971f7a6c9bcf
Power State: off

--- VM [78] ---
INFO: Get vm [ferw-117]
UUID: 60423300-4277-4c4e-5be7-c216e18cb88d
Power State: off

--- VM [79] ---
INFO: Get vm [ferw-118]
UUID: 535f6995-633c-4b0a-4f05-abb3a262fd98
Power State: off

--- VM [80] ---
INFO: Get vm [ferw-119]
UUID: d7c51d63-6c5f-4c6d-46b4-5eb74122e041
Power State: off

--- VM [81] ---
INFO: Get vm [ferw-120]
UUID: 8964b409-5367-49e8-5e94-c4e9889729bf
Power State: off

--- VM [82] ---
INFO: Get vm [ferw-121]
UUID: 9964ea5f-752c-43ff-46ea-561a03ed0437
Power State: off

--- VM [83] ---
INFO: Get vm [ferw-122]
UUID: ab38dc8c-ed91-4355-7e70-a4bac123afc6
Power State: off

--- VM [84] ---
INFO: Get vm [ferw-123]
UUID: c8615ab2-55c3-4d00-7f76-720002706957
Power State: off

--- VM [85] ---
INFO: Get vm [ferw-124]
UUID: b8e64111-94b7-408d-56ce-85f02d68dcb2
Power State: off

--- VM [86] ---
INFO: Get vm [ferw-125]
UUID: 493ecdb2-ba08-4058-6917-fd8a62169174
Power State: off

--- VM [87] ---
INFO: Get vm [ferw-126]
UUID: 0f3ed6bd-3e7e-4a05-419c-093612ac6365
Power State: off

--- VM [88] ---
INFO: Get vm [ferw-127]
UUID: 70be05ae-8788-44d3-467a-2c96fb39a74e
Power State: off

--- VM [89] ---
INFO: Get vm [ferw-128]
UUID: 5b051890-b4ec-4d2e-567f-e8b2b4c8a6c5
Power State: off

--- VM [90] ---
INFO: Get vm [ferw-129]
UUID: 2897072e-2e44-4096-5c88-de072bc37e49
Power State: off

--- VM [91] ---
INFO: Get vm [ferw-130]
UUID: 6ce5d483-5073-4b7d-7d39-5f3815bf01b7
Power State: off

--- VM [92] ---
INFO: Get vm [ferw-131]
UUID: af5fdd68-c3c8-44b9-778e-8340c0acf3fe
Power State: off

--- VM [93] ---
INFO: Get vm [ferw-132]
UUID: be1b8959-4af5-4639-5f6c-df015112c5ef
Power State: off

--- VM [94] ---
INFO: Get vm [ferw-133]
UUID: f2135508-fd95-4ab7-5a50-f8275f8bb544
Power State: off

--- VM [95] ---
INFO: Get vm [ferw-134]
UUID: d2534e23-e9a4-4b04-4a2e-d48e07359614
Power State: off

--- VM [96] ---
INFO: Get vm [ferw-135]
UUID: 419a628d-3244-419f-6521-8ca92309969d
Power State: off

--- VM [97] ---
INFO: Get vm [ferw-136]
UUID: 68df0ac6-9a56-456e-7450-5227ad02381b
Power State: off

--- VM [98] ---
INFO: Get vm [ferw-137]
UUID: 9cf71ab9-f995-45ce-6ed0-81114766e078
Power State: off

--- VM [99] ---
INFO: Get vm [ferw-138]
UUID: 3c15acbd-c7c7-4222-4e33-14a7c0891f78
Power State: off

--- VM [100] ---
INFO: Get vm [ferw-139]
UUID: defac94d-bbba-4c7e-6b4a-1771d8c3df49
Power State: off

--- VM [101] ---
INFO: Get vm [ferw-140]
UUID: 78655f18-04f8-4982-6ad6-7a800549090c
Power State: off

--- VM [102] ---
INFO: Get vm [ferw-141]
UUID: fd8c25e5-ba2a-4a5a-7761-5e69f14bdb2a
Power State: off

--- VM [103] ---
INFO: Get vm [ferw-142]
UUID: b6d37a48-e5e2-4d7f-41c8-1e529e410965
Power State: off

--- VM [104] ---
INFO: Get vm [ferw-143]
UUID: 18d6ed02-5211-470f-4e22-dcef12642d44
Power State: off

--- VM [105] ---
INFO: Get vm [ferw-144]
UUID: 7450fe43-48da-4524-6445-bdcda4fcafb9
Power State: off

--- VM [106] ---
INFO: Get vm [ferw-145]
UUID: b65656fc-cf47-472f-61b6-419a2575fdad
Power State: off

--- VM [107] ---
INFO: Get vm [ferw-146]
UUID: c6cddc9b-326c-4215-59bd-52b3927647ec
Power State: off

--- VM [108] ---
INFO: Get vm [ferw-147]
UUID: d63ea09c-8f54-4da8-5ded-01ec25ea3f47
Power State: off

--- VM [109] ---
INFO: Get vm [ferw-148]
UUID: 4e2ec35b-ab89-403f-43cf-b9375960a83d
Power State: off

--- VM [110] ---
INFO: Get vm [ferw-149]
UUID: 4151beec-3e7a-40f7-4e16-1d1cfedaad62
Power State: off

--- VM [111] ---
INFO: Get vm [ferw-150]
UUID: 1e9580d6-61ff-4389-51a0-61c9c65eefc1
Power State: off

--- VM [112] ---
INFO: Get vm [ferw-151]
UUID: 4866dc21-8d2a-4409-613b-fda1a4af5212
Power State: off

--- VM [113] ---
INFO: Get vm [ferw-152]
UUID: 957ab596-831c-41de-4456-f58e3b1f24b8
Power State: off

--- VM [114] ---
INFO: Get vm [ferw-153]
UUID: d59217bf-03b9-47c5-7ebd-d4f674daf4ec
Power State: off

--- VM [115] ---
INFO: Get vm [ferw-154]
UUID: bdba5b5a-e0b0-4da0-689b-37bea59ad9a9
Power State: off

--- VM [116] ---
INFO: Get vm [ferw-155]
UUID: 8ba1f6f5-1aeb-4b03-65c7-5f06dcd3f7a9
Power State: off

--- VM [117] ---
INFO: Get vm [ferw-156]
UUID: f47bbc3c-f0a1-4737-6d9e-cc03c2c2c67f
Power State: off

--- VM [118] ---
INFO: Get vm [ferw-157]
UUID: b36b68ba-53f9-4989-67f6-4ce7f9cf1922
Power State: off

--- VM [119] ---
INFO: Get vm [ferw-158]
UUID: 0695914b-ea4a-4c46-6515-3a97c5f06929
Power State: off

--- VM [120] ---
INFO: Get vm [ferw-159]
UUID: c668807d-28a0-48e4-5a87-e9eed67a981f
Power State: off

--- VM [121] ---
INFO: Get vm [ferw-160]
UUID: 3ca42ccc-8aa9-4c2a-4b1e-51b85e9a6346
Power State: off

--- VM [122] ---
INFO: Get vm [ferw-161]
UUID: 2025cbff-73c0-4a95-5579-6183084860ae
Power State: off

--- VM [123] ---
INFO: Get vm [ferw-162]
UUID: c3f27dc3-d165-44d5-4c9a-1ad8a21e1296
Power State: off

--- VM [124] ---
INFO: Get vm [ferw-163]
UUID: a7e7d5b0-f6e6-4e02-5f4a-868a804f70f8
Power State: off

--- VM [125] ---
INFO: Get vm [ferw-164]
UUID: a644dacf-c05e-4952-74cf-ef2dd47bca63
Power State: off

--- VM [126] ---
INFO: Get vm [ferw-165]
UUID: 0dd9b36d-3d74-4953-722f-e4ca19d8f173
Power State: off

--- VM [127] ---
INFO: Get vm [ferw-166]
UUID: 474e27f5-fd0a-427e-46b4-5a04ae1a6541
Power State: off

--- VM [128] ---
INFO: Get vm [ferw-167]
UUID: b7d22c55-d9a7-4aab-7a29-cf11fd2393e6
Power State: off

--- VM [129] ---
INFO: Get vm [ferw-168]
UUID: 2dd09af4-c07a-4dcc-64b2-4664fd8e5635
Power State: off

--- VM [130] ---
INFO: Get vm [ferw-169]
UUID: ba8b763a-759d-42e6-79a5-1e78a3d222c5
Power State: off

--- VM [131] ---
INFO: Get vm [ferw-170]
UUID: 3f99dc8b-a38f-4728-48b6-33ea61307295
Power State: off

--- VM [132] ---
INFO: Get vm [ferw-171]
UUID: 521badc9-9f6f-475d-732f-8041d594a130
Power State: off

--- VM [133] ---
INFO: Get vm [ferw-172]
UUID: 5a493ed7-9e1c-49c6-7c6a-77afaa9065dc
Power State: off

--- VM [134] ---
INFO: Get vm [ferw-173]
UUID: 3093dcbc-6c41-4285-7a95-be393afbf3cb
Power State: off

--- VM [135] ---
INFO: Get vm [ferw-174]
UUID: 85e77983-d57a-45e4-46f6-0b02e6c1c274
Power State: off

--- VM [136] ---
INFO: Get vm [ferw-175]
UUID: 7ce54f5a-64c6-4fd5-7210-9c13d9178937
Power State: off

--- VM [137] ---
INFO: Get vm [ferw-176]
UUID: 35e6c4e2-def1-474a-4668-aec6e7826b43
Power State: off

--- VM [138] ---
INFO: Get vm [ferw-177]
UUID: 6a817b18-1966-4e38-4672-598caa06b868
Power State: off

--- VM [139] ---
INFO: Get vm [ferw-178]
UUID: 55b9b5be-3f76-431f-5da0-bf16b5811098
Power State: off

--- VM [140] ---
INFO: Get vm [ferw-179]
UUID: afca5ac6-56a1-4d41-7a64-3eed72975f69
Power State: off

--- VM [141] ---
INFO: Get vm [ferw-180]
UUID: b9066e43-c644-42ae-7849-85b8c70ba535
Power State: off

--- VM [142] ---
INFO: Get vm [ferw-181]
UUID: ee8521d8-8344-47c8-574f-1a8f3a7a6e9b
Power State: off

--- VM [143] ---
INFO: Get vm [ferw-182]
UUID: 02cf17ef-0963-47f5-524c-cfec6ed7b461
Power State: off

--- VM [144] ---
INFO: Get vm [ferw-183]
UUID: d4b0c17f-db16-4ab7-57b8-2708c142cb08
Power State: off

--- VM [145] ---
INFO: Get vm [ferw-184]
UUID: 5064d0cf-6bd6-4180-7ebb-ed2f719154f7
Power State: off

--- VM [146] ---
INFO: Get vm [ferw-185]
UUID: 6b98e596-bc85-41c2-6d18-5399380fc2d3
Power State: off

--- VM [147] ---
INFO: Get vm [ferw-186]
UUID: 9f8d8cc6-f2fc-4f3b-409c-6d796a701f1e
Power State: off

--- VM [148] ---
INFO: Get vm [ferw-187]
UUID: 1a63321b-b02c-44d9-555d-832b8e269356
Power State: off

--- VM [149] ---
INFO: Get vm [ferw-188]
UUID: d35e3e99-c0cd-4e2b-73b4-2adee8558bf4
Power State: off

--- VM [150] ---
INFO: Get vm [ferw-189]
UUID: eb720998-edf1-4a7f-5517-703b6045f72b
Power State: off

--- VM [151] ---
INFO: Get vm [ferw-190]
UUID: 45dd0aab-5618-4aa3-6705-4b59853dac92
Power State: off

--- VM [152] ---
INFO: Get vm [ferw-191]
UUID: 4a6b886c-5c6a-40fd-445a-ec975fca2519
Power State: off

--- VM [153] ---
INFO: Get vm [ferw-192]
UUID: a7526e10-4989-4ad5-7896-ca3d6e975270
Power State: off

--- VM [154] ---
INFO: Get vm [ferw-193]
UUID: aa996cb3-1fb8-469d-70ac-e4301a09813f
Power State: off

--- VM [155] ---
INFO: Get vm [ferw-194]
UUID: 0787402e-d78c-4da7-5f4c-8d8259b83be7
Power State: off

--- VM [156] ---
INFO: Get vm [ferw-195]
UUID: 22da1f87-3ba2-4984-7586-1fd6d9e48e84
Power State: off

--- VM [157] ---
INFO: Get vm [ferw-196]
UUID: 08024734-21b8-455f-7827-5eb5f680a515
Power State: off

--- VM [158] ---
INFO: Get vm [ferw-197]
UUID: a99a9a43-242c-4fa1-5f4d-da13d339833c
Power State: off

--- VM [159] ---
INFO: Get vm [ferw-198]
UUID: 8373e82f-9023-4bca-609e-413792c7a5fb
Power State: off

--- VM [160] ---
INFO: Get vm [ferw-199]
UUID: dce1652c-a099-403b-539d-b8bddf681e42
Power State: off

--- VM [161] ---
INFO: Get vm [ferw-200]
UUID: cfd88c50-1b6d-4b99-5fd3-1697ebf22c00
Power State: off

--- VM [162] ---
INFO: Get vm [ferw-201]
UUID: f8b11baa-367f-4bb8-4a4c-4e7a3bf605fa
Power State: off

--- VM [163] ---
INFO: Get vm [ferw-202]
UUID: b8978102-6e77-4ed1-4c84-75982ac27817
Power State: off

--- VM [164] ---
INFO: Get vm [ferw-203]
UUID: eacf78c7-0214-442e-43f9-b7312e3642d0
Power State: off

--- VM [165] ---
INFO: Get vm [ferw-204]
UUID: 4b7cbb34-b6b0-4f3a-40fe-3320585f3c0b
Power State: off

--- VM [166] ---
INFO: Get vm [ferw-205]
UUID: c7e65251-6812-4a93-405f-36d6d18ef1a2
Power State: off

--- VM [167] ---
INFO: Get vm [ferw-206]
UUID: d02f339d-38c4-4c02-4e9f-590d3a6f306d
Power State: off

--- VM [168] ---
INFO: Get vm [ferw-207]
UUID: 9cd1f4db-4007-47f7-6137-f0bd885a4e67
Power State: off

--- VM [169] ---
INFO: Get vm [ferw-208]
UUID: 07a67645-65b7-4acd-5d87-213f300237fa
Power State: off

--- VM [170] ---
INFO: Get vm [ferw-209]
UUID: 1a299898-3c06-4509-451b-8b1dcd69cf4a
Power State: off

--- VM [171] ---
INFO: Get vm [ferw-210]
UUID: eb43cdb6-04ca-4326-469a-12ff49fa16f3
Power State: off

--- VM [172] ---
INFO: Get vm [ferw-211]
UUID: cdd0282e-eaba-4c19-496f-90a5f835fd3b
Power State: off

--- VM [173] ---
INFO: Get vm [ferw-212]
UUID: 89e5ef5d-daa7-4b1d-6423-49ab810cd0f3
Power State: off

--- VM [174] ---
INFO: Get vm [ferw-213]
UUID: 188691f8-ecfc-41d3-7c6a-9d13ba60836d
Power State: off

--- VM [175] ---
INFO: Get vm [ferw-214]
UUID: fe1b63fa-c0d4-47e9-743a-36c3384c0c49
Power State: off

--- VM [176] ---
INFO: Get vm [ferw-215]
UUID: 71b95eed-2bef-4021-5b16-6b866b76d9fe
Power State: off

--- VM [177] ---
INFO: Get vm [ferw-216]
UUID: 16dcbde3-86ec-470b-4b42-9134778b4412
Power State: off

--- VM [178] ---
INFO: Get vm [ferw-217]
UUID: 7f633c45-624e-415e-4936-ae08aaf1e785
Power State: off

--- VM [179] ---
INFO: Get vm [ferw-218]
UUID: 057ecf73-e447-4010-65a5-cb03e1207183
Power State: off

--- VM [180] ---
INFO: Get vm [ferw-219]
UUID: bab2a0b6-488d-4003-695a-253bc7f7df6a
Power State: off

--- VM [181] ---
INFO: Get vm [ferw-220]
UUID: 353ee371-aaae-4580-5b50-71db0e374fce
Power State: off

--- VM [182] ---
INFO: Get vm [ferw-221]
UUID: d1767abc-5d71-41ef-4034-b4e9445080c4
Power State: off

--- VM [183] ---
INFO: Get vm [ferw-222]
UUID: 490cf54c-4950-4e5a-53de-f0febd5c119b
Power State: off

--- VM [184] ---
INFO: Get vm [ferw-223]
UUID: cea3f87d-bc1b-432d-582a-e1f0c9e3ecc9
Power State: off

--- VM [185] ---
INFO: Get vm [ferw-224]
UUID: ae5818f8-a442-4248-7b88-3c9ab407519d
Power State: off

--- VM [186] ---
INFO: Get vm [ferw-225]
UUID: 0f5889a2-5c4d-4991-65dd-0595e6c9c3e6
Power State: off

--- VM [187] ---
INFO: Get vm [ferw-226]
UUID: bc034e82-b269-4b83-637c-b6a39c0437b4
Power State: off

--- VM [188] ---
INFO: Get vm [ferw-227]
UUID: 1a1c6cc4-8622-45a7-731d-d82ef91842a8
Power State: off

--- VM [189] ---
INFO: Get vm [ferw-228]
UUID: 9634d8c2-03ef-4b04-6c9b-8babe688c7a4
Power State: off

--- VM [190] ---
INFO: Get vm [ferw-229]
UUID: 24c0700f-25ee-43b9-5513-6cf279213ea4
Power State: off

--- VM [191] ---
INFO: Get vm [ferw-230]
UUID: 1d5b1e7b-175d-4cfb-517d-8b8c6d726652
Power State: off

--- VM [192] ---
INFO: Get vm [ferw-231]
UUID: c9ece0cb-dec9-452d-67da-d00f0bda3037
Power State: off

--- VM [193] ---
INFO: Get vm [ferw-232]
UUID: 19697f40-77a9-48ec-732c-3e2309487373
Power State: off

--- VM [194] ---
INFO: Get vm [ferw-233]
UUID: 1603bc5a-0b9d-4be0-72b2-3200ffe51b3f
Power State: off

--- VM [195] ---
INFO: Get vm [ferw-234]
UUID: aec0d5ef-17bb-4f0b-7c9c-23036ad38d4b
Power State: off

--- VM [196] ---
INFO: Get vm [ferw-235]
UUID: 4d57b17e-0c21-4427-6d30-db9e0cbc3f78
Power State: off

--- VM [197] ---
INFO: Get vm [ferw-236]
UUID: 1713c87c-5af6-4c04-7ec2-aa6704744375
Power State: off

--- VM [198] ---
INFO: Get vm [ferw-237]
UUID: 87a52e40-34b5-475d-5844-3fba7dd52df5
Power State: off

--- VM [199] ---
INFO: Get vm [ferw-238]
UUID: b76b9c44-6060-4931-7265-291b438464f3
Power State: off

--- VM [200] ---
INFO: Get vm [ferw-239]
UUID: 5b3dc222-c723-4283-75b3-fee7253f2a49
Power State: off

--- VM [201] ---
INFO: Get vm [ferw-240]
UUID: 380a5bf5-6ef2-49c2-6365-8445ad30a8a8
Power State: off

--- VM [202] ---
INFO: Get vm [ferw-241]
UUID: 6510d61e-893d-402f-7d2a-00a827ba1358
Power State: off

--- VM [203] ---
INFO: Get vm [ferw-242]
UUID: bc5dc3fd-9918-4fae-5797-3b40b394eee7
Power State: off

--- VM [204] ---
INFO: Get vm [ferw-243]
UUID: 43b65675-0d86-41d6-49e5-49333d28f2af
Power State: off

--- VM [205] ---
INFO: Get vm [ferw-244]
UUID: e59e6a07-ba94-45e5-71ee-619ced6ef387
Power State: off

--- VM [206] ---
INFO: Get vm [ferw-245]
UUID: 157afb7f-6884-4194-7080-c62d38f17d6f
Power State: off

--- VM [207] ---
INFO: Get vm [ferw-246]
UUID: ebcafc37-3394-4e60-50fd-2772ad1edf58
Power State: off

--- VM [208] ---
INFO: Get vm [ferw-247]
UUID: b3c5a861-f3a6-47d7-4f38-7f3c6355bc54
Power State: off

--- VM [209] ---
INFO: Get vm [ferw-248]
UUID: 4f273eb9-b0f8-43d3-469b-b62a3d3a78bd
Power State: off

--- VM [210] ---
INFO: Get vm [ferw-249]
UUID: 984d8f2b-3780-41fe-7cff-2a3159012bbc
Power State: off

--- VM [211] ---
INFO: Get vm [ferw-250]
UUID: b2268aa0-ca42-4fd6-5f17-168b90c17ce6
Power State: off

--- VM [212] ---
INFO: Get vm [ferw-251]
UUID: 22e053f5-a9d0-4dd7-7d92-98c82e05dbd0
Power State: off

--- VM [213] ---
INFO: Get vm [ferw-252]
UUID: 7c24332b-19f8-4595-612e-ea52d3ec30f9
Power State: off

--- VM [214] ---
INFO: Get vm [ferw-253]
UUID: 228c15fe-8d78-415a-5090-72d163144946
Power State: off

--- VM [215] ---
INFO: Get vm [ferw-254]
UUID: afa981fb-ba9a-4eaa-5a23-f56c49fe1c9c
Power State: off

--- VM [216] ---
INFO: Get vm [ferw-255]
UUID: 78d35e3a-7c93-48a7-6a09-9093e7ada49f
Power State: off

--- VM [217] ---
INFO: Get vm [ferw-256]
UUID: e1497b61-f356-478b-6a09-cc3667b0dc6c
Power State: off

--- VM [218] ---
INFO: Get vm [ferw-257]
UUID: 3a082f1b-cbd3-48ac-727b-7b98080c5936
Power State: off

--- VM [219] ---
INFO: Get vm [ferw-258]
UUID: e337bfe0-f7bb-4abf-68ce-9fe9dd0be21d
Power State: off

--- VM [220] ---
INFO: Get vm [ferw-259]
UUID: 1fc8eaef-35e4-4524-6f28-b1b779b5d634
Power State: off

--- VM [221] ---
INFO: Get vm [ferw-260]
UUID: 4d1449ee-51f5-4567-4dbd-d9360b94e42d
Power State: off

--- VM [222] ---
INFO: Get vm [ferw-261]
UUID: 0a6f3455-94ad-4b5f-5f0c-46a344241421
Power State: off

--- VM [223] ---
INFO: Get vm [ferw-262]
UUID: 31cc5082-4dae-4104-5206-d4b4a13c6d44
Power State: off

--- VM [224] ---
INFO: Get vm [ferw-263]
UUID: 7e1fd23e-6474-4cc5-63a4-5c92b7df1715
Power State: off

--- VM [225] ---
INFO: Get vm [ferw-264]
UUID: dc8476cd-8041-47c8-4b5d-56a546f66f92
Power State: off

--- VM [226] ---
INFO: Get vm [ferw-265]
UUID: 0fc5c874-853d-421e-671a-620a0183694d
Power State: off

--- VM [227] ---
INFO: Get vm [ferw-266]
UUID: b040bf70-f147-4ae0-51a8-6b5de2f29d48
Power State: off

--- VM [228] ---
INFO: Get vm [ferw-267]
UUID: 49887389-99ac-47b0-5e32-f281d4dd2874
Power State: off

--- VM [229] ---
INFO: Get vm [ferw-268]
UUID: 898b6e8b-0744-4936-5f08-c3f90ddc584f
Power State: off

--- VM [230] ---
INFO: Get vm [ferw-269]
UUID: 595b296e-4e7c-49b1-66d0-92f0fb936c57
Power State: off

--- VM [231] ---
INFO: Get vm [ferw-270]
UUID: 05ff5883-177b-498a-40a7-5d4934800a5b
Power State: off

--- VM [232] ---
INFO: Get vm [ferw-271]
UUID: d2a2b713-891e-4064-6487-384a52569766
Power State: off

--- VM [233] ---
INFO: Get vm [ferw-272]
UUID: 7f7b5a34-874f-4786-68f8-08b75ea467c8
Power State: off

--- VM [234] ---
INFO: Get vm [ferw-273]
UUID: 54430465-1d63-4d67-7200-08dc958c778f
Power State: off

--- VM [235] ---
INFO: Get vm [ferw-274]
UUID: 0179a271-0e8e-4d0d-598f-ba0c89116564
Power State: off

--- VM [236] ---
INFO: Get vm [ferw-275]
UUID: c8aed7e1-cdae-4db6-6eee-196bfd06352f
Power State: off

--- VM [237] ---
INFO: Get vm [ferw-276]
UUID: 035ae1da-7ac3-49cd-5330-002c75ec5324
Power State: off

--- VM [238] ---
INFO: Get vm [ferw-277]
UUID: 8955adb9-c7a0-4dd4-7422-077ce95218d5
Power State: off

--- VM [239] ---
INFO: Get vm [ferw-278]
UUID: 06fc017f-d1ce-49b1-7cfe-9301bf708aa7
Power State: off

--- VM [240] ---
INFO: Get vm [ferw-279]
UUID: e4252d45-c459-4b96-4f90-9b1d4292bf25
Power State: off

--- VM [241] ---
INFO: Get vm [ferw-280]
UUID: e469e5e6-fa30-43d5-5e15-b85c740ab7f3
Power State: off

--- VM [242] ---
INFO: Get vm [ferw-281]
UUID: 13e2106e-5b90-458b-596b-04c485c77836
Power State: off

--- VM [243] ---
INFO: Get vm [ferw-282]
UUID: a3ca92f0-24c2-4dd4-434c-7d8535fdd6af
Power State: off

--- VM [244] ---
INFO: Get vm [ferw-283]
UUID: ede4e2bb-8f52-419b-65be-99d6167058f5
Power State: off

--- VM [245] ---
INFO: Get vm [ferw-284]
UUID: 0565de19-2b82-474d-5773-7e94e386b34b
Power State: off

--- VM [246] ---
INFO: Get vm [ferw-285]
UUID: c44a706a-c4f0-48d5-6a03-cf059a6ab124
Power State: off

--- VM [247] ---
INFO: Get vm [ferw-286]
UUID: bc9f8b4c-b252-4356-55ef-6c06846532e6
Power State: off

--- VM [248] ---
INFO: Get vm [ferw-287]
UUID: 265d022c-96a9-4b06-5878-4163635ca631
Power State: off

--- VM [249] ---
INFO: Get vm [ferw-288]
UUID: 56fd2a98-a895-4c84-5306-a6ee514709b4
Power State: off

--- VM [250] ---
INFO: Get vm [ferw-289]
UUID: edf7731e-2723-44fd-6a98-bad446e630d7
Power State: off

--- VM [251] ---
INFO: Get vm [ferw-290]
UUID: 8542baaa-fa5e-470a-6a66-41f2178ecdd7
Power State: off

--- VM [252] ---
INFO: Get vm [ferw-291]
UUID: 7cb4c589-c53c-48c3-7759-6cb9f7ec6e3b
Power State: off

--- VM [253] ---
INFO: Get vm [ferw-292]
UUID: 8d2bfbeb-3867-4dbd-5b55-2ea9f8528311
Power State: off

--- VM [254] ---
INFO: Get vm [ferw-293]
UUID: c466e052-effc-4067-6623-21fd0c07369f
Power State: off

--- VM [255] ---
INFO: Get vm [ferw-294]
UUID: c175ec58-5bb0-40ff-438c-11f105f66a29
Power State: off

--- VM [256] ---
INFO: Get vm [ferw-295]
UUID: 749783cf-8648-4a57-764d-4fd186e78edf
Power State: off

--- VM [257] ---
INFO: Get vm [ferw-296]
UUID: cd8f8644-cd48-464c-7327-4b093fcb5071
Power State: off

--- VM [258] ---
INFO: Get vm [ferw-297]
UUID: 50c8c610-687c-4d25-452f-17bdc718885d
Power State: off

--- VM [259] ---
INFO: Get vm [ferw-298]
UUID: 00ef35f4-319d-403e-59be-82efb157f4d6
Power State: off

--- VM [260] ---
INFO: Get vm [ferw-299]
UUID: 667c29a2-c5cc-45bc-7ed2-68fcf5779180
Power State: off

--- VM [261] ---
INFO: Get vm [ferw-300]
UUID: 219a169a-0960-4e78-56e7-12ebae8a2dc5
Power State: off

--- VM [262] ---
INFO: Get vm [ferw-301]
UUID: 0991eeae-5363-43c4-72c8-c56ed005b5bf
Power State: off

--- VM [263] ---
INFO: Get vm [ferw-302]
UUID: 090d1fd4-a6c7-4561-6359-83ab25e8ee40
Power State: off

--- VM [264] ---
INFO: Get vm [ferw-303]
UUID: 35e42986-1eb3-4bba-5b46-3bb2cf22d0ec
Power State: off

--- VM [265] ---
INFO: Get vm [ferw-304]
UUID: 4f63af69-ae99-4ee8-6139-53748fd0e161
Power State: off

--- VM [266] ---
INFO: Get vm [ferw-305]
UUID: 68d02ea7-4524-4aa0-4745-502840b07076
Power State: off

--- VM [267] ---
INFO: Get vm [ferw-306]
UUID: 1c09aa91-e502-4944-4d94-9fa845db4f0f
Power State: off

--- VM [268] ---
INFO: Get vm [ferw-307]
UUID: 574c7c9d-4068-42bb-4c4d-46c3275140ea
Power State: off

--- VM [269] ---
INFO: Get vm [ferw-308]
UUID: f0237817-5de5-4077-71e9-fc4a97e86581
Power State: off

--- VM [270] ---
INFO: Get vm [ferw-309]
UUID: a1cfc7d0-e643-471e-4c4f-0e2552279aba
Power State: off

--- VM [271] ---
INFO: Get vm [ferw-310]
UUID: 6a4a5704-579a-4268-73e2-739b9cd8f951
Power State: off

--- VM [272] ---
INFO: Get vm [ferw-311]
UUID: b8fced06-649f-4035-452d-f1c5aa19af83
Power State: off

--- VM [273] ---
INFO: Get vm [ferw-312]
UUID: 3a70430e-6f56-4eab-42ed-9220ad360d23
Power State: off

--- VM [274] ---
INFO: Get vm [ferw-313]
UUID: 18841376-9efc-4001-4d62-f9e291cbc95a
Power State: off

--- VM [275] ---
INFO: Get vm [ferw-314]
UUID: 3f2d882d-a1d3-4318-7da4-34b15c88de1d
Power State: off

--- VM [276] ---
INFO: Get vm [ferw-315]
UUID: ac36c497-e89e-4664-6608-274cb066f978
Power State: off

--- VM [277] ---
INFO: Get vm [ferw-316]
UUID: 929f533c-73f0-4fb6-4bba-6f5a7eb5cf97
Power State: off

--- VM [278] ---
INFO: Get vm [ferw-317]
UUID: 2d4dc8a5-754f-4bb6-72d3-a86c0716dd00
Power State: off

--- VM [279] ---
INFO: Get vm [ferw-318]
UUID: 5a0f7155-a80d-4015-53a4-d7b1aab3abd4
Power State: off

--- VM [280] ---
INFO: Get vm [ferw-319]
UUID: 01ba8652-aee4-452b-611b-b572119dd358
Power State: off

--- VM [281] ---
INFO: Get vm [ferw-320]
UUID: c1ba7109-8212-4dcf-4650-7b559ed79a0b
Power State: off

--- VM [282] ---
INFO: Get vm [ferw-321]
UUID: 6d23bcd0-c6ef-4a9b-5a44-77c72c524085
Power State: off

--- VM [283] ---
INFO: Get vm [ferw-322]
UUID: 9b5fa7eb-4e04-4798-6766-638f7debef09
Power State: off

--- VM [284] ---
INFO: Get vm [ferw-323]
UUID: bceb5949-ca01-48fb-6782-3c28561d569d
Power State: off

--- VM [285] ---
INFO: Get vm [ferw-324]
UUID: eb3533cd-6b1d-47fd-734d-3dc19b4d650a
Power State: off

--- VM [286] ---
INFO: Get vm [ferw-325]
UUID: 2ea1917f-e5ce-409c-7d5e-1541f024311a
Power State: off

--- VM [287] ---
INFO: Get vm [ferw-326]
UUID: 661e5ee9-8385-4265-6832-f1d90670159d
Power State: off

--- VM [288] ---
INFO: Get vm [ferw-327]
UUID: e9666bee-6ebf-4202-413f-915f079e8a93
Power State: off

--- VM [289] ---
INFO: Get vm [ferw-328]
UUID: 77935aea-b352-4995-7d9b-845ecaed0c02
Power State: off

--- VM [290] ---
INFO: Get vm [ferw-329]
UUID: 60afd38c-8443-4c4b-6375-d5d0e0c74c50
Power State: off

--- VM [291] ---
INFO: Get vm [ferw-330]
UUID: 9dbf9143-4cf6-4e0b-56a1-1e51850eaf09
Power State: off

--- VM [292] ---
INFO: Get vm [ferw-331]
UUID: 56a3f39a-49ed-4ab5-759d-f775631a7e94
Power State: off

--- VM [293] ---
INFO: Get vm [ferw-332]
UUID: 89a5d85c-1766-4c2b-6e2c-04f03209e547
Power State: off

--- VM [294] ---
INFO: Get vm [ferw-333]
UUID: 8a2a20c3-5128-4501-5af4-a1c9a891447d
Power State: off

--- VM [295] ---
INFO: Get vm [ferw-334]
UUID: 245ac2ad-3e2f-4513-660d-1c9e0ed51611
Power State: off

--- VM [296] ---
INFO: Get vm [ferw-335]
UUID: 5202ee48-5b19-4009-7285-f0a0bb69b1b5
Power State: off

--- VM [297] ---
INFO: Get vm [ferw-336]
UUID: b8c830fa-079f-4bd4-4a86-021562e14f46
Power State: off

--- VM [298] ---
INFO: Get vm [ferw-337]
UUID: d1f43295-618b-48b8-6ea7-ee695185792f
Power State: off

--- VM [299] ---
INFO: Get vm [ferw-338]
UUID: 24e8323f-8166-4565-5b81-5aaf4db83bd5
Power State: off

--- VM [300] ---
INFO: Get vm [ferw-339]
UUID: 1dbf17b5-dea2-44b1-6e4d-6ea1ec38214b
Power State: off

--- VM [301] ---
INFO: Get vm [ferw-340]
UUID: d69de1e3-a5a0-40dc-6bd9-0505aa446b65
Power State: off

--- VM [302] ---
INFO: Get vm [ferw-341]
UUID: dda792ab-6d54-423f-7577-00d596a3318e
Power State: off

--- VM [303] ---
INFO: Get vm [ferw-342]
UUID: 6eaff5d2-eaa5-43c9-44d3-dd155a9c8f91
Power State: off

--- VM [304] ---
INFO: Get vm [ferw-343]
UUID: 10e857d2-8aba-4c83-4782-228f57f5b5bf
Power State: off

--- VM [305] ---
INFO: Get vm [ferw-344]
UUID: 860e4cf2-e9c6-46c2-789a-83442c4e7ff9
Power State: off

--- VM [306] ---
INFO: Get vm [ferw-345]
UUID: 3f684307-6633-43f4-4793-face9b3dc4fd
Power State: off

--- VM [307] ---
INFO: Get vm [ferw-346]
UUID: 0c0695d7-ef56-45a5-65f0-627e682e7ab4
Power State: off

--- VM [308] ---
INFO: Get vm [ferw-347]
UUID: 90960d50-bcca-4aea-5539-d5ee34b48508
Power State: off

--- VM [309] ---
INFO: Get vm [ferw-348]
UUID: 155725d2-9f15-430a-51a4-aa88a4a7abd0
Power State: off

--- VM [310] ---
INFO: Get vm [ferw-349]
UUID: 9ad705f0-8bca-4e72-4ba2-2e5f1bfa94e4
Power State: off

--- VM [311] ---
INFO: Get vm [ferw-350]
UUID: 557bf2ec-83b8-4c8d-6329-b018e264562f
Power State: off

--- VM [312] ---
INFO: Get vm [ferw-351]
UUID: b06dd4bf-1b64-4400-7a5b-c769b6d345f0
Power State: off

--- VM [313] ---
INFO: Get vm [ferw-352]
UUID: 6a68c779-4e16-4174-6fae-acdb90bac135
Power State: off

--- VM [314] ---
INFO: Get vm [ferw-353]
UUID: fc7b46bc-8acf-4a8a-40a7-81eae7596c1c
Power State: off

--- VM [315] ---
INFO: Get vm [ferw-354]
UUID: 5fc3345a-062c-42e3-734b-847a24ba5616
Power State: off

--- VM [316] ---
INFO: Get vm [ferw-355]
UUID: ab6ac76e-4071-4475-7a4a-4dce34789012
Power State: off

--- VM [317] ---
INFO: Get vm [ferw-356]
UUID: 736ef4af-7423-42cb-4c80-0536d710bde9
Power State: off

--- VM [318] ---
INFO: Get vm [ferw-357]
UUID: 250b4e9a-6ecb-4c5d-5af8-68cc92dd5b26
Power State: off

--- VM [319] ---
INFO: Get vm [ferw-358]
UUID: 92a0dc18-a811-45fb-4017-dfca8d88efe6
Power State: off

--- VM [320] ---
INFO: Get vm [ferw-359]
UUID: 0d46254d-2c2e-4716-736e-c2a5be4241b8
Power State: off

--- VM [321] ---
INFO: Get vm [ferw-360]
UUID: 9a645f0f-6cc7-4f14-6502-4299bcabada4
Power State: off

--- VM [322] ---
INFO: Get vm [ferw-361]
UUID: f9acc1da-44a2-44f0-7b9b-223fc10e0f39
Power State: off

--- VM [323] ---
INFO: Get vm [ferw-362]
UUID: 1d1edf8c-190b-4dea-6ffa-875f92e78c6e
Power State: off

--- VM [324] ---
INFO: Get vm [ferw-363]
UUID: f13281df-46a8-48b0-7b04-601d23c6abcf
Power State: off

--- VM [325] ---
INFO: Get vm [ferw-364]
UUID: cd440c77-e1a9-4317-6d04-1f68fa79cbec
Power State: off

--- VM [326] ---
INFO: Get vm [ferw-365]
UUID: 4b90bf9a-2277-4961-7511-a151e15d31e9
Power State: off

--- VM [327] ---
INFO: Get vm [ferw-366]
UUID: 74180f9d-9a1b-4414-6e62-a20fb721a0c6
Power State: off

--- VM [328] ---
INFO: Get vm [ferw-367]
UUID: fbdfad08-4db0-494f-5fdb-cd38a16cd886
Power State: off

--- VM [329] ---
INFO: Get vm [ferw-368]
UUID: 82f0fb61-7286-4e79-6578-a632ed866234
Power State: off

--- VM [330] ---
INFO: Get vm [ferw-369]
UUID: fc318132-8c43-4006-4994-ce06867d3932
Power State: off

--- VM [331] ---
INFO: Get vm [ferw-370]
UUID: c8ce3a2e-bdf4-409a-43ba-7f307b6e846e
Power State: off

--- VM [332] ---
INFO: Get vm [ferw-371]
UUID: 1c57e3f5-ad3e-490a-53b5-3daa09ab78db
Power State: off

--- VM [333] ---
INFO: Get vm [ferw-372]
UUID: 68f6322a-324d-416d-7523-a79e116aa338
Power State: off

--- VM [334] ---
INFO: Get vm [ferw-373]
UUID: 2e77993a-8c4f-4f13-6906-bd0168d982de
Power State: off

--- VM [335] ---
INFO: Get vm [ferw-374]
UUID: 5a878896-59db-40aa-5eb5-d9c6c5d98779
Power State: off

--- VM [336] ---
INFO: Get vm [ferw-375]
UUID: 2dafef16-7cd0-43f8-4f6e-51a3fe9da1e9
Power State: off

--- VM [337] ---
INFO: Get vm [ferw-376]
UUID: 194554f2-2290-458b-4ccf-bb7ec9177241
Power State: off

--- VM [338] ---
INFO: Get vm [ferw-377]
UUID: 77cdee41-10c8-4546-77c4-aaac82a34774
Power State: off

--- VM [339] ---
INFO: Get vm [ferw-378]
UUID: e1ecefd5-758e-4ef4-773e-ab6ec46381b0
Power State: off

--- VM [340] ---
INFO: Get vm [ferw-379]
UUID: 50f00c4d-70a9-4cd4-66a0-2e0bd08766c3
Power State: off

--- VM [341] ---
INFO: Get vm [ferw-380]
UUID: f705f53c-b782-40a2-4889-1e0d853e5d74
Power State: off

--- VM [342] ---
INFO: Get vm [ferw-381]
UUID: 000dcf43-d153-4756-48cd-99e1c13b13df
Power State: off

--- VM [343] ---
INFO: Get vm [ferw-382]
UUID: 19d359f9-f487-4bff-6369-3c4c581be93d
Power State: off

--- VM [344] ---
INFO: Get vm [ferw-383]
UUID: 225160b3-73ca-449f-5b11-130294cbc013
Power State: off

--- VM [345] ---
INFO: Get vm [ferw-384]
UUID: 4e554b09-3a4d-4ce1-791e-2d83b19c348a
Power State: off

--- VM [346] ---
INFO: Get vm [ferw-385]
UUID: f95f4a93-1a03-4804-4f60-1ce0a5805336
Power State: off

--- VM [347] ---
INFO: Get vm [ferw-386]
UUID: ad3ea3d8-4cc3-448d-50e8-22460f1ed7ad
Power State: off

--- VM [348] ---
INFO: Get vm [ferw-387]
UUID: 04019f46-69d7-4957-5a5b-16553f40bf51
Power State: off

--- VM [349] ---
INFO: Get vm [ferw-388]
UUID: 8906120d-3fc0-4cb6-582e-d1cbf672707e
Power State: off

--- VM [350] ---
INFO: Get vm [ferw-389]
UUID: 015b427b-9749-4675-6af3-5973a13373fb
Power State: off

--- VM [351] ---
INFO: Get vm [ferw-390]
UUID: 64e2c017-6a0b-4118-6d5c-b42e49bc634e
Power State: off

--- VM [352] ---
INFO: Get vm [ferw-391]
UUID: ffe9a9d3-3de4-4826-6a72-976c3189e98b
Power State: off

--- VM [353] ---
INFO: Get vm [ferw-392]
UUID: 189679a3-ce26-4bfa-7759-91df788b9c71
Power State: off

--- VM [354] ---
INFO: Get vm [ferw-393]
UUID: 430cea5e-d2fb-4b52-56df-0397f6fb4f61
Power State: off

--- VM [355] ---
INFO: Get vm [ferw-394]
UUID: de214553-80f1-47f0-65cb-1364f3ef858f
Power State: off

--- VM [356] ---
INFO: Get vm [ferw-395]
UUID: 53f249c4-2bb0-4f41-66c6-e58b3a50a2c8
Power State: off

--- VM [357] ---
INFO: Get vm [ferw-396]
UUID: f33cf1ce-4d17-483b-47fc-ea14432a9be7
Power State: off

--- VM [358] ---
INFO: Get vm [ferw-397]
UUID: 3417d0a6-cc09-489f-797f-11d2a1d61c9b
Power State: off

--- VM [359] ---
INFO: Get vm [ferw-398]
UUID: dfffebc9-ca26-4488-5f96-9bab69f7b3fe
Power State: off

--- VM [360] ---
INFO: Get vm [ferw-399]
UUID: 307ef0f1-85dc-4d9a-6862-001a9cf80634
Power State: off

--- VM [361] ---
INFO: Get vm [ferw-400]
UUID: 7abd5fc1-9a22-43a1-7bb9-f9211e9daac8
Power State: off

--- VM [362] ---
INFO: Get vm [ferw-401]
UUID: 1f4b3cc9-3f36-435a-6b02-f39fcd5d9a3b
Power State: off

--- VM [363] ---
INFO: Get vm [ferw-402]
UUID: b034f02c-c4cb-4918-4126-f2a2795fe47e
Power State: off

--- VM [364] ---
INFO: Get vm [ferw-403]
UUID: 7cc94115-0485-48f0-4075-bbdb5496e6e0
Power State: off

--- VM [365] ---
INFO: Get vm [ferw-404]
UUID: a2c9fa30-7b3d-4496-7ff0-dad49d4f5550
Power State: off

--- VM [366] ---
INFO: Get vm [ferw-405]
UUID: 956df508-5581-438a-5f44-8ddcc65b8b62
Power State: off

--- VM [367] ---
INFO: Get vm [ferw-406]
UUID: a5bea6cd-432c-4bf3-526b-9cf0059a402c
Power State: off

--- VM [368] ---
INFO: Get vm [ferw-407]
UUID: a7fa6f4c-2ac9-4e16-6a18-9f42977ffae1
Power State: off

--- VM [369] ---
INFO: Get vm [ferw-408]
UUID: a61f144c-3f30-49db-77a3-69b79476459a
Power State: off

--- VM [370] ---
INFO: Get vm [ferw-409]
UUID: 9709cfa8-98cd-4366-73b8-33457ce256ef
Power State: off

--- VM [371] ---
INFO: Get vm [ferw-410]
UUID: c955844d-aa59-4bae-78bf-cd4712a59fe3
Power State: off

--- VM [372] ---
INFO: Get vm [ferw-411]
UUID: 7e19fa34-9b44-41c2-7b02-328f9a879dc2
Power State: off

--- VM [373] ---
INFO: Get vm [ferw-412]
UUID: f7672134-1483-490f-7bfc-39aa54b9deb8
Power State: off

--- VM [374] ---
INFO: Get vm [ferw-413]
UUID: d1eba5e4-0f83-413b-41a7-4270f318b987
Power State: off

--- VM [375] ---
INFO: Get vm [ferw-414]
UUID: 2733b340-ba00-48c0-4c2e-bbeae95cadf6
Power State: off

--- VM [376] ---
INFO: Get vm [ferw-415]
UUID: dd8494f2-b902-4213-5e3e-f501db96a9a5
Power State: off

--- VM [377] ---
INFO: Get vm [ferw-416]
UUID: 6c7dc868-89ce-4b10-4570-354268882296
Power State: off

--- VM [378] ---
INFO: Get vm [ferw-417]
UUID: 6c74b6c6-5aa8-4de6-42a1-c4249a4adbce
Power State: off

--- VM [379] ---
INFO: Get vm [ferw-418]
UUID: fdb5352b-9d36-4193-5529-d11bdf2fb698
Power State: off

--- VM [380] ---
INFO: Get vm [ferw-419]
UUID: 85f770a9-85a5-4550-7883-647b124fb9bc
Power State: off

--- VM [381] ---
INFO: Get vm [ferw-420]
UUID: 8b285e40-3180-444e-7773-e2cacd7e901e
Power State: off

--- VM [382] ---
INFO: Get vm [ferw-421]
UUID: 3940cbff-b406-4800-660e-1c6a61e2f317
Power State: off

--- VM [383] ---
INFO: Get vm [ferw-422]
UUID: 0e612266-a76a-49db-4e7a-90fd09a34f60
Power State: off

--- VM [384] ---
INFO: Get vm [ferw-423]
UUID: a00cc58d-1db9-48f0-6401-235069b2fff4
Power State: off

--- VM [385] ---
INFO: Get vm [ferw-424]
UUID: 78002585-5df0-4c8c-6751-a4dd5e067298
Power State: off

--- VM [386] ---
INFO: Get vm [ferw-425]
UUID: fe681a1b-12d7-4074-6bf3-c03c6c074678
Power State: off

--- VM [387] ---
INFO: Get vm [ferw-426]
UUID: 08959675-a4f5-414a-7b66-6f6ed7a461a2
Power State: off

--- VM [388] ---
INFO: Get vm [ferw-427]
UUID: 871067f1-f2ff-4372-5815-361432c63b26
Power State: off

--- VM [389] ---
INFO: Get vm [ferw-428]
UUID: 6dfefacb-7a6f-4c7c-6fa5-c01cf7712b0c
Power State: off

--- VM [390] ---
INFO: Get vm [ferw-429]
UUID: 82f1cba4-7428-4007-4b88-cf405294cbb2
Power State: off

--- VM [391] ---
INFO: Get vm [ferw-430]
UUID: a36c2998-6632-4e56-58ca-a0d8005d9472
Power State: off

--- VM [392] ---
INFO: Get vm [ferw-431]
UUID: 2486bd7e-fd2c-472f-462b-ea63cdb5a15a
Power State: off

--- VM [393] ---
INFO: Get vm [ferw-432]
UUID: 64d672c4-6c6c-4429-7d13-55fa40f44ffa
Power State: off

--- VM [394] ---
INFO: Get vm [ferw-433]
UUID: 6ffc1b8e-cbbb-446f-65d1-4e669f73b19a
Power State: off

--- VM [395] ---
INFO: Get vm [ferw-434]
UUID: fcb76690-68ec-4d52-5026-9963e187f6ae
Power State: off

--- VM [396] ---
INFO: Get vm [ferw-435]
UUID: 0a76741a-a318-43fd-7eb8-17eb6dd87730
Power State: off

--- VM [397] ---
INFO: Get vm [ferw-436]
UUID: b963160a-7e7e-45cb-68f6-a5ee686389cd
Power State: off

--- VM [398] ---
INFO: Get vm [ferw-437]
UUID: 1a0270ff-a371-4d2f-7be0-5a79d18eab0f
Power State: off

--- VM [399] ---
INFO: Get vm [ferw-438]
UUID: af0a0f78-4f88-4065-7289-2d211a4d4318
Power State: off

--- VM [400] ---
INFO: Get vm [ferw-439]
UUID: e6020231-813a-4e7f-5aca-6b4d4cc06616
Power State: off

--- VM [401] ---
INFO: Get vm [ferw-440]
UUID: 97b9005d-7b55-4762-6ed4-e10993525f4b
Power State: off

--- VM [402] ---
INFO: Get vm [ferw-441]
UUID: 584b05ba-49af-4b89-4834-3d55fbefc2a7
Power State: off

--- VM [403] ---
INFO: Get vm [ferw-442]
UUID: f2386a2b-bbe6-450a-6d49-e567c88f8705
Power State: off

--- VM [404] ---
INFO: Get vm [ferw-443]
UUID: e14ff44f-a810-4cc9-4385-ffeaf2814175
Power State: off

--- VM [405] ---
INFO: Get vm [ferw-444]
UUID: 42ce2ad7-5e62-41ad-7f19-9a01399a2191
Power State: off

--- VM [406] ---
INFO: Get vm [ferw-445]
UUID: 568accb4-fd5e-4bc4-62a0-e747b99cdef3
Power State: off

--- VM [407] ---
INFO: Get vm [ferw-446]
UUID: 2db58be2-eaf7-466e-4327-4751bffcdc74
Power State: off

--- VM [408] ---
INFO: Get vm [ferw-447]
UUID: f49065ef-63ec-4192-701f-988886861b73
Power State: off

--- VM [409] ---
INFO: Get vm [ferw-448]
UUID: 7c197a71-c80e-4bf5-44e6-7520714f6921
Power State: off

--- VM [410] ---
INFO: Get vm [ferw-449]
UUID: 688e251d-1f78-4fa1-4878-f78736a63b3a
Power State: off

--- VM [411] ---
INFO: Get vm [ferw-450]
UUID: 22e38cb7-4647-4297-6509-a39057cabb0f
Power State: off

--- VM [412] ---
INFO: Get vm [ferw-451]
UUID: 8fe7e4e0-487d-4056-6aad-9eacba943f61
Power State: off

--- VM [413] ---
INFO: Get vm [ferw-452]
UUID: e648f775-ea79-4842-70c9-d419cfd15745
Power State: off

--- VM [414] ---
INFO: Get vm [ferw-453]
UUID: 29d13564-96c3-4ef4-5e10-c0cfd7d18361
Power State: off

--- VM [415] ---
INFO: Get vm [ferw-454]
UUID: 6514f1ba-9d2c-4540-4434-3e5dc913bdc4
Power State: off

--- VM [416] ---
INFO: Get vm [ferw-455]
UUID: 3de4b377-ce33-443c-63e1-891e368438d9
Power State: off

--- VM [417] ---
INFO: Get vm [ferw-456]
UUID: 5f0c5b29-531e-4a82-6a2a-8e233a0a2232
Power State: off

--- VM [418] ---
INFO: Get vm [ferw-457]
UUID: 2b4135fc-83df-44c2-50b2-47d00201437c
Power State: off

--- VM [419] ---
INFO: Get vm [ferw-458]
UUID: 193daa13-788c-4579-5f51-427c2478fb16
Power State: off

--- VM [420] ---
INFO: Get vm [ferw-459]
UUID: 88e0ec1c-5d1a-4fb6-7cba-a12871cacae7
Power State: off

--- VM [421] ---
INFO: Get vm [ferw-460]
UUID: 82b65009-1da9-4490-7afd-dda45a22ce51
Power State: off

--- VM [422] ---
INFO: Get vm [ferw-461]
UUID: 379d62dd-8db2-4359-670b-eb558e570a7f
Power State: off

--- VM [423] ---
INFO: Get vm [ferw-462]
UUID: f934e284-f519-49f9-7067-e2feafc39095
Power State: off

--- VM [424] ---
INFO: Get vm [ferw-463]
UUID: 18d072a3-f081-451b-5f78-6ade135317a7
Power State: off

--- VM [425] ---
INFO: Get vm [ferw-464]
UUID: 9b544586-547d-45cd-4506-0554456b7891
Power State: off

--- VM [426] ---
INFO: Get vm [ferw-465]
UUID: b50f7295-9cc6-4617-68b7-122c72d51c5a
Power State: off

--- VM [427] ---
INFO: Get vm [ferw-466]
UUID: b142daab-efa7-4b5f-40e6-c0f17672e582
Power State: off

--- VM [428] ---
INFO: Get vm [ferw-467]
UUID: d5dfab41-e42c-437b-6415-034961d8983e
Power State: off

--- VM [429] ---
INFO: Get vm [ferw-468]
UUID: 625427ae-0473-4fee-531c-fc6925ea1912
Power State: off

--- VM [430] ---
INFO: Get vm [ferw-469]
UUID: d9eb8cf2-5c40-4a5d-583a-1bf42e900e41
Power State: off

--- VM [431] ---
INFO: Get vm [ferw-470]
UUID: 5460abc9-3cb7-4cf7-4d37-0e8553671ac0
Power State: off

--- VM [432] ---
INFO: Get vm [ferw-471]
UUID: 8ad468ff-17b6-43a5-66fa-c124eb2860c9
Power State: off

--- VM [433] ---
INFO: Get vm [ferw-472]
UUID: c46bfb43-d873-4665-4b6a-7d4a35c9f09a
Power State: off

--- VM [434] ---
INFO: Get vm [ferw-473]
UUID: 35ead851-8afe-4a9e-472d-9dd166b42bf7
Power State: off

--- VM [435] ---
INFO: Get vm [ferw-474]
UUID: 4a791183-9254-4eed-51a9-90a1763c9027
Power State: off

--- VM [436] ---
INFO: Get vm [ferw-475]
UUID: 39778d85-0081-4b41-49e1-bfbd8fb0651f
Power State: off

--- VM [437] ---
INFO: Get vm [ferw-476]
UUID: 0e1d7486-9ea2-430f-4e32-35d9c980584c
Power State: off

--- VM [438] ---
INFO: Get vm [ferw-477]
UUID: 916ba26d-eca7-400b-7527-154e2604f9b1
Power State: off

--- VM [439] ---
INFO: Get vm [ferw-478]
UUID: 70bed41a-2947-4b60-7219-7d36a1b54990
Power State: off

--- VM [440] ---
INFO: Get vm [ferw-479]
UUID: 39cce500-ebc7-4fcd-402a-a66eb1882329
Power State: off

--- VM [441] ---
INFO: Get vm [ferw-480]
UUID: 4dc776b7-ad93-4c37-4ea9-1166bd479dd5
Power State: off

--- VM [442] ---
INFO: Get vm [ferw-481]
UUID: fda81c5c-9d07-4807-4f9d-66e82cdf3665
Power State: off

--- VM [443] ---
INFO: Get vm [ferw-482]
UUID: 2e300bdd-11a6-42ae-4271-73853d2382f6
Power State: off

--- VM [444] ---
INFO: Get vm [ferw-483]
UUID: bac8fa60-1d57-45ad-69ba-b9c045bde39e
Power State: off

--- VM [445] ---
INFO: Get vm [ferw-484]
UUID: a7a2dd0e-f61d-4f4d-70a8-3ea2bb7d0081
Power State: off

--- VM [446] ---
INFO: Get vm [ferw-485]
UUID: 962e0b05-c251-4494-6302-45cef551e38d
Power State: off

--- VM [447] ---
INFO: Get vm [ferw-486]
UUID: 3d8017ce-b289-4f74-427d-c1cabd6d38d2
Power State: off

--- VM [448] ---
INFO: Get vm [ferw-487]
UUID: d35922c2-cb91-4b50-576d-20ee4d12b954
Power State: off

--- VM [449] ---
INFO: Get vm [ferw-488]
UUID: 7ad877fc-5a84-495e-57a1-36742071d3ac
Power State: off

--- VM [450] ---
INFO: Get vm [ferw-489]
UUID: d688969f-defe-4532-464f-aecf00eee341
Power State: off

--- VM [451] ---
INFO: Get vm [ferw-490]
UUID: 1f397ac0-5f7c-41a1-7adf-dbecfa45019f
Power State: off

--- VM [452] ---
INFO: Get vm [ferw-491]
UUID: 3c757168-010d-4a73-7afc-4c38b68b6b16
Power State: off

--- VM [453] ---
INFO: Get vm [ferw-492]
UUID: 608961f7-c69b-44d2-427b-65f3e866b88d
Power State: off

--- VM [454] ---
INFO: Get vm [ferw-493]
UUID: 077dfd2e-f646-4891-68b7-423335b23260
Power State: off

--- VM [455] ---
INFO: Get vm [ferw-494]
UUID: ecbb7918-c3e7-4ce0-6a85-3d319e6e22e7
Power State: off

--- VM [456] ---
INFO: Get vm [ferw-495]
UUID: f651b1ac-c9c0-4426-52ca-82121f7783b6
Power State: off

--- VM [457] ---
INFO: Get vm [ferw-496]
UUID: 408377b5-89b0-4b3f-6ec4-6dd62e39c614
Power State: off

--- VM [458] ---
INFO: Get vm [ferw-497]
UUID: 1201ba7f-0f7a-4935-7598-571955df879a
Power State: off

--- VM [459] ---
INFO: Get vm [ferw-498]
UUID: e4792be1-2c62-49ed-71d3-62a596c44b38
Power State: off

--- VM [460] ---
INFO: Get vm [ferw-499]
UUID: 89eee217-acd8-4e6a-708a-1bd0ea8347ce
Power State: off

--- VM [461] ---
INFO: Get vm [ferw-500]
UUID: 60dbb4a0-3b11-4ce2-4cc1-84d07c2b04c1
Power State: off

--- VM [462] ---
INFO: Get vm [ferw-501]
UUID: 213dbd62-96b4-4748-78d3-035aed81f7bf
Power State: off

--- VM [463] ---
INFO: Get vm [ferw-502]
UUID: 43f065eb-4f6c-4c83-4a36-01ee3e192352
Power State: off

--- VM [464] ---
INFO: Get vm [ferw-503]
UUID: d7569391-17d5-48b1-57bc-9be811561c40
Power State: off

--- VM [465] ---
INFO: Get vm [ferw-504]
UUID: 49be04ce-7725-4da8-7d0e-94739321e029
Power State: off

--- VM [466] ---
INFO: Get vm [ferw-505]
UUID: e980c4a0-5b63-47c9-675d-e6287014408d
Power State: off

--- VM [467] ---
INFO: Get vm [ferw-506]
UUID: 5c279892-9086-48f3-4a74-3c734e9fe14f
Power State: off

--- VM [468] ---
INFO: Get vm [ferw-507]
UUID: 52c6e784-1de7-451e-673a-ef2932c4ed93
Power State: off

--- VM [469] ---
INFO: Get vm [ferw-508]
UUID: 89e359a2-c90f-455b-4f8e-5bbba14896d1
Power State: off

--- VM [470] ---
INFO: Get vm [ferw-509]
UUID: d33d3628-c0a3-44ec-51c9-2c82086b7a06
Power State: off

--- VM [471] ---
INFO: Get vm [ferw-510]
UUID: 27529fed-e44b-4d35-6e55-8e9a2293f28a
Power State: off

--- VM [472] ---
INFO: Get vm [ferw-511]
UUID: 8bf8b5c1-8291-4788-65b1-f3183a93e655
Power State: off

--- VM [473] ---
INFO: Get vm [ferw-512]
UUID: c87105ec-1382-42ae-4fd8-48c7edc29706
Power State: off

--- VM [474] ---
INFO: Get vm [ferw-513]
UUID: eb4c9a79-f8ff-450d-4203-3631f127124f
Power State: off

--- VM [475] ---
INFO: Get vm [ferw-514]
UUID: 920dce7c-db0a-4691-5642-6ddcd1afd8a1
Power State: off

--- VM [476] ---
INFO: Get vm [ferw-515]
UUID: 84e08565-dbd1-43e4-7ae5-bed574423527
Power State: off

--- VM [477] ---
INFO: Get vm [ferw-516]
UUID: c38d6647-16ad-44e7-5a83-ac84e170a1df
Power State: off

--- VM [478] ---
INFO: Get vm [ferw-517]
UUID: edaadc87-f6bb-4b61-7e95-5b28334e1aa8
Power State: off

--- VM [479] ---
INFO: Get vm [ferw-518]
UUID: e49efc94-30b7-4425-7058-bf6fb2aff32a
Power State: off

--- VM [480] ---
INFO: Get vm [ferw-519]
UUID: f0ed463c-03c1-4aea-4581-c0a8ceb7ef45
Power State: off

--- VM [481] ---
INFO: Get vm [ferw-520]
UUID: c1c87c4c-672c-4226-7d96-0babaf32535c
Power State: off

--- VM [482] ---
INFO: Get vm [ferw-521]
UUID: ef366fd4-9c24-45d1-67c1-540a0a500140
Power State: off

--- VM [483] ---
INFO: Get vm [ferw-522]
UUID: d3387b19-331a-41e3-4b9a-6ded9cbe59ab
Power State: off

--- VM [484] ---
INFO: Get vm [ferw-523]
UUID: 1c389b17-a1bf-4839-4fa5-e22fcd844774
Power State: off

--- VM [485] ---
INFO: Get vm [ferw-524]
UUID: 987ca796-d590-4e39-4872-61ddddb7f230
Power State: off

--- VM [486] ---
INFO: Get vm [ferw-525]
UUID: 3e311225-1ac5-452f-7c21-163147f04152
Power State: off

--- VM [487] ---
INFO: Get vm [ferw-526]
UUID: 17a083bd-5678-4189-75af-4925ef387688
Power State: off

--- VM [488] ---
INFO: Get vm [ferw-527]
UUID: 55068c14-00ed-4679-59e7-dbaca0a7e257
Power State: off

--- VM [489] ---
INFO: Get vm [ferw-528]
UUID: 9146a92a-713b-43ed-7177-0268153d735d
Power State: off

--- VM [490] ---
INFO: Get vm [ferw-529]
UUID: 9dbfce7f-f2a3-49cc-4e12-6e7501298266
Power State: off

--- VM [491] ---
INFO: Get vm [ferw-530]
UUID: 0388c70e-c28b-471c-56ea-33e541e6fa1c
Power State: off

--- VM [492] ---
INFO: Get vm [ferw-531]
UUID: b3403885-a419-40a4-731e-48d5c9d1acdd
Power State: off

--- VM [493] ---
INFO: Get vm [ferw-532]
UUID: 76457f61-64fc-4cc6-7990-37853a41aa76
Power State: off

--- VM [494] ---
INFO: Get vm [ferw-533]
UUID: 412ad638-2042-4fe8-5d96-25382176e309
Power State: off

--- VM [495] ---
INFO: Get vm [ferw-534]
UUID: 4d3f3ffe-0de6-4e71-62f0-6dd76a836812
Power State: off

--- VM [496] ---
INFO: Get vm [ferw-535]
UUID: afb33280-4b51-4f02-7dc7-875100d2cc41
Power State: off

--- VM [497] ---
INFO: Get vm [ferw-536]
UUID: 6dd18db3-84eb-4519-46ab-d7b1aece09c2
Power State: off

--- VM [498] ---
INFO: Get vm [ferw-537]
UUID: 6031881f-f07e-451a-4005-94fdfba96709
Power State: off

--- VM [499] ---
INFO: Get vm [ferw-538]
UUID: a7e04062-eeee-4ece-6a57-416b1af3e19a
Power State: off

--- VM [500] ---
INFO: Get vm [ferw-539]
UUID: b10f07c1-f520-4255-5ab2-765a150d98b0
Power State: off

Batch 1: powering on 499 VM(s) with up to 4 concurrent workers…
INFO: Powering on for vm [ferw-041]
INFO: Powering on for vm [ferw-042]
INFO: Powering on for vm [ferw-043]
INFO: Powering on for vm [ferw-044]
DEBUG [ferw-043] POST power-on: b'{"data":{"$reserved":{"$fv":"v4.r2"},"$objectType":"prism.v4.config.TaskReference","extId":"ZXJnb24=:403e64a1-ec7c-54da-a4d7-5beb2ace725e"},"$reserved":{"$fv":"v4.r3"},"$objectType":"vmm.v4.ahv.config.PowerOnVmApiResponse"}'
DEBUG [ferw-044] POST power-on: b'{"data":{"$reserved":{"$fv":"v4.r2"},"$objectType":"prism.v4.config.TaskReference","extId":"ZXJnb24=:e67d00e7-4d44-5515-ada0-fb8f4f61a20c"},"$reserved":{"$fv":"v4.r3"},"$objectType":"vmm.v4.ahv.config.PowerOnVmApiResponse"}'
DEBUG [ferw-042] POST power-on: b'{"data":{"$reserved":{"$fv":"v4.r2"},"$objectType":"prism.v4.config.TaskReference","extId":"ZXJnb24=:261ed3e3-a0fa-5a93-8fe8-f38178ad18ef"},"$reserved":{"$fv":"v4.r3"},"$objectType":"vmm.v4.ahv.config.PowerOnVmApiResponse"}'
DEBUG [ferw-041] POST power-on: b'{"data":{"$reserved":{"$fv":"v4.r2"},"$objectType":"prism.v4.config.TaskReference","extId":"ZXJnb24=:9e789a09-7f1c-5490-821c-8e788c61747a"},"$reserved":{"$fv":"v4.r3"},"$objectType":"vmm.v4.ahv.config.PowerOnVmApiResponse"}'
INFO: waiting for powering on for VM [ferw-043] (Attempt 1/10)
INFO: waiting for powering on for VM [ferw-041] (Attempt 1/10)
INFO: waiting for powering on for VM [ferw-042] (Attempt 1/10)
INFO: waiting for powering on for VM [ferw-044] (Attempt 1/10)
INFO: waiting for powering on for VM [ferw-043] (Attempt 2/10)
INFO: waiting for powering on for VM [ferw-041] (Attempt 2/10)
INFO: waiting for powering on for VM [ferw-042] (Attempt 2/10)
INFO: waiting for powering on for VM [ferw-044] (Attempt 2/10)
INFO: waiting for powering on for VM [ferw-043] (Attempt 3/10)
INFO: waiting for powering on for VM [ferw-041] (Attempt 3/10)
INFO: waiting for powering on for VM [ferw-042] (Attempt 3/10)
INFO: waiting for powering on for VM [ferw-044] (Attempt 3/10)
INFO: waiting for powering on for VM [ferw-043] (Attempt 4/10)
INFO: waiting for powering on for VM [ferw-041] (Attempt 4/10)
INFO: waiting for powering on for VM [ferw-042] (Attempt 4/10)
INFO: waiting for powering on for VM [ferw-044] (Attempt 4/10)
INFO: waiting for powering on for VM [ferw-043] (Attempt 5/10)
INFO: waiting for powering on for VM [ferw-041] (Attempt 5/10)
INFO: waiting for powering on for VM [ferw-044] (Attempt 5/10)
INFO: waiting for powering on for VM [ferw-042] (Attempt 5/10)
INFO: waiting for powering on for VM [ferw-043] (Attempt 6/10)
INFO: waiting for powering on for VM [ferw-041] (Attempt 6/10)
INFO: waiting for powering on for VM [ferw-044] (Attempt 6/10)
INFO: waiting for powering on for VM [ferw-042] (Attempt 6/10)
INFO: waiting for powering on for VM [ferw-043] (Attempt 7/10)
INFO: waiting for powering on for VM [ferw-041] (Attempt 7/10)
INFO: waiting for powering on for VM [ferw-044] (Attempt 7/10)
INFO: waiting for powering on for VM [ferw-042] (Attempt 7/10)
INFO: waiting for powering on for VM [ferw-043] (Attempt 8/10)
INFO: waiting for powering on for VM [ferw-041] (Attempt 8/10)
INFO: waiting for powering on for VM [ferw-042] (Attempt 8/10)
INFO: waiting for powering on for VM [ferw-044] (Attempt 8/10)
INFO: waiting for powering on for VM [ferw-043] (Attempt 9/10)
INFO: waiting for powering on for VM [ferw-041] (Attempt 9/10)
INFO: waiting for powering on for VM [ferw-042] (Attempt 9/10)
INFO: waiting for powering on for VM [ferw-044] (Attempt 9/10)
INFO: waiting for powering on for VM [ferw-043] (Attempt 10/10)
INFO: waiting for powering on for VM [ferw-041] (Attempt 10/10)
INFO: waiting for powering on for VM [ferw-042] (Attempt 10/10)
INFO: waiting for powering on for VM [ferw-044] (Attempt 10/10)
INFO: Powering on for vm [ferw-045]
RESULT FAIL: ferw-043 (cd3cdeb3…)
INFO: Powering on for vm [ferw-046]
RESULT FAIL: ferw-041 (5e907346…)
DEBUG [ferw-045] POST power-on: b'{"data":{"$reserved":{"$fv":"v4.r2"},"$objectType":"prism.v4.config.TaskReference","extId":"ZXJnb24=:9cf7b9c8-b9b1-5ef6-8656-b0ffc9987c8f"},"$reserved":{"$fv":"v4.r3"},"$objectType":"vmm.v4.ahv.config.PowerOnVmApiResponse"}'
DEBUG [ferw-046] POST power-on: b'{"data":{"$reserved":{"$fv":"v4.r2"},"$objectType":"prism.v4.config.TaskReference","extId":"ZXJnb24=:fb0b8959-234c-5dee-9d85-5cd72125511d"},"$reserved":{"$fv":"v4.r3"},"$objectType":"vmm.v4.ahv.config.PowerOnVmApiResponse"}'
INFO: waiting for powering on for VM [ferw-045] (Attempt 1/10)
INFO: waiting for powering on for VM [ferw-046] (Attempt 1/10)
INFO: Powering on for vm [ferw-047]
RESULT FAIL: ferw-042 (93d71e15…)
INFO: Powering on for vm [ferw-048]
RESULT FAIL: ferw-044 (eca89944…)
DEBUG [ferw-047] POST power-on: b'{"data":{"$reserved":{"$fv":"v4.r2"},"$objectType":"prism.v4.config.TaskReference","extId":"ZXJnb24=:0f5ad10a-c2eb-5963-81e3-747d9b8201cc"},"$reserved":{"$fv":"v4.r3"},"$objectType":"vmm.v4.ahv.config.PowerOnVmApiResponse"}'
DEBUG [ferw-048] POST power-on: b'{"data":{"$reserved":{"$fv":"v4.r2"},"$objectType":"prism.v4.config.TaskReference","extId":"ZXJnb24=:9323d529-5062-5ad8-9b42-18716bff120c"},"$reserved":{"$fv":"v4.r3"},"$objectType":"vmm.v4.ahv.config.PowerOnVmApiResponse"}'
INFO: waiting for powering on for VM [ferw-047] (Attempt 1/10)
INFO: waiting for powering on for VM [ferw-048] (Attempt 1/10)
INFO: waiting for powering on for VM [ferw-045] (Attempt 2/10)
INFO: waiting for powering on for VM [ferw-046] (Attempt 2/10)
INFO: waiting for powering on for VM [ferw-047] (Attempt 2/10)
INFO: waiting for powering on for VM [ferw-048] (Attempt 2/10)
INFO: waiting for powering on for VM [ferw-045] (Attempt 3/10)
INFO: waiting for powering on for VM [ferw-046] (Attempt 3/10)
INFO: waiting for powering on for VM [ferw-047] (Attempt 3/10)
INFO: waiting for powering on for VM [ferw-048] (Attempt 3/10)
INFO: waiting for powering on for VM [ferw-045] (Attempt 4/10)
INFO: waiting for powering on for VM [ferw-046] (Attempt 4/10)
INFO: waiting for powering on for VM [ferw-047] (Attempt 4/10)
INFO: waiting for powering on for VM [ferw-048] (Attempt 4/10)
INFO: waiting for powering on for VM [ferw-045] (Attempt 5/10)
INFO: waiting for powering on for VM [ferw-046] (Attempt 5/10)
INFO: waiting for powering on for VM [ferw-047] (Attempt 5/10)
INFO: waiting for powering on for VM [ferw-048] (Attempt 5/10)
INFO: waiting for powering on for VM [ferw-045] (Attempt 6/10)
INFO: waiting for powering on for VM [ferw-046] (Attempt 6/10)
INFO: waiting for powering on for VM [ferw-047] (Attempt 6/10)
INFO: waiting for powering on for VM [ferw-048] (Attempt 6/10)
INFO: waiting for powering on for VM [ferw-045] (Attempt 7/10)
INFO: waiting for powering on for VM [ferw-046] (Attempt 7/10)
INFO: waiting for powering on for VM [ferw-047] (Attempt 7/10)
INFO: waiting for powering on for VM [ferw-048] (Attempt 7/10)
INFO: waiting for powering on for VM [ferw-045] (Attempt 8/10)
INFO: waiting for powering on for VM [ferw-046] (Attempt 8/10)
INFO: waiting for powering on for VM [ferw-047] (Attempt 8/10)
INFO: waiting for powering on for VM [ferw-048] (Attempt 8/10)
INFO: waiting for powering on for VM [ferw-045] (Attempt 9/10)
INFO: waiting for powering on for VM [ferw-046] (Attempt 9/10)
INFO: waiting for powering on for VM [ferw-047] (Attempt 9/10)
INFO: waiting for powering on for VM [ferw-048] (Attempt 9/10)
INFO: waiting for powering on for VM [ferw-045] (Attempt 10/10)
INFO: waiting for powering on for VM [ferw-046] (Attempt 10/10)
INFO: waiting for powering on for VM [ferw-047] (Attempt 10/10)
INFO: waiting for powering on for VM [ferw-048] (Attempt 10/10)
INFO: Powering on for vm [ferw-049]
RESULT FAIL: ferw-045 (45ef5d08…)
DEBUG [ferw-049] POST power-on: b'{"data":{"$reserved":{"$fv":"v4.r2"},"$objectType":"prism.v4.config.TaskReference","extId":"ZXJnb24=:f661f53e-fe87-5aaa-ac44-084acf9d52e8"},"$reserved":{"$fv":"v4.r3"},"$objectType":"vmm.v4.ahv.config.PowerOnVmApiResponse"}'
INFO: Powering on for vm [ferw-050]
RESULT FAIL: ferw-046 (7f07b5c0…)
INFO: waiting for powering on for VM [ferw-049] (Attempt 1/10)
DEBUG [ferw-050] POST power-on: b'{"data":{"$reserved":{"$fv":"v4.r2"},"$objectType":"prism.v4.config.TaskReference","extId":"ZXJnb24=:504fbd8e-83d9-5cc3-b7aa-d144664b5882"},"$reserved":{"$fv":"v4.r3"},"$objectType":"vmm.v4.ahv.config.PowerOnVmApiResponse"}'
INFO: waiting for powering on for VM [ferw-050] (Attempt 1/10)
INFO: Powering on for vm [ferw-051]
RESULT FAIL: ferw-047 (8490656a…)
DEBUG [ferw-051] POST power-on: b'{"data":{"$reserved":{"$fv":"v4.r2"},"$objectType":"prism.v4.config.TaskReference","extId":"ZXJnb24=:75ea00ff-997e-5e22-bab9-1572cca67f18"},"$reserved":{"$fv":"v4.r3"},"$objectType":"vmm.v4.ahv.config.PowerOnVmApiResponse"}'
INFO: Powering on for vm [ferw-052]
RESULT FAIL: ferw-048 (99acaa4b…)
INFO: waiting for powering on for VM [ferw-051] (Attempt 1/10)
DEBUG [ferw-052] POST power-on: b'{"data":{"$reserved":{"$fv":"v4.r2"},"$objectType":"prism.v4.config.TaskReference","extId":"ZXJnb24=:c849023f-a420-5941-b664-0d4e19979968"},"$reserved":{"$fv":"v4.r3"},"$objectType":"vmm.v4.ahv.config.PowerOnVmApiResponse"}'
INFO: waiting for powering on for VM [ferw-052] (Attempt 1/10)
INFO: waiting for powering on for VM [ferw-049] (Attempt 2/10)
INFO: waiting for powering on for VM [ferw-050] (Attempt 2/10)
INFO: waiting for powering on for VM [ferw-051] (Attempt 2/10)
INFO: waiting for powering on for VM [ferw-052] (Attempt 2/10)
INFO: waiting for powering on for VM [ferw-049] (Attempt 3/10)
INFO: waiting for powering on for VM [ferw-050] (Attempt 3/10)
INFO: waiting for powering on for VM [ferw-051] (Attempt 3/10)
INFO: waiting for powering on for VM [ferw-052] (Attempt 3/10)
INFO: waiting for powering on for VM [ferw-049] (Attempt 4/10)
INFO: waiting for powering on for VM [ferw-050] (Attempt 4/10)
INFO: waiting for powering on for VM [ferw-051] (Attempt 4/10)
INFO: waiting for powering on for VM [ferw-052] (Attempt 4/10)
INFO: waiting for powering on for VM [ferw-049] (Attempt 5/10)
INFO: waiting for powering on for VM [ferw-050] (Attempt 5/10)
INFO: waiting for powering on for VM [ferw-051] (Attempt 5/10)
INFO: waiting for powering on for VM [ferw-052] (Attempt 5/10)
INFO: waiting for powering on for VM [ferw-050] (Attempt 6/10)
INFO: waiting for powering on for VM [ferw-049] (Attempt 6/10)
INFO: waiting for powering on for VM [ferw-051] (Attempt 6/10)
INFO: waiting for powering on for VM [ferw-052] (Attempt 6/10)
INFO: waiting for powering on for VM [ferw-049] (Attempt 7/10)
INFO: waiting for powering on for VM [ferw-050] (Attempt 7/10)
INFO: waiting for powering on for VM [ferw-051] (Attempt 7/10)
INFO: waiting for powering on for VM [ferw-052] (Attempt 7/10)
INFO: waiting for powering on for VM [ferw-050] (Attempt 8/10)
INFO: waiting for powering on for VM [ferw-051] (Attempt 8/10)
INFO: waiting for powering on for VM [ferw-049] (Attempt 8/10)
INFO: waiting for powering on for VM [ferw-052] (Attempt 8/10)
INFO: waiting for powering on for VM [ferw-050] (Attempt 9/10)
INFO: waiting for powering on for VM [ferw-049] (Attempt 9/10)
INFO: waiting for powering on for VM [ferw-051] (Attempt 9/10)
INFO: waiting for powering on for VM [ferw-052] (Attempt 9/10)
INFO: waiting for powering on for VM [ferw-050] (Attempt 10/10)
INFO: waiting for powering on for VM [ferw-051] (Attempt 10/10)
INFO: waiting for powering on for VM [ferw-049] (Attempt 10/10)
INFO: waiting for powering on for VM [ferw-052] (Attempt 10/10)
INFO: Powering on for vm [ferw-053]
RESULT FAIL: ferw-050 (b77e11bb…)
DEBUG [ferw-053] POST power-on: b'{"data":{"$reserved":{"$fv":"v4.r2"},"$objectType":"prism.v4.config.TaskReference","extId":"ZXJnb24=:8b0d4421-ea85-5384-ac87-1f6df2ea5363"},"$reserved":{"$fv":"v4.r3"},"$objectType":"vmm.v4.ahv.config.PowerOnVmApiResponse"}'
INFO: waiting for powering on for VM [ferw-053] (Attempt 1/10)
INFO: Powering on for vm [ferw-054]
RESULT FAIL: ferw-051 (c11e4e80…)
INFO: Powering on for vm [ferw-055]
RESULT FAIL: ferw-049 (ad199eb4…)
DEBUG [ferw-054] POST power-on: b'{"data":{"$reserved":{"$fv":"v4.r2"},"$objectType":"prism.v4.config.TaskReference","extId":"ZXJnb24=:2ccdee64-504b-5ead-8959-90ce042438db"},"$reserved":{"$fv":"v4.r3"},"$objectType":"vmm.v4.ahv.config.PowerOnVmApiResponse"}'
INFO: waiting for powering on for VM [ferw-054] (Attempt 1/10)
INFO: Powering on for vm [ferw-056]
RESULT FAIL: ferw-052 (8928a5d4…)
DEBUG [ferw-055] POST power-on: b'{"data":{"$reserved":{"$fv":"v4.r2"},"$objectType":"prism.v4.config.TaskReference","extId":"ZXJnb24=:39d5c325-f173-5d04-990c-095bc5a7b853"},"$reserved":{"$fv":"v4.r3"},"$objectType":"vmm.v4.ahv.config.PowerOnVmApiResponse"}'
DEBUG [ferw-056] POST power-on: b'{"data":{"$reserved":{"$fv":"v4.r2"},"$objectType":"prism.v4.config.TaskReference","extId":"ZXJnb24=:ac21b08e-5aea-5f96-817f-8561bd0bca3e"},"$reserved":{"$fv":"v4.r3"},"$objectType":"vmm.v4.ahv.config.PowerOnVmApiResponse"}'
INFO: waiting for powering on for VM [ferw-055] (Attempt 1/10)
INFO: waiting for powering on for VM [ferw-056] (Attempt 1/10)
INFO: waiting for powering on for VM [ferw-053] (Attempt 2/10)
INFO: waiting for powering on for VM [ferw-054] (Attempt 2/10)
INFO: waiting for powering on for VM [ferw-055] (Attempt 2/10)
INFO: waiting for powering on for VM [ferw-056] (Attempt 2/10)
INFO: waiting for powering on for VM [ferw-053] (Attempt 3/10)
INFO: waiting for powering on for VM [ferw-054] (Attempt 3/10)
INFO: waiting for powering on for VM [ferw-055] (Attempt 3/10)
INFO: waiting for powering on for VM [ferw-056] (Attempt 3/10)
INFO: waiting for powering on for VM [ferw-053] (Attempt 4/10)
INFO: waiting for powering on for VM [ferw-054] (Attempt 4/10)
INFO: waiting for powering on for VM [ferw-055] (Attempt 4/10)
INFO: waiting for powering on for VM [ferw-056] (Attempt 4/10)
INFO: waiting for powering on for VM [ferw-053] (Attempt 5/10)
INFO: waiting for powering on for VM [ferw-054] (Attempt 5/10)
INFO: waiting for powering on for VM [ferw-055] (Attempt 5/10)
INFO: waiting for powering on for VM [ferw-056] (Attempt 5/10)
INFO: waiting for powering on for VM [ferw-053] (Attempt 6/10)
INFO: waiting for powering on for VM [ferw-054] (Attempt 6/10)
INFO: waiting for powering on for VM [ferw-055] (Attempt 6/10)
INFO: waiting for powering on for VM [ferw-056] (Attempt 6/10)
INFO: waiting for powering on for VM [ferw-053] (Attempt 7/10)
INFO: waiting for powering on for VM [ferw-054] (Attempt 7/10)
INFO: waiting for powering on for VM [ferw-055] (Attempt 7/10)
INFO: waiting for powering on for VM [ferw-056] (Attempt 7/10)
INFO: waiting for powering on for VM [ferw-053] (Attempt 8/10)
INFO: waiting for powering on for VM [ferw-054] (Attempt 8/10)
INFO: waiting for powering on for VM [ferw-055] (Attempt 8/10)
INFO: waiting for powering on for VM [ferw-056] (Attempt 8/10)
INFO: waiting for powering on for VM [ferw-053] (Attempt 9/10)
INFO: waiting for powering on for VM [ferw-054] (Attempt 9/10)
INFO: waiting for powering on for VM [ferw-055] (Attempt 9/10)
INFO: waiting for powering on for VM [ferw-056] (Attempt 9/10)
INFO: waiting for powering on for VM [ferw-053] (Attempt 10/10)
INFO: waiting for powering on for VM [ferw-054] (Attempt 10/10)
INFO: waiting for powering on for VM [ferw-055] (Attempt 10/10)
INFO: waiting for powering on for VM [ferw-056] (Attempt 10/10)
INFO: Powering on for vm [ferw-057]
RESULT FAIL: ferw-053 (4efb8360…)
DEBUG [ferw-057] POST power-on: b'{"data":{"$reserved":{"$fv":"v4.r2"},"$objectType":"prism.v4.config.TaskReference","extId":"ZXJnb24=:81fb119b-763a-5c46-bbd3-03cb16e52fc6"},"$reserved":{"$fv":"v4.r3"},"$objectType":"vmm.v4.ahv.config.PowerOnVmApiResponse"}'
INFO: waiting for powering on for VM [ferw-057] (Attempt 1/10)
INFO: Powering on for vm [ferw-058]
RESULT FAIL: ferw-054 (37ede60b…)
DEBUG [ferw-058] POST power-on: b'{"data":{"$reserved":{"$fv":"v4.r2"},"$objectType":"prism.v4.config.TaskReference","extId":"ZXJnb24=:474d3c43-b204-598d-9de1-5be9ccba4f1c"},"$reserved":{"$fv":"v4.r3"},"$objectType":"vmm.v4.ahv.config.PowerOnVmApiResponse"}'
INFO: Powering on for vm [ferw-059]
RESULT FAIL: ferw-055 (6806457f…)
INFO: Powering on for vm [ferw-060]
RESULT FAIL: ferw-056 (844aac98…)
INFO: waiting for powering on for VM [ferw-058] (Attempt 1/10)
DEBUG [ferw-059] POST power-on: b'{"data":{"$reserved":{"$fv":"v4.r2"},"$objectType":"prism.v4.config.TaskReference","extId":"ZXJnb24=:124d4286-39a9-5537-a235-1210fae3589a"},"$reserved":{"$fv":"v4.r3"},"$objectType":"vmm.v4.ahv.config.PowerOnVmApiResponse"}'
DEBUG [ferw-060] POST power-on: b'{"data":{"$reserved":{"$fv":"v4.r2"},"$objectType":"prism.v4.config.TaskReference","extId":"ZXJnb24=:2818d457-793e-5790-9692-835dbcc31848"},"$reserved":{"$fv":"v4.r3"},"$objectType":"vmm.v4.ahv.config.PowerOnVmApiResponse"}'
INFO: waiting for powering on for VM [ferw-059] (Attempt 1/10)
INFO: waiting for powering on for VM [ferw-060] (Attempt 1/10)
INFO: waiting for powering on for VM [ferw-057] (Attempt 2/10)
INFO: waiting for powering on for VM [ferw-058] (Attempt 2/10)
INFO: waiting for powering on for VM [ferw-059] (Attempt 2/10)
INFO: waiting for powering on for VM [ferw-060] (Attempt 2/10)
INFO: waiting for powering on for VM [ferw-057] (Attempt 3/10)
INFO: waiting for powering on for VM [ferw-058] (Attempt 3/10)
INFO: waiting for powering on for VM [ferw-060] (Attempt 3/10)
INFO: waiting for powering on for VM [ferw-059] (Attempt 3/10)
INFO: waiting for powering on for VM [ferw-057] (Attempt 4/10)
INFO: waiting for powering on for VM [ferw-058] (Attempt 4/10)
INFO: waiting for powering on for VM [ferw-059] (Attempt 4/10)
INFO: waiting for powering on for VM [ferw-060] (Attempt 4/10)
INFO: waiting for powering on for VM [ferw-057] (Attempt 5/10)
INFO: waiting for powering on for VM [ferw-058] (Attempt 5/10)
INFO: waiting for powering on for VM [ferw-059] (Attempt 5/10)
INFO: waiting for powering on for VM [ferw-060] (Attempt 5/10)
INFO: waiting for powering on for VM [ferw-057] (Attempt 6/10)
INFO: waiting for powering on for VM [ferw-058] (Attempt 6/10)
INFO: waiting for powering on for VM [ferw-060] (Attempt 6/10)
INFO: waiting for powering on for VM [ferw-059] (Attempt 6/10)
INFO: waiting for powering on for VM [ferw-057] (Attempt 7/10)
INFO: waiting for powering on for VM [ferw-058] (Attempt 7/10)
INFO: waiting for powering on for VM [ferw-059] (Attempt 7/10)
INFO: waiting for powering on for VM [ferw-060] (Attempt 7/10)
INFO: waiting for powering on for VM [ferw-057] (Attempt 8/10)
INFO: waiting for powering on for VM [ferw-058] (Attempt 8/10)
INFO: waiting for powering on for VM [ferw-060] (Attempt 8/10)
INFO: waiting for powering on for VM [ferw-059] (Attempt 8/10)
INFO: waiting for powering on for VM [ferw-057] (Attempt 9/10)
INFO: waiting for powering on for VM [ferw-058] (Attempt 9/10)
INFO: waiting for powering on for VM [ferw-060] (Attempt 9/10)
INFO: waiting for powering on for VM [ferw-059] (Attempt 9/10)
INFO: waiting for powering on for VM [ferw-057] (Attempt 10/10)
INFO: waiting for powering on for VM [ferw-058] (Attempt 10/10)
INFO: waiting for powering on for VM [ferw-060] (Attempt 10/10)
INFO: waiting for powering on for VM [ferw-059] (Attempt 10/10)
INFO: Powering on for vm [ferw-061]
RESULT FAIL: ferw-057 (c630889f…)
DEBUG [ferw-061] POST power-on: b'{"data":{"$reserved":{"$fv":"v4.r2"},"$objectType":"prism.v4.config.TaskReference","extId":"ZXJnb24=:7a058891-b029-5ae6-a82b-e9e6f878d70e"},"$reserved":{"$fv":"v4.r3"},"$objectType":"vmm.v4.ahv.config.PowerOnVmApiResponse"}'
INFO: waiting for powering on for VM [ferw-061] (Attempt 1/10)
INFO: Powering on for vm [ferw-062]
RESULT FAIL: ferw-058 (852299ba…)
DEBUG [ferw-062] POST power-on: b'{"data":{"$reserved":{"$fv":"v4.r2"},"$objectType":"prism.v4.config.TaskReference","extId":"ZXJnb24=:664c7983-4995-54ce-bbac-512d3710da01"},"$reserved":{"$fv":"v4.r3"},"$objectType":"vmm.v4.ahv.config.PowerOnVmApiResponse"}'
INFO: waiting for powering on for VM [ferw-062] (Attempt 1/10)
INFO: Powering on for vm [ferw-063]
RESULT FAIL: ferw-060 (b392ecdb…)
INFO: Powering on for vm [ferw-064]
RESULT FAIL: ferw-059 (945aadd4…)
DEBUG [ferw-063] POST power-on: b'{"data":{"$reserved":{"$fv":"v4.r2"},"$objectType":"prism.v4.config.TaskReference","extId":"ZXJnb24=:17b88265-d05e-5cc8-9d7c-fb294b7550ad"},"$reserved":{"$fv":"v4.r3"},"$objectType":"vmm.v4.ahv.config.PowerOnVmApiResponse"}'
INFO: waiting for powering on for VM [ferw-063] (Attempt 1/10)
DEBUG [ferw-064] POST power-on: b'{"data":{"$reserved":{"$fv":"v4.r2"},"$objectType":"prism.v4.config.TaskReference","extId":"ZXJnb24=:c2c7088a-1f1b-559e-a4bb-8a5f24806524"},"$reserved":{"$fv":"v4.r3"},"$objectType":"vmm.v4.ahv.config.PowerOnVmApiResponse"}'
INFO: waiting for powering on for VM [ferw-064] (Attempt 1/10)
INFO: waiting for powering on for VM [ferw-061] (Attempt 2/10)
INFO: waiting for powering on for VM [ferw-062] (Attempt 2/10)
INFO: waiting for powering on for VM [ferw-063] (Attempt 2/10)
INFO: waiting for powering on for VM [ferw-064] (Attempt 2/10)
INFO: waiting for powering on for VM [ferw-061] (Attempt 3/10)
INFO: waiting for powering on for VM [ferw-062] (Attempt 3/10)


Script interrupted by user

================================================================================
SUMMARY
================================================================================
Total VMs Processed: 500
VMs queued for power ON: 499
Power-on + IP wait succeeded: 0
Power-on + IP wait failed: 20
================================================================================
Log saved to: vm_power_status_change_20260414_092322.log
Completed at: 2026-04-14 09:28:26
================================================================================
