========================================
Pod: cron-cg-adoption-metrics-ingestion-29519880-hwmff
Namespace: ncm-cg
Status: Succeeded
Containers: cron-cg-adoption-metrics-ingestion
Collected at: Mon Feb 16 04:16:31 GMT 2026
========================================

{"level":"info","ts":1771192806.21016,"caller":"idf/idf.go:26","msg":"Initializing IDF connection","hostname":"cron-cg-adoption-metrics-ingestion-29519880-hwmff","service":"platform-ingestion-service"}
{"level":"info","ts":1771192806.2113872,"caller":"idf/idf.go:36","msg":"Initialized IDF connection","hostname":"cron-cg-adoption-metrics-ingestion-29519880-hwmff","service":"platform-ingestion-service"}
{"level":"info","ts":1771192807.3193657,"caller":"idf/idf_service.go:58","msg":"Inserted CG adoption metric num_active_cost_centers","hostname":"cron-cg-adoption-metrics-ingestion-29519880-hwmff","service":"platform-ingestion-service"}
{"level":"info","ts":1771192807.3234246,"caller":"idf/idf_service.go:58","msg":"Inserted CG adoption metric num_active_business_units","hostname":"cron-cg-adoption-metrics-ingestion-29519880-hwmff","service":"platform-ingestion-service"}
{"level":"info","ts":1771192807.3274705,"caller":"idf/idf_service.go:58","msg":"Inserted CG adoption metric num_active_budgets","hostname":"cron-cg-adoption-metrics-ingestion-29519880-hwmff","service":"platform-ingestion-service"}
{"level":"info","ts":1771192807.4087675,"caller":"idf/idf_service.go:58","msg":"Inserted CG adoption metric num_active_pcs","hostname":"cron-cg-adoption-metrics-ingestion-29519880-hwmff","service":"platform-ingestion-service"}
{"level":"info","ts":1771192807.415521,"caller":"idf/idf_service.go:58","msg":"Inserted CG adoption metric num_active_pes","hostname":"cron-cg-adoption-metrics-ingestion-29519880-hwmff","service":"platform-ingestion-service"}
{"level":"info","ts":1771192807.4197445,"caller":"idf/idf_service.go:58","msg":"Inserted CG adoption metric num_currencies_used","hostname":"cron-cg-adoption-metrics-ingestion-29519880-hwmff","service":"platform-ingestion-service"}
{"level":"info","ts":1771192807.4243581,"caller":"idf/idf_service.go:58","msg":"Inserted CG adoption metric num_chargeback_uploads","hostname":"cron-cg-adoption-metrics-ingestion-29519880-hwmff","service":"platform-ingestion-service"}
{"level":"info","ts":1771192807.4285343,"caller":"idf/idf_service.go:58","msg":"Inserted CG adoption metric num_scheduled_reports","hostname":"cron-cg-adoption-metrics-ingestion-29519880-hwmff","service":"platform-ingestion-service"}
{"level":"info","ts":1771192807.4326096,"caller":"idf/idf_service.go:58","msg":"Inserted CG adoption metric num_shared_reports","hostname":"cron-cg-adoption-metrics-ingestion-29519880-hwmff","service":"platform-ingestion-service"}
{"level":"info","ts":1771192807.4366615,"caller":"idf/idf_service.go:58","msg":"Inserted CG adoption metric num_downloaded_reports","hostname":"cron-cg-adoption-metrics-ingestion-29519880-hwmff","service":"platform-ingestion-service"}
{"level":"info","ts":1771192807.5089638,"caller":"idf/idf_service.go:58","msg":"Inserted CG adoption metric num_nx_cost_config_updates","hostname":"cron-cg-adoption-metrics-ingestion-29519880-hwmff","service":"platform-ingestion-service"}
{"level":"info","ts":1771192807.5207615,"caller":"idf/idf_service.go:58","msg":"Inserted CG adoption metric num_active_rate_cards","hostname":"cron-cg-adoption-metrics-ingestion-29519880-hwmff","service":"platform-ingestion-service"}
{"level":"info","ts":1771192807.5208402,"caller":"adoption_metrics_ingestion/adoption_metrics_ingestion.go:87","msg":"Successfully ingested all adoption metrics","hostname":"cron-cg-adoption-metrics-ingestion-29519880-hwmff","service":"platform-ingestion-service"}
