[2026-06-03 09:01:24] [common-cg-reports-service-6dc5cf47f5-7vbkq] [2026-06-03T09:01:24.511Z] INFO qtp545707113-26 TraceRequestFilter:43 [] NutanixObservability span started for uri: /internal/status with id: 5cf9c279-3542-43c7-8515-320c8be736a5
[2026-06-03 09:01:24] [common-cg-reports-service-6dc5cf47f5-7vbkq] [2026-06-03T09:01:24.512Z] INFO qtp545707113-26 TraceRequestFilter:43 [0ae4a177-f3da-4278-8287-92269889f272] NutanixObservability span started for uri: /internal/status with id: 452098fd-7f7a-4a10-b4ce-7bbdf6622ea0
[2026-06-03 09:01:24] [common-cg-reports-service-6dc5cf47f5-7vbkq] [2026-06-03T09:01:24.512Z] INFO qtp545707113-26 TraceRequestFilter:57 [0ae4a177-f3da-4278-8287-92269889f272] NutanixObservability span end for uri: /internal/status with id: 452098fd-7f7a-4a10-b4ce-7bbdf6622ea0
[2026-06-03 09:01:24] [common-cg-reports-service-6dc5cf47f5-7vbkq] [2026-06-03T09:01:24.512Z] INFO qtp545707113-26 TraceRequestFilter:57 [] NutanixObservability span end for uri: /internal/status with id: 5cf9c279-3542-43c7-8515-320c8be736a5
[2026-06-03 09:01:26] [common-cg-reports-service-6dc5cf47f5-7vbkq] [2026-06-03T09:01:26.936Z] INFO qtp545707113-26 TraceRequestFilter:43 [] NutanixObservability span started for uri: /internal/status with id: fa76983a-08ec-4ee1-a94a-9642f4dfa995
[2026-06-03 09:01:26] [common-cg-reports-service-6dc5cf47f5-7vbkq] [2026-06-03T09:01:26.936Z] INFO qtp545707113-26 TraceRequestFilter:43 [2f8d9ae4-0926-43a2-a1ef-5b962cff8f8f] NutanixObservability span started for uri: /internal/status with id: ed3edf1f-5ae4-4c02-b062-cf5abab1f659
[2026-06-03 09:01:26] [common-cg-reports-service-6dc5cf47f5-7vbkq] [2026-06-03T09:01:26.937Z] INFO qtp545707113-26 TraceRequestFilter:57 [2f8d9ae4-0926-43a2-a1ef-5b962cff8f8f] NutanixObservability span end for uri: /internal/status with id: ed3edf1f-5ae4-4c02-b062-cf5abab1f659
[2026-06-03 09:01:26] [common-cg-reports-service-6dc5cf47f5-7vbkq] [2026-06-03T09:01:26.937Z] INFO qtp545707113-26 TraceRequestFilter:57 [] NutanixObservability span end for uri: /internal/status with id: fa76983a-08ec-4ee1-a94a-9642f4dfa995
[2026-06-03 09:01:54] [common-cg-reports-service-6dc5cf47f5-7vbkq] [2026-06-03T09:01:54.512Z] INFO qtp545707113-26 TraceRequestFilter:43 [] NutanixObservability span started for uri: /internal/status with id: 88b6cd1d-2aaa-4d59-9bab-f0a3513f32b6
[2026-06-03 09:01:54] [common-cg-reports-service-6dc5cf47f5-7vbkq] [2026-06-03T09:01:54.512Z] INFO qtp545707113-26 TraceRequestFilter:43 [0a9bc0b5-cc6d-49b2-8289-16794a858756] NutanixObservability span started for uri: /internal/status with id: f6c763bf-e46f-4902-9d19-b8d8cc576885
[2026-06-03 09:01:54] [common-cg-reports-service-6dc5cf47f5-7vbkq] [2026-06-03T09:01:54.512Z] INFO qtp545707113-26 TraceRequestFilter:57 [0a9bc0b5-cc6d-49b2-8289-16794a858756] NutanixObservability span end for uri: /internal/status with id: f6c763bf-e46f-4902-9d19-b8d8cc576885
[2026-06-03 09:01:54] [common-cg-reports-service-6dc5cf47f5-7vbkq] [2026-06-03T09:01:54.512Z] INFO qtp545707113-26 TraceRequestFilter:57 [] NutanixObservability span end for uri: /internal/status with id: 88b6cd1d-2aaa-4d59-9bab-f0a3513f32b6
[2026-06-03 09:01:56] [common-cg-reports-service-6dc5cf47f5-7vbkq] [2026-06-03T09:01:56.933Z] INFO qtp545707113-26 TraceRequestFilter:43 [] NutanixObservability span started for uri: /internal/status with id: 7c0577d6-9ebe-4d3b-9a0a-b43bae2596ec
[2026-06-03 09:01:56] [common-cg-reports-service-6dc5cf47f5-7vbkq] [2026-06-03T09:01:56.934Z] INFO qtp545707113-26 TraceRequestFilter:43 [e4d8f1fa-e362-400a-9bd0-defcba1b5329] NutanixObservability span started for uri: /internal/status with id: 5a34cea7-7ab9-4648-aabc-c29f49235a12
[2026-06-03 09:01:56] [common-cg-reports-service-6dc5cf47f5-7vbkq] [2026-06-03T09:01:56.934Z] INFO qtp545707113-26 TraceRequestFilter:57 [e4d8f1fa-e362-400a-9bd0-defcba1b5329] NutanixObservability span end for uri: /internal/status with id: 5a34cea7-7ab9-4648-aabc-c29f49235a12
[2026-06-03 09:01:56] [common-cg-reports-service-6dc5cf47f5-7vbkq] [2026-06-03T09:01:56.934Z] INFO qtp545707113-26 TraceRequestFilter:57 [] NutanixObservability span end for uri: /internal/status with id: 7c0577d6-9ebe-4d3b-9a0a-b43bae2596ec
[2026-06-03 09:02:24] [common-cg-reports-service-6dc5cf47f5-7vbkq] [2026-06-03T09:02:24.512Z] INFO qtp545707113-26 TraceRequestFilter:43 [] NutanixObservability span started for uri: /internal/status with id: 2ea4496a-7f5e-4fb8-b72e-2f83411af905
[2026-06-03 09:02:24] [common-cg-reports-service-6dc5cf47f5-7vbkq] [2026-06-03T09:02:24.512Z] INFO qtp545707113-26 TraceRequestFilter:43 [ab1c57b3-10cf-4a3c-be2c-3e64165286dd] NutanixObservability span started for uri: /internal/status with id: 30edb3f9-0b0a-42c4-bc4c-8a46451248bb
[2026-06-03 09:02:24] [common-cg-reports-service-6dc5cf47f5-7vbkq] [2026-06-03T09:02:24.513Z] INFO qtp545707113-26 TraceRequestFilter:57 [ab1c57b3-10cf-4a3c-be2c-3e64165286dd] NutanixObservability span end for uri: /internal/status with id: 30edb3f9-0b0a-42c4-bc4c-8a46451248bb
[2026-06-03 09:02:24] [common-cg-reports-service-6dc5cf47f5-7vbkq] [2026-06-03T09:02:24.513Z] INFO qtp545707113-26 TraceRequestFilter:57 [] NutanixObservability span end for uri: /internal/status with id: 2ea4496a-7f5e-4fb8-b72e-2f83411af905
[2026-06-03 09:02:26] [common-cg-reports-service-6dc5cf47f5-7vbkq] [2026-06-03T09:02:26.933Z] INFO qtp545707113-26 TraceRequestFilter:43 [] NutanixObservability span started for uri: /internal/status with id: 9707b087-0f88-47f2-ba9f-f1e6a435700d
[2026-06-03 09:02:26] [common-cg-reports-service-6dc5cf47f5-7vbkq] [2026-06-03T09:02:26.933Z] INFO qtp545707113-26 TraceRequestFilter:43 [e1da9488-9e15-4d22-8ccf-762cbaca038d] NutanixObservability span started for uri: /internal/status with id: 48bb3c6e-f1e2-46ad-a4d1-be1c32b4bb41
[2026-06-03 09:02:26] [common-cg-reports-service-6dc5cf47f5-7vbkq] [2026-06-03T09:02:26.934Z] INFO qtp545707113-26 TraceRequestFilter:57 [e1da9488-9e15-4d22-8ccf-762cbaca038d] NutanixObservability span end for uri: /internal/status with id: 48bb3c6e-f1e2-46ad-a4d1-be1c32b4bb41
[2026-06-03 09:02:26] [common-cg-reports-service-6dc5cf47f5-7vbkq] [2026-06-03T09:02:26.934Z] INFO qtp545707113-26 TraceRequestFilter:57 [] NutanixObservability span end for uri: /internal/status with id: 9707b087-0f88-47f2-ba9f-f1e6a435700d
[2026-06-03 09:02:54] [common-cg-reports-service-6dc5cf47f5-7vbkq] [2026-06-03T09:02:54.512Z] INFO qtp545707113-26 TraceRequestFilter:43 [] NutanixObservability span started for uri: /internal/status with id: 77990f4d-3688-4be5-9716-ba53d8563935
[2026-06-03 09:02:54] [common-cg-reports-service-6dc5cf47f5-7vbkq] [2026-06-03T09:02:54.512Z] INFO qtp545707113-26 TraceRequestFilter:43 [4192c473-b2ed-4377-82f1-759856485dc0] NutanixObservability span started for uri: /internal/status with id: 73b9d931-6bbf-4a20-98f6-3786492edd03
[2026-06-03 09:02:54] [common-cg-reports-service-6dc5cf47f5-7vbkq] [2026-06-03T09:02:54.512Z] INFO qtp545707113-26 TraceRequestFilter:57 [4192c473-b2ed-4377-82f1-759856485dc0] NutanixObservability span end for uri: /internal/status with id: 73b9d931-6bbf-4a20-98f6-3786492edd03
[2026-06-03 09:02:54] [common-cg-reports-service-6dc5cf47f5-7vbkq] [2026-06-03T09:02:54.512Z] INFO qtp545707113-26 TraceRequestFilter:57 [] NutanixObservability span end for uri: /internal/status with id: 77990f4d-3688-4be5-9716-ba53d8563935
[2026-06-03 09:02:56] [common-cg-reports-service-6dc5cf47f5-7vbkq] [2026-06-03T09:02:56.933Z] INFO qtp545707113-26 TraceRequestFilter:43 [] NutanixObservability span started for uri: /internal/status with id: 1cdc75e3-41ea-43d6-ab3a-5108e07c9951
[2026-06-03 09:02:56] [common-cg-reports-service-6dc5cf47f5-7vbkq] [2026-06-03T09:02:56.934Z] INFO qtp545707113-26 TraceRequestFilter:43 [8a866023-a4dd-493c-8fba-c85473b7b872] NutanixObservability span started for uri: /internal/status with id: 1d89c840-32f1-4391-a229-28be6acad462
[2026-06-03 09:02:56] [common-cg-reports-service-6dc5cf47f5-7vbkq] [2026-06-03T09:02:56.934Z] INFO qtp545707113-26 TraceRequestFilter:57 [8a866023-a4dd-493c-8fba-c85473b7b872] NutanixObservability span end for uri: /internal/status with id: 1d89c840-32f1-4391-a229-28be6acad462
[2026-06-03 09:02:56] [common-cg-reports-service-6dc5cf47f5-7vbkq] [2026-06-03T09:02:56.934Z] INFO qtp545707113-26 TraceRequestFilter:57 [] NutanixObservability span end for uri: /internal/status with id: 1cdc75e3-41ea-43d6-ab3a-5108e07c9951
[2026-06-03 09:03:24] [common-cg-reports-service-6dc5cf47f5-7vbkq] [2026-06-03T09:03:24.512Z] INFO qtp545707113-24 TraceRequestFilter:43 [] NutanixObservability span started for uri: /internal/status with id: 2747e9ff-6af2-407d-8fe2-7d1ecd524e97
[2026-06-03 09:03:24] [common-cg-reports-service-6dc5cf47f5-7vbkq] [2026-06-03T09:03:24.512Z] INFO qtp545707113-24 TraceRequestFilter:43 [c0c75548-0ffd-45da-9c86-87314e0b9617] NutanixObservability span started for uri: /internal/status with id: 26730a7b-76f8-4268-8674-f4138e9a8ce5
[2026-06-03 09:03:24] [common-cg-reports-service-6dc5cf47f5-7vbkq] [2026-06-03T09:03:24.512Z] INFO qtp545707113-24 TraceRequestFilter:57 [c0c75548-0ffd-45da-9c86-87314e0b9617] NutanixObservability span end for uri: /internal/status with id: 26730a7b-76f8-4268-8674-f4138e9a8ce5
[2026-06-03 09:03:24] [common-cg-reports-service-6dc5cf47f5-7vbkq] [2026-06-03T09:03:24.512Z] INFO qtp545707113-24 TraceRequestFilter:57 [] NutanixObservability span end for uri: /internal/status with id: 2747e9ff-6af2-407d-8fe2-7d1ecd524e97
[2026-06-03 09:03:26] [common-cg-reports-service-6dc5cf47f5-7vbkq] [2026-06-03T09:03:26.933Z] INFO qtp545707113-24 TraceRequestFilter:43 [] NutanixObservability span started for uri: /internal/status with id: 33b962b9-d84a-42f0-a68f-2510eec1b460
[2026-06-03 09:03:26] [common-cg-reports-service-6dc5cf47f5-7vbkq] [2026-06-03T09:03:26.933Z] INFO qtp545707113-24 TraceRequestFilter:43 [b4752719-3c8d-4d3b-aaa2-2ee374b0639b] NutanixObservability span started for uri: /internal/status with id: f9be8764-57c4-4283-a0a0-1c8e1b5a1ae5
[2026-06-03 09:03:26] [common-cg-reports-service-6dc5cf47f5-7vbkq] [2026-06-03T09:03:26.934Z] INFO qtp545707113-24 TraceRequestFilter:57 [b4752719-3c8d-4d3b-aaa2-2ee374b0639b] NutanixObservability span end for uri: /internal/status with id: f9be8764-57c4-4283-a0a0-1c8e1b5a1ae5
[2026-06-03 09:03:26] [common-cg-reports-service-6dc5cf47f5-7vbkq] [2026-06-03T09:03:26.934Z] INFO qtp545707113-24 TraceRequestFilter:57 [] NutanixObservability span end for uri: /internal/status with id: 33b962b9-d84a-42f0-a68f-2510eec1b460
[2026-06-03 09:03:54] [common-cg-reports-service-6dc5cf47f5-7vbkq] [2026-06-03T09:03:54.512Z] INFO qtp545707113-24 TraceRequestFilter:43 [] NutanixObservability span started for uri: /internal/status with id: d69f5ab1-87c2-47fa-bacd-e9713b411da6
[2026-06-03 09:03:54] [common-cg-reports-service-6dc5cf47f5-7vbkq] [2026-06-03T09:03:54.512Z] INFO qtp545707113-24 TraceRequestFilter:43 [e9e44588-2d9f-493a-a42a-c623acc67a7e] NutanixObservability span started for uri: /internal/status with id: f74b59ab-bd42-4861-9a6a-8e7c8b99712e
[2026-06-03 09:03:54] [common-cg-reports-service-6dc5cf47f5-7vbkq] [2026-06-03T09:03:54.512Z] INFO qtp545707113-24 TraceRequestFilter:57 [e9e44588-2d9f-493a-a42a-c623acc67a7e] NutanixObservability span end for uri: /internal/status with id: f74b59ab-bd42-4861-9a6a-8e7c8b99712e
[2026-06-03 09:03:54] [common-cg-reports-service-6dc5cf47f5-7vbkq] [2026-06-03T09:03:54.512Z] INFO qtp545707113-24 TraceRequestFilter:57 [] NutanixObservability span end for uri: /internal/status with id: d69f5ab1-87c2-47fa-bacd-e9713b411da6
[2026-06-03 09:03:56] [common-cg-reports-service-6dc5cf47f5-7vbkq] [2026-06-03T09:03:56.934Z] INFO qtp545707113-24 TraceRequestFilter:43 [] NutanixObservability span started for uri: /internal/status with id: 9ee52293-6286-487e-8ec3-a0ee1569861a
[2026-06-03 09:03:56] [common-cg-reports-service-6dc5cf47f5-7vbkq] [2026-06-03T09:03:56.934Z] INFO qtp545707113-24 TraceRequestFilter:43 [2aaef1ef-60f2-43ca-94e9-f726a7cef828] NutanixObservability span started for uri: /internal/status with id: fa1e9e10-3da9-456e-a6a7-3cd7168074f4
[2026-06-03 09:03:56] [common-cg-reports-service-6dc5cf47f5-7vbkq] [2026-06-03T09:03:56.934Z] INFO qtp545707113-24 TraceRequestFilter:57 [2aaef1ef-60f2-43ca-94e9-f726a7cef828] NutanixObservability span end for uri: /internal/status with id: fa1e9e10-3da9-456e-a6a7-3cd7168074f4
[2026-06-03 09:03:56] [common-cg-reports-service-6dc5cf47f5-7vbkq] [2026-06-03T09:03:56.934Z] INFO qtp545707113-24 TraceRequestFilter:57 [] NutanixObservability span end for uri: /internal/status with id: 9ee52293-6286-487e-8ec3-a0ee1569861a
[2026-06-03 09:04:24] [common-cg-reports-service-6dc5cf47f5-7vbkq] [2026-06-03T09:04:24.512Z] INFO qtp545707113-24 TraceRequestFilter:43 [] NutanixObservability span started for uri: /internal/status with id: 106d1932-a3f0-4446-ad15-558af93acb7e
[2026-06-03 09:04:24] [common-cg-reports-service-6dc5cf47f5-7vbkq] [2026-06-03T09:04:24.512Z] INFO qtp545707113-24 TraceRequestFilter:43 [81cac119-0e41-45e9-9ffe-0fcd7f00cc3b] NutanixObservability span started for uri: /internal/status with id: 6fc58116-3cfc-4d58-86ec-2d16f32ca0d7
[2026-06-03 09:04:24] [common-cg-reports-service-6dc5cf47f5-7vbkq] [2026-06-03T09:04:24.512Z] INFO qtp545707113-24 TraceRequestFilter:57 [81cac119-0e41-45e9-9ffe-0fcd7f00cc3b] NutanixObservability span end for uri: /internal/status with id: 6fc58116-3cfc-4d58-86ec-2d16f32ca0d7
[2026-06-03 09:04:24] [common-cg-reports-service-6dc5cf47f5-7vbkq] [2026-06-03T09:04:24.512Z] INFO qtp545707113-24 TraceRequestFilter:57 [] NutanixObservability span end for uri: /internal/status with id: 106d1932-a3f0-4446-ad15-558af93acb7e
[2026-06-03 09:04:26] [common-cg-reports-service-6dc5cf47f5-7vbkq] [2026-06-03T09:04:26.933Z] INFO qtp545707113-24 TraceRequestFilter:43 [] NutanixObservability span started for uri: /internal/status with id: a0e3e025-4492-4325-ad21-21f441699af7
[2026-06-03 09:04:26] [common-cg-reports-service-6dc5cf47f5-7vbkq] [2026-06-03T09:04:26.933Z] INFO qtp545707113-24 TraceRequestFilter:43 [18dde49b-9628-4a15-b9c1-114034bbe881] NutanixObservability span started for uri: /internal/status with id: c5ef09b8-8374-4026-ba9b-05fd5d5cdff5
[2026-06-03 09:04:26] [common-cg-reports-service-6dc5cf47f5-7vbkq] [2026-06-03T09:04:26.934Z] INFO qtp545707113-24 TraceRequestFilter:57 [18dde49b-9628-4a15-b9c1-114034bbe881] NutanixObservability span end for uri: /internal/status with id: c5ef09b8-8374-4026-ba9b-05fd5d5cdff5
[2026-06-03 09:04:26] [common-cg-reports-service-6dc5cf47f5-7vbkq] [2026-06-03T09:04:26.934Z] INFO qtp545707113-24 TraceRequestFilter:57 [] NutanixObservability span end for uri: /internal/status with id: a0e3e025-4492-4325-ad21-21f441699af7
[2026-06-03 09:04:54] [common-cg-reports-service-6dc5cf47f5-7vbkq] [2026-06-03T09:04:54.512Z] INFO qtp545707113-24 TraceRequestFilter:43 [] NutanixObservability span started for uri: /internal/status with id: ac0ddee2-4027-404d-9cc0-784996cd15d9
[2026-06-03 09:04:54] [common-cg-reports-service-6dc5cf47f5-7vbkq] [2026-06-03T09:04:54.512Z] INFO qtp545707113-24 TraceRequestFilter:43 [329e81aa-1ac8-45f1-82f7-d85a9e1003b8] NutanixObservability span started for uri: /internal/status with id: 35ab1fa4-9b4e-4d4f-946d-bdc3216b9f4b
[2026-06-03 09:04:54] [common-cg-reports-service-6dc5cf47f5-7vbkq] [2026-06-03T09:04:54.513Z] INFO qtp545707113-24 TraceRequestFilter:57 [329e81aa-1ac8-45f1-82f7-d85a9e1003b8] NutanixObservability span end for uri: /internal/status with id: 35ab1fa4-9b4e-4d4f-946d-bdc3216b9f4b
[2026-06-03 09:04:54] [common-cg-reports-service-6dc5cf47f5-7vbkq] [2026-06-03T09:04:54.513Z] INFO qtp545707113-24 TraceRequestFilter:57 [] NutanixObservability span end for uri: /internal/status with id: ac0ddee2-4027-404d-9cc0-784996cd15d9
[2026-06-03 09:04:56] [common-cg-reports-service-6dc5cf47f5-7vbkq] [2026-06-03T09:04:56.934Z] INFO qtp545707113-24 TraceRequestFilter:43 [] NutanixObservability span started for uri: /internal/status with id: aa60f682-a3ab-442e-bc5f-de9e85b830ad
[2026-06-03 09:04:56] [common-cg-reports-service-6dc5cf47f5-7vbkq] [2026-06-03T09:04:56.934Z] INFO qtp545707113-24 TraceRequestFilter:43 [b6022c3d-0b82-401c-9804-0456b76e48d7] NutanixObservability span started for uri: /internal/status with id: 3e1f7138-ad61-44c0-a5f4-137fc5e648ca
[2026-06-03 09:04:56] [common-cg-reports-service-6dc5cf47f5-7vbkq] [2026-06-03T09:04:56.935Z] INFO qtp545707113-24 TraceRequestFilter:57 [b6022c3d-0b82-401c-9804-0456b76e48d7] NutanixObservability span end for uri: /internal/status with id: 3e1f7138-ad61-44c0-a5f4-137fc5e648ca
[2026-06-03 09:04:56] [common-cg-reports-service-6dc5cf47f5-7vbkq] [2026-06-03T09:04:56.935Z] INFO qtp545707113-24 TraceRequestFilter:57 [] NutanixObservability span end for uri: /internal/status with id: aa60f682-a3ab-442e-bc5f-de9e85b830ad
[2026-06-03 09:05:24] [common-cg-reports-service-6dc5cf47f5-7vbkq] [2026-06-03T09:05:24.513Z] INFO qtp545707113-24 TraceRequestFilter:43 [] NutanixObservability span started for uri: /internal/status with id: e19b9ada-2469-4983-a28b-188024be48c9
[2026-06-03 09:05:24] [common-cg-reports-service-6dc5cf47f5-7vbkq] [2026-06-03T09:05:24.513Z] INFO qtp545707113-24 TraceRequestFilter:43 [4537d7e5-236b-404c-bb5a-b8012c20caa8] NutanixObservability span started for uri: /internal/status with id: c482dbdc-5741-4b77-a321-03e64001d961
[2026-06-03 09:05:24] [common-cg-reports-service-6dc5cf47f5-7vbkq] [2026-06-03T09:05:24.513Z] INFO qtp545707113-24 TraceRequestFilter:57 [4537d7e5-236b-404c-bb5a-b8012c20caa8] NutanixObservability span end for uri: /internal/status with id: c482dbdc-5741-4b77-a321-03e64001d961
[2026-06-03 09:05:24] [common-cg-reports-service-6dc5cf47f5-7vbkq] [2026-06-03T09:05:24.513Z] INFO qtp545707113-24 TraceRequestFilter:57 [] NutanixObservability span end for uri: /internal/status with id: e19b9ada-2469-4983-a28b-188024be48c9
[2026-06-03 09:05:26] [common-cg-reports-service-6dc5cf47f5-7vbkq] [2026-06-03T09:05:26.933Z] INFO qtp545707113-24 TraceRequestFilter:43 [] NutanixObservability span started for uri: /internal/status with id: dc2a1af9-4958-4636-8706-1df923c99dec
[2026-06-03 09:05:26] [common-cg-reports-service-6dc5cf47f5-7vbkq] [2026-06-03T09:05:26.933Z] INFO qtp545707113-24 TraceRequestFilter:43 [308540e2-5acb-4df6-be8c-1682032d463a] NutanixObservability span started for uri: /internal/status with id: 1805cb62-3d35-4c4a-a6bf-3284eab603af
[2026-06-03 09:05:26] [common-cg-reports-service-6dc5cf47f5-7vbkq] [2026-06-03T09:05:26.934Z] INFO qtp545707113-24 TraceRequestFilter:57 [308540e2-5acb-4df6-be8c-1682032d463a] NutanixObservability span end for uri: /internal/status with id: 1805cb62-3d35-4c4a-a6bf-3284eab603af
[2026-06-03 09:05:26] [common-cg-reports-service-6dc5cf47f5-7vbkq] [2026-06-03T09:05:26.934Z] INFO qtp545707113-24 TraceRequestFilter:57 [] NutanixObservability span end for uri: /internal/status with id: dc2a1af9-4958-4636-8706-1df923c99dec
[2026-06-03 09:05:54] [common-cg-reports-service-6dc5cf47f5-7vbkq] [2026-06-03T09:05:54.512Z] INFO qtp545707113-24 TraceRequestFilter:43 [] NutanixObservability span started for uri: /internal/status with id: 890cd19f-d548-46c6-ad8d-488e138dbf35
[2026-06-03 09:05:54] [common-cg-reports-service-6dc5cf47f5-7vbkq] [2026-06-03T09:05:54.512Z] INFO qtp545707113-24 TraceRequestFilter:43 [a2a6fc19-dcd1-4b3c-852f-3d7422afde79] NutanixObservability span started for uri: /internal/status with id: 992454b0-b744-468d-8765-90eb5e773cac
[2026-06-03 09:05:54] [common-cg-reports-service-6dc5cf47f5-7vbkq] [2026-06-03T09:05:54.513Z] INFO qtp545707113-24 TraceRequestFilter:57 [a2a6fc19-dcd1-4b3c-852f-3d7422afde79] NutanixObservability span end for uri: /internal/status with id: 992454b0-b744-468d-8765-90eb5e773cac
[2026-06-03 09:05:54] [common-cg-reports-service-6dc5cf47f5-7vbkq] [2026-06-03T09:05:54.513Z] INFO qtp545707113-24 TraceRequestFilter:57 [] NutanixObservability span end for uri: /internal/status with id: 890cd19f-d548-46c6-ad8d-488e138dbf35
[2026-06-03 09:05:56] [common-cg-reports-service-6dc5cf47f5-7vbkq] [2026-06-03T09:05:56.933Z] INFO qtp545707113-24 TraceRequestFilter:43 [] NutanixObservability span started for uri: /internal/status with id: 9bd97ef0-33df-4931-b657-9ee991755708
[2026-06-03 09:05:56] [common-cg-reports-service-6dc5cf47f5-7vbkq] [2026-06-03T09:05:56.934Z] INFO qtp545707113-24 TraceRequestFilter:43 [24e73aa8-1cd6-4f2f-a0d0-f5947cadb279] NutanixObservability span started for uri: /internal/status with id: 1dac599d-bbcb-4d0f-bc62-3b7ee82e74a8
[2026-06-03 09:05:56] [common-cg-reports-service-6dc5cf47f5-7vbkq] [2026-06-03T09:05:56.934Z] INFO qtp545707113-24 TraceRequestFilter:57 [24e73aa8-1cd6-4f2f-a0d0-f5947cadb279] NutanixObservability span end for uri: /internal/status with id: 1dac599d-bbcb-4d0f-bc62-3b7ee82e74a8
[2026-06-03 09:05:56] [common-cg-reports-service-6dc5cf47f5-7vbkq] [2026-06-03T09:05:56.934Z] INFO qtp545707113-24 TraceRequestFilter:57 [] NutanixObservability span end for uri: /internal/status with id: 9bd97ef0-33df-4931-b657-9ee991755708
[2026-06-03 09:06:24] [common-cg-reports-service-6dc5cf47f5-7vbkq] [2026-06-03T09:06:24.512Z] INFO qtp545707113-24 TraceRequestFilter:43 [] NutanixObservability span started for uri: /internal/status with id: 4c2591ce-b2a0-4449-9f27-4afe2d9bb170
[2026-06-03 09:06:24] [common-cg-reports-service-6dc5cf47f5-7vbkq] [2026-06-03T09:06:24.512Z] INFO qtp545707113-24 TraceRequestFilter:43 [069f93b8-5091-4cee-9d07-6337ce46d8ac] NutanixObservability span started for uri: /internal/status with id: 8563376b-ab97-4f87-816c-e8398f93a56f
[2026-06-03 09:06:24] [common-cg-reports-service-6dc5cf47f5-7vbkq] [2026-06-03T09:06:24.512Z] INFO qtp545707113-24 TraceRequestFilter:57 [069f93b8-5091-4cee-9d07-6337ce46d8ac] NutanixObservability span end for uri: /internal/status with id: 8563376b-ab97-4f87-816c-e8398f93a56f
[2026-06-03 09:06:24] [common-cg-reports-service-6dc5cf47f5-7vbkq] [2026-06-03T09:06:24.512Z] INFO qtp545707113-24 TraceRequestFilter:57 [] NutanixObservability span end for uri: /internal/status with id: 4c2591ce-b2a0-4449-9f27-4afe2d9bb170
[2026-06-03 09:06:26] [common-cg-reports-service-6dc5cf47f5-7vbkq] [2026-06-03T09:06:26.934Z] INFO qtp545707113-24 TraceRequestFilter:43 [] NutanixObservability span started for uri: /internal/status with id: 64e9d123-1dcf-4f05-abd1-28b29c8954e7
[2026-06-03 09:06:26] [common-cg-reports-service-6dc5cf47f5-7vbkq] [2026-06-03T09:06:26.934Z] INFO qtp545707113-24 TraceRequestFilter:43 [ba944bed-b835-48fe-a0fe-ba54e147a8db] NutanixObservability span started for uri: /internal/status with id: caecd83a-ecc0-4e49-9968-2526a48e8265
[2026-06-03 09:06:26] [common-cg-reports-service-6dc5cf47f5-7vbkq] [2026-06-03T09:06:26.934Z] INFO qtp545707113-24 TraceRequestFilter:57 [ba944bed-b835-48fe-a0fe-ba54e147a8db] NutanixObservability span end for uri: /internal/status with id: caecd83a-ecc0-4e49-9968-2526a48e8265
[2026-06-03 09:06:26] [common-cg-reports-service-6dc5cf47f5-7vbkq] [2026-06-03T09:06:26.934Z] INFO qtp545707113-24 TraceRequestFilter:57 [] NutanixObservability span end for uri: /internal/status with id: 64e9d123-1dcf-4f05-abd1-28b29c8954e7
[2026-06-03 09:06:54] [common-cg-reports-service-6dc5cf47f5-7vbkq] [2026-06-03T09:06:54.512Z] INFO qtp545707113-26 TraceRequestFilter:43 [] NutanixObservability span started for uri: /internal/status with id: b6b58705-7d37-475b-98e4-1183f34d5751
[2026-06-03 09:06:54] [common-cg-reports-service-6dc5cf47f5-7vbkq] [2026-06-03T09:06:54.512Z] INFO qtp545707113-26 TraceRequestFilter:43 [37118bcf-974e-4287-81ff-3d0092447cd5] NutanixObservability span started for uri: /internal/status with id: 0091c5fe-7fd8-4343-8070-6d4008c822a3
[2026-06-03 09:06:54] [common-cg-reports-service-6dc5cf47f5-7vbkq] [2026-06-03T09:06:54.513Z] INFO qtp545707113-26 TraceRequestFilter:57 [37118bcf-974e-4287-81ff-3d0092447cd5] NutanixObservability span end for uri: /internal/status with id: 0091c5fe-7fd8-4343-8070-6d4008c822a3
[2026-06-03 09:06:54] [common-cg-reports-service-6dc5cf47f5-7vbkq] [2026-06-03T09:06:54.513Z] INFO qtp545707113-26 TraceRequestFilter:57 [] NutanixObservability span end for uri: /internal/status with id: b6b58705-7d37-475b-98e4-1183f34d5751
[2026-06-03 09:06:56] [common-cg-reports-service-6dc5cf47f5-7vbkq] [2026-06-03T09:06:56.933Z] INFO qtp545707113-26 TraceRequestFilter:43 [] NutanixObservability span started for uri: /internal/status with id: d2f3c16a-6506-413d-9321-0c42de4732cd
[2026-06-03 09:06:56] [common-cg-reports-service-6dc5cf47f5-7vbkq] [2026-06-03T09:06:56.933Z] INFO qtp545707113-26 TraceRequestFilter:43 [667fe215-5a67-4c8b-9594-e4e169b08cd4] NutanixObservability span started for uri: /internal/status with id: 2c290732-daef-4cef-a7c0-c483b1db5cb9
[2026-06-03 09:06:56] [common-cg-reports-service-6dc5cf47f5-7vbkq] [2026-06-03T09:06:56.934Z] INFO qtp545707113-26 TraceRequestFilter:57 [667fe215-5a67-4c8b-9594-e4e169b08cd4] NutanixObservability span end for uri: /internal/status with id: 2c290732-daef-4cef-a7c0-c483b1db5cb9
[2026-06-03 09:06:56] [common-cg-reports-service-6dc5cf47f5-7vbkq] [2026-06-03T09:06:56.934Z] INFO qtp545707113-26 TraceRequestFilter:57 [] NutanixObservability span end for uri: /internal/status with id: d2f3c16a-6506-413d-9321-0c42de4732cd
[2026-06-03 09:07:24] [common-cg-reports-service-6dc5cf47f5-7vbkq] [2026-06-03T09:07:24.512Z] INFO qtp545707113-26 TraceRequestFilter:43 [] NutanixObservability span started for uri: /internal/status with id: bf6d9213-190b-4a66-aabd-253479b9e508
[2026-06-03 09:07:24] [common-cg-reports-service-6dc5cf47f5-7vbkq] [2026-06-03T09:07:24.512Z] INFO qtp545707113-26 TraceRequestFilter:43 [2099d7e5-adca-4391-9457-6b97080f4cc9] NutanixObservability span started for uri: /internal/status with id: 1832eab5-6f9c-41dc-b03a-7a726a742f97
[2026-06-03 09:07:24] [common-cg-reports-service-6dc5cf47f5-7vbkq] [2026-06-03T09:07:24.512Z] INFO qtp545707113-26 TraceRequestFilter:57 [2099d7e5-adca-4391-9457-6b97080f4cc9] NutanixObservability span end for uri: /internal/status with id: 1832eab5-6f9c-41dc-b03a-7a726a742f97
[2026-06-03 09:07:24] [common-cg-reports-service-6dc5cf47f5-7vbkq] [2026-06-03T09:07:24.512Z] INFO qtp545707113-26 TraceRequestFilter:57 [] NutanixObservability span end for uri: /internal/status with id: bf6d9213-190b-4a66-aabd-253479b9e508
[2026-06-03 09:07:26] [common-cg-reports-service-6dc5cf47f5-7vbkq] [2026-06-03T09:07:26.933Z] INFO qtp545707113-26 TraceRequestFilter:43 [] NutanixObservability span started for uri: /internal/status with id: b6d36563-c945-4661-b236-6bb2d256ce56
[2026-06-03 09:07:26] [common-cg-reports-service-6dc5cf47f5-7vbkq] [2026-06-03T09:07:26.933Z] INFO qtp545707113-26 TraceRequestFilter:43 [fa72fb4e-2de7-451d-992b-359181752a2d] NutanixObservability span started for uri: /internal/status with id: b11ca5c1-f4a8-4fd6-ae73-c66d398ee726
[2026-06-03 09:07:26] [common-cg-reports-service-6dc5cf47f5-7vbkq] [2026-06-03T09:07:26.934Z] INFO qtp545707113-26 TraceRequestFilter:57 [fa72fb4e-2de7-451d-992b-359181752a2d] NutanixObservability span end for uri: /internal/status with id: b11ca5c1-f4a8-4fd6-ae73-c66d398ee726
[2026-06-03 09:07:26] [common-cg-reports-service-6dc5cf47f5-7vbkq] [2026-06-03T09:07:26.934Z] INFO qtp545707113-26 TraceRequestFilter:57 [] NutanixObservability span end for uri: /internal/status with id: b6d36563-c945-4661-b236-6bb2d256ce56
[2026-06-03 09:07:54] [common-cg-reports-service-6dc5cf47f5-7vbkq] [2026-06-03T09:07:54.512Z] INFO qtp545707113-24 TraceRequestFilter:43 [] NutanixObservability span started for uri: /internal/status with id: d555eb1e-e26e-405f-bce1-af9bd11ff982
[2026-06-03 09:07:54] [common-cg-reports-service-6dc5cf47f5-7vbkq] [2026-06-03T09:07:54.512Z] INFO qtp545707113-24 TraceRequestFilter:43 [2a8ca7ab-9a58-4b93-a66b-de4960430593] NutanixObservability span started for uri: /internal/status with id: b7ee6271-0e3d-4a21-ab37-3c74aadf3a04
[2026-06-03 09:07:54] [common-cg-reports-service-6dc5cf47f5-7vbkq] [2026-06-03T09:07:54.512Z] INFO qtp545707113-24 TraceRequestFilter:57 [2a8ca7ab-9a58-4b93-a66b-de4960430593] NutanixObservability span end for uri: /internal/status with id: b7ee6271-0e3d-4a21-ab37-3c74aadf3a04
[2026-06-03 09:07:54] [common-cg-reports-service-6dc5cf47f5-7vbkq] [2026-06-03T09:07:54.512Z] INFO qtp545707113-24 TraceRequestFilter:57 [] NutanixObservability span end for uri: /internal/status with id: d555eb1e-e26e-405f-bce1-af9bd11ff982
[2026-06-03 09:07:56] [common-cg-reports-service-6dc5cf47f5-7vbkq] [2026-06-03T09:07:56.934Z] INFO qtp545707113-24 TraceRequestFilter:43 [] NutanixObservability span started for uri: /internal/status with id: adf78126-c532-4c39-88fa-653d83ea2720
[2026-06-03 09:07:56] [common-cg-reports-service-6dc5cf47f5-7vbkq] [2026-06-03T09:07:56.934Z] INFO qtp545707113-24 TraceRequestFilter:43 [8abc69e1-4cd3-40ca-94c7-be431d657b94] NutanixObservability span started for uri: /internal/status with id: d937f7f3-5e3f-43e3-9382-8db787133895
[2026-06-03 09:07:56] [common-cg-reports-service-6dc5cf47f5-7vbkq] [2026-06-03T09:07:56.934Z] INFO qtp545707113-24 TraceRequestFilter:57 [8abc69e1-4cd3-40ca-94c7-be431d657b94] NutanixObservability span end for uri: /internal/status with id: d937f7f3-5e3f-43e3-9382-8db787133895
[2026-06-03 09:07:56] [common-cg-reports-service-6dc5cf47f5-7vbkq] [2026-06-03T09:07:56.934Z] INFO qtp545707113-24 TraceRequestFilter:57 [] NutanixObservability span end for uri: /internal/status with id: adf78126-c532-4c39-88fa-653d83ea2720
[2026-06-03 09:08:24] [common-cg-reports-service-6dc5cf47f5-7vbkq] [2026-06-03T09:08:24.512Z] INFO qtp545707113-24 TraceRequestFilter:43 [] NutanixObservability span started for uri: /internal/status with id: 0b762861-a9fa-4263-b2c3-1476c2486c99
[2026-06-03 09:08:24] [common-cg-reports-service-6dc5cf47f5-7vbkq] [2026-06-03T09:08:24.512Z] INFO qtp545707113-24 TraceRequestFilter:43 [c209f9a9-6e07-455b-a88c-2887ac712ec6] NutanixObservability span started for uri: /internal/status with id: e1bd2f55-8f01-4f53-a2c5-fdfb7d1d614c
[2026-06-03 09:08:24] [common-cg-reports-service-6dc5cf47f5-7vbkq] [2026-06-03T09:08:24.513Z] INFO qtp545707113-24 TraceRequestFilter:57 [c209f9a9-6e07-455b-a88c-2887ac712ec6] NutanixObservability span end for uri: /internal/status with id: e1bd2f55-8f01-4f53-a2c5-fdfb7d1d614c
[2026-06-03 09:08:24] [common-cg-reports-service-6dc5cf47f5-7vbkq] [2026-06-03T09:08:24.513Z] INFO qtp545707113-24 TraceRequestFilter:57 [] NutanixObservability span end for uri: /internal/status with id: 0b762861-a9fa-4263-b2c3-1476c2486c99
[2026-06-03 09:08:26] [common-cg-reports-service-6dc5cf47f5-7vbkq] [2026-06-03T09:08:26.933Z] INFO qtp545707113-24 TraceRequestFilter:43 [] NutanixObservability span started for uri: /internal/status with id: 6f22c472-e1df-46dd-8c01-cb2bd417e283
[2026-06-03 09:08:26] [common-cg-reports-service-6dc5cf47f5-7vbkq] [2026-06-03T09:08:26.934Z] INFO qtp545707113-24 TraceRequestFilter:43 [7a3c25ad-78bb-4e53-8119-978b07423076] NutanixObservability span started for uri: /internal/status with id: bf179395-5561-43a2-a9dc-dc06e76b1328
[2026-06-03 09:08:26] [common-cg-reports-service-6dc5cf47f5-7vbkq] [2026-06-03T09:08:26.934Z] INFO qtp545707113-24 TraceRequestFilter:57 [7a3c25ad-78bb-4e53-8119-978b07423076] NutanixObservability span end for uri: /internal/status with id: bf179395-5561-43a2-a9dc-dc06e76b1328
[2026-06-03 09:08:26] [common-cg-reports-service-6dc5cf47f5-7vbkq] [2026-06-03T09:08:26.934Z] INFO qtp545707113-24 TraceRequestFilter:57 [] NutanixObservability span end for uri: /internal/status with id: 6f22c472-e1df-46dd-8c01-cb2bd417e283
[2026-06-03 09:08:54] [common-cg-reports-service-6dc5cf47f5-7vbkq] [2026-06-03T09:08:54.512Z] INFO qtp545707113-24 TraceRequestFilter:43 [] NutanixObservability span started for uri: /internal/status with id: c2dc805e-c8a5-40c6-a1db-3bf054b24125
[2026-06-03 09:08:54] [common-cg-reports-service-6dc5cf47f5-7vbkq] [2026-06-03T09:08:54.513Z] INFO qtp545707113-24 TraceRequestFilter:43 [5cd027c8-bb54-4cd3-b6d1-50d5c8c48c3c] NutanixObservability span started for uri: /internal/status with id: a3fde7a7-c4fb-4637-8068-0f141d5f5066
[2026-06-03 09:08:54] [common-cg-reports-service-6dc5cf47f5-7vbkq] [2026-06-03T09:08:54.514Z] INFO qtp545707113-24 TraceRequestFilter:57 [5cd027c8-bb54-4cd3-b6d1-50d5c8c48c3c] NutanixObservability span end for uri: /internal/status with id: a3fde7a7-c4fb-4637-8068-0f141d5f5066
[2026-06-03 09:08:54] [common-cg-reports-service-6dc5cf47f5-7vbkq] [2026-06-03T09:08:54.514Z] INFO qtp545707113-24 TraceRequestFilter:57 [] NutanixObservability span end for uri: /internal/status with id: c2dc805e-c8a5-40c6-a1db-3bf054b24125
[2026-06-03 09:08:56] [common-cg-reports-service-6dc5cf47f5-7vbkq] [2026-06-03T09:08:56.933Z] INFO qtp545707113-24 TraceRequestFilter:43 [] NutanixObservability span started for uri: /internal/status with id: 46a72519-a56a-47f5-9ee0-0dc6710ed0fe
[2026-06-03 09:08:56] [common-cg-reports-service-6dc5cf47f5-7vbkq] [2026-06-03T09:08:56.933Z] INFO qtp545707113-24 TraceRequestFilter:43 [db065555-e966-4249-853d-002af97fa819] NutanixObservability span started for uri: /internal/status with id: 04bb3a53-6581-4fc1-931e-858406ee7d9b
[2026-06-03 09:08:56] [common-cg-reports-service-6dc5cf47f5-7vbkq] [2026-06-03T09:08:56.934Z] INFO qtp545707113-24 TraceRequestFilter:57 [db065555-e966-4249-853d-002af97fa819] NutanixObservability span end for uri: /internal/status with id: 04bb3a53-6581-4fc1-931e-858406ee7d9b
[2026-06-03 09:08:56] [common-cg-reports-service-6dc5cf47f5-7vbkq] [2026-06-03T09:08:56.934Z] INFO qtp545707113-24 TraceRequestFilter:57 [] NutanixObservability span end for uri: /internal/status with id: 46a72519-a56a-47f5-9ee0-0dc6710ed0fe
[2026-06-03 09:09:24] [common-cg-reports-service-6dc5cf47f5-7vbkq] [2026-06-03T09:09:24.512Z] INFO qtp545707113-24 TraceRequestFilter:43 [] NutanixObservability span started for uri: /internal/status with id: 7b46f819-b6ec-481e-af47-60b04cdb1d58
[2026-06-03 09:09:24] [common-cg-reports-service-6dc5cf47f5-7vbkq] [2026-06-03T09:09:24.513Z] INFO qtp545707113-24 TraceRequestFilter:43 [3fbb6be8-942e-42cf-8da9-27ac95034511] NutanixObservability span started for uri: /internal/status with id: c190873f-531f-4dc8-bd0a-23fe7f44efd8
[2026-06-03 09:09:24] [common-cg-reports-service-6dc5cf47f5-7vbkq] [2026-06-03T09:09:24.513Z] INFO qtp545707113-24 TraceRequestFilter:57 [3fbb6be8-942e-42cf-8da9-27ac95034511] NutanixObservability span end for uri: /internal/status with id: c190873f-531f-4dc8-bd0a-23fe7f44efd8
[2026-06-03 09:09:24] [common-cg-reports-service-6dc5cf47f5-7vbkq] [2026-06-03T09:09:24.513Z] INFO qtp545707113-24 TraceRequestFilter:57 [] NutanixObservability span end for uri: /internal/status with id: 7b46f819-b6ec-481e-af47-60b04cdb1d58
[2026-06-03 09:09:26] [common-cg-reports-service-6dc5cf47f5-7vbkq] [2026-06-03T09:09:26.934Z] INFO qtp545707113-24 TraceRequestFilter:43 [] NutanixObservability span started for uri: /internal/status with id: 1243a2ef-3375-4300-9836-612ee190188c
[2026-06-03 09:09:26] [common-cg-reports-service-6dc5cf47f5-7vbkq] [2026-06-03T09:09:26.934Z] INFO qtp545707113-24 TraceRequestFilter:43 [361d09b0-8600-412e-a6da-92c46691c8ec] NutanixObservability span started for uri: /internal/status with id: 75a11abf-a5c6-4858-bbc6-a506eebe5e72
[2026-06-03 09:09:26] [common-cg-reports-service-6dc5cf47f5-7vbkq] [2026-06-03T09:09:26.934Z] INFO qtp545707113-24 TraceRequestFilter:57 [361d09b0-8600-412e-a6da-92c46691c8ec] NutanixObservability span end for uri: /internal/status with id: 75a11abf-a5c6-4858-bbc6-a506eebe5e72
[2026-06-03 09:09:26] [common-cg-reports-service-6dc5cf47f5-7vbkq] [2026-06-03T09:09:26.934Z] INFO qtp545707113-24 TraceRequestFilter:57 [] NutanixObservability span end for uri: /internal/status with id: 1243a2ef-3375-4300-9836-612ee190188c
[2026-06-03 09:09:54] [common-cg-reports-service-6dc5cf47f5-7vbkq] [2026-06-03T09:09:54.512Z] INFO qtp545707113-24 TraceRequestFilter:43 [] NutanixObservability span started for uri: /internal/status with id: 30954dd8-3adb-4db2-82a1-518434c2420d
[2026-06-03 09:09:54] [common-cg-reports-service-6dc5cf47f5-7vbkq] [2026-06-03T09:09:54.512Z] INFO qtp545707113-24 TraceRequestFilter:43 [b573bd76-6a47-4c27-ac70-de9646d0bbe4] NutanixObservability span started for uri: /internal/status with id: 57b80fdc-e5e1-44e4-9b95-c60404e704b6
[2026-06-03 09:09:54] [common-cg-reports-service-6dc5cf47f5-7vbkq] [2026-06-03T09:09:54.512Z] INFO qtp545707113-24 TraceRequestFilter:57 [b573bd76-6a47-4c27-ac70-de9646d0bbe4] NutanixObservability span end for uri: /internal/status with id: 57b80fdc-e5e1-44e4-9b95-c60404e704b6
[2026-06-03 09:09:54] [common-cg-reports-service-6dc5cf47f5-7vbkq] [2026-06-03T09:09:54.512Z] INFO qtp545707113-24 TraceRequestFilter:57 [] NutanixObservability span end for uri: /internal/status with id: 30954dd8-3adb-4db2-82a1-518434c2420d
[2026-06-03 09:09:56] [common-cg-reports-service-6dc5cf47f5-7vbkq] [2026-06-03T09:09:56.933Z] INFO qtp545707113-24 TraceRequestFilter:43 [] NutanixObservability span started for uri: /internal/status with id: d567b686-5715-46a3-a0ea-c6f5d10e8f4e
[2026-06-03 09:09:56] [common-cg-reports-service-6dc5cf47f5-7vbkq] [2026-06-03T09:09:56.934Z] INFO qtp545707113-24 TraceRequestFilter:43 [1fb45b92-f9ec-4bec-90d5-20fee250b444] NutanixObservability span started for uri: /internal/status with id: c578e565-d18d-4563-a0a4-ae5026d9f90d
[2026-06-03 09:09:56] [common-cg-reports-service-6dc5cf47f5-7vbkq] [2026-06-03T09:09:56.934Z] INFO qtp545707113-24 TraceRequestFilter:57 [1fb45b92-f9ec-4bec-90d5-20fee250b444] NutanixObservability span end for uri: /internal/status with id: c578e565-d18d-4563-a0a4-ae5026d9f90d
[2026-06-03 09:09:56] [common-cg-reports-service-6dc5cf47f5-7vbkq] [2026-06-03T09:09:56.934Z] INFO qtp545707113-24 TraceRequestFilter:57 [] NutanixObservability span end for uri: /internal/status with id: d567b686-5715-46a3-a0ea-c6f5d10e8f4e
[2026-06-03 09:10:24] [common-cg-reports-service-6dc5cf47f5-7vbkq] [2026-06-03T09:10:24.512Z] INFO qtp545707113-24 TraceRequestFilter:43 [] NutanixObservability span started for uri: /internal/status with id: 04a40c61-fd8a-4927-9304-52c7b1af3b9f
[2026-06-03 09:10:24] [common-cg-reports-service-6dc5cf47f5-7vbkq] [2026-06-03T09:10:24.512Z] INFO qtp545707113-24 TraceRequestFilter:43 [8552e6d3-c2c0-4b1b-88a3-f8c949c0fa81] NutanixObservability span started for uri: /internal/status with id: 86126ef9-d22d-4475-8792-6d922bc9bb63
[2026-06-03 09:10:24] [common-cg-reports-service-6dc5cf47f5-7vbkq] [2026-06-03T09:10:24.513Z] INFO qtp545707113-24 TraceRequestFilter:57 [8552e6d3-c2c0-4b1b-88a3-f8c949c0fa81] NutanixObservability span end for uri: /internal/status with id: 86126ef9-d22d-4475-8792-6d922bc9bb63
[2026-06-03 09:10:24] [common-cg-reports-service-6dc5cf47f5-7vbkq] [2026-06-03T09:10:24.513Z] INFO qtp545707113-24 TraceRequestFilter:57 [] NutanixObservability span end for uri: /internal/status with id: 04a40c61-fd8a-4927-9304-52c7b1af3b9f
[2026-06-03 09:10:26] [common-cg-reports-service-6dc5cf47f5-7vbkq] [2026-06-03T09:10:26.933Z] INFO qtp545707113-24 TraceRequestFilter:43 [] NutanixObservability span started for uri: /internal/status with id: 083c19a2-fa8b-4fce-9a61-2b206a3c2381
[2026-06-03 09:10:26] [common-cg-reports-service-6dc5cf47f5-7vbkq] [2026-06-03T09:10:26.934Z] INFO qtp545707113-24 TraceRequestFilter:43 [856f8aba-d4be-45a6-bbf5-47b6fd0d3586] NutanixObservability span started for uri: /internal/status with id: a79a7ffb-f3fb-4717-9a70-b22d89048308
[2026-06-03 09:10:26] [common-cg-reports-service-6dc5cf47f5-7vbkq] [2026-06-03T09:10:26.934Z] INFO qtp545707113-24 TraceRequestFilter:57 [856f8aba-d4be-45a6-bbf5-47b6fd0d3586] NutanixObservability span end for uri: /internal/status with id: a79a7ffb-f3fb-4717-9a70-b22d89048308
[2026-06-03 09:10:26] [common-cg-reports-service-6dc5cf47f5-7vbkq] [2026-06-03T09:10:26.934Z] INFO qtp545707113-24 TraceRequestFilter:57 [] NutanixObservability span end for uri: /internal/status with id: 083c19a2-fa8b-4fce-9a61-2b206a3c2381
[2026-06-03 09:10:54] [common-cg-reports-service-6dc5cf47f5-7vbkq] [2026-06-03T09:10:54.513Z] INFO qtp545707113-24 TraceRequestFilter:43 [] NutanixObservability span started for uri: /internal/status with id: b40f90bb-e8eb-47b5-8f61-b9e8d41525ca
[2026-06-03 09:10:54] [common-cg-reports-service-6dc5cf47f5-7vbkq] [2026-06-03T09:10:54.513Z] INFO qtp545707113-24 TraceRequestFilter:43 [6f4a8f0f-39f5-4bf6-9bce-2e3dd87f35a8] NutanixObservability span started for uri: /internal/status with id: 540c4163-5a05-4337-849f-a9307a9b92e4
[2026-06-03 09:10:54] [common-cg-reports-service-6dc5cf47f5-7vbkq] [2026-06-03T09:10:54.513Z] INFO qtp545707113-24 TraceRequestFilter:57 [6f4a8f0f-39f5-4bf6-9bce-2e3dd87f35a8] NutanixObservability span end for uri: /internal/status with id: 540c4163-5a05-4337-849f-a9307a9b92e4
[2026-06-03 09:10:54] [common-cg-reports-service-6dc5cf47f5-7vbkq] [2026-06-03T09:10:54.513Z] INFO qtp545707113-24 TraceRequestFilter:57 [] NutanixObservability span end for uri: /internal/status with id: b40f90bb-e8eb-47b5-8f61-b9e8d41525ca
[2026-06-03 09:10:56] [common-cg-reports-service-6dc5cf47f5-7vbkq] [2026-06-03T09:10:56.933Z] INFO qtp545707113-24 TraceRequestFilter:43 [] NutanixObservability span started for uri: /internal/status with id: bd70c9bd-399c-46e2-b9e1-c78f81dda39b
[2026-06-03 09:10:56] [common-cg-reports-service-6dc5cf47f5-7vbkq] [2026-06-03T09:10:56.934Z] INFO qtp545707113-24 TraceRequestFilter:43 [fcf113b6-86d8-4777-976d-651cbb88d485] NutanixObservability span started for uri: /internal/status with id: b117abbe-969e-458e-a92e-a463c99704a3
[2026-06-03 09:10:56] [common-cg-reports-service-6dc5cf47f5-7vbkq] [2026-06-03T09:10:56.934Z] INFO qtp545707113-24 TraceRequestFilter:57 [fcf113b6-86d8-4777-976d-651cbb88d485] NutanixObservability span end for uri: /internal/status with id: b117abbe-969e-458e-a92e-a463c99704a3
[2026-06-03 09:10:56] [common-cg-reports-service-6dc5cf47f5-7vbkq] [2026-06-03T09:10:56.935Z] INFO qtp545707113-24 TraceRequestFilter:57 [] NutanixObservability span end for uri: /internal/status with id: bd70c9bd-399c-46e2-b9e1-c78f81dda39b
[2026-06-03 09:11:24] [common-cg-reports-service-6dc5cf47f5-7vbkq] [2026-06-03T09:11:24.512Z] INFO qtp545707113-24 TraceRequestFilter:43 [] NutanixObservability span started for uri: /internal/status with id: 80407380-6e1f-4a34-b0fe-6a910909a1a0
[2026-06-03 09:11:24] [common-cg-reports-service-6dc5cf47f5-7vbkq] [2026-06-03T09:11:24.513Z] INFO qtp545707113-24 TraceRequestFilter:43 [ed1a9fb0-5ca7-4c16-be23-88944393a31b] NutanixObservability span started for uri: /internal/status with id: b3cad801-56d2-4129-b6a1-089c0e8e3d80
[2026-06-03 09:11:24] [common-cg-reports-service-6dc5cf47f5-7vbkq] [2026-06-03T09:11:24.514Z] INFO qtp545707113-24 TraceRequestFilter:57 [ed1a9fb0-5ca7-4c16-be23-88944393a31b] NutanixObservability span end for uri: /internal/status with id: b3cad801-56d2-4129-b6a1-089c0e8e3d80
[2026-06-03 09:11:24] [common-cg-reports-service-6dc5cf47f5-7vbkq] [2026-06-03T09:11:24.514Z] INFO qtp545707113-24 TraceRequestFilter:57 [] NutanixObservability span end for uri: /internal/status with id: 80407380-6e1f-4a34-b0fe-6a910909a1a0
[2026-06-03 09:11:26] [common-cg-reports-service-6dc5cf47f5-7vbkq] [2026-06-03T09:11:26.933Z] INFO qtp545707113-24 TraceRequestFilter:43 [] NutanixObservability span started for uri: /internal/status with id: f9563f68-9554-45d0-b96a-5744254e6f44
[2026-06-03 09:11:26] [common-cg-reports-service-6dc5cf47f5-7vbkq] [2026-06-03T09:11:26.934Z] INFO qtp545707113-24 TraceRequestFilter:43 [a87e1b59-8e3c-4ace-815d-7566b263981d] NutanixObservability span started for uri: /internal/status with id: 1ebda7df-69d8-4a72-a44f-b7700371800d
[2026-06-03 09:11:26] [common-cg-reports-service-6dc5cf47f5-7vbkq] [2026-06-03T09:11:26.934Z] INFO qtp545707113-24 TraceRequestFilter:57 [a87e1b59-8e3c-4ace-815d-7566b263981d] NutanixObservability span end for uri: /internal/status with id: 1ebda7df-69d8-4a72-a44f-b7700371800d
[2026-06-03 09:11:26] [common-cg-reports-service-6dc5cf47f5-7vbkq] [2026-06-03T09:11:26.934Z] INFO qtp545707113-24 TraceRequestFilter:57 [] NutanixObservability span end for uri: /internal/status with id: f9563f68-9554-45d0-b96a-5744254e6f44
[2026-06-03 09:11:54] [common-cg-reports-service-6dc5cf47f5-7vbkq] [2026-06-03T09:11:54.512Z] INFO qtp545707113-24 TraceRequestFilter:43 [] NutanixObservability span started for uri: /internal/status with id: d5361d5a-5fcc-4415-971a-eeca1417e7f8
[2026-06-03 09:11:54] [common-cg-reports-service-6dc5cf47f5-7vbkq] [2026-06-03T09:11:54.512Z] INFO qtp545707113-24 TraceRequestFilter:43 [d1b7d3f8-3fc5-4822-8071-9ce1bc7ed8b1] NutanixObservability span started for uri: /internal/status with id: a2663479-4fad-4452-892a-f297d877934d
[2026-06-03 09:11:54] [common-cg-reports-service-6dc5cf47f5-7vbkq] [2026-06-03T09:11:54.513Z] INFO qtp545707113-24 TraceRequestFilter:57 [d1b7d3f8-3fc5-4822-8071-9ce1bc7ed8b1] NutanixObservability span end for uri: /internal/status with id: a2663479-4fad-4452-892a-f297d877934d
[2026-06-03 09:11:54] [common-cg-reports-service-6dc5cf47f5-7vbkq] [2026-06-03T09:11:54.513Z] INFO qtp545707113-24 TraceRequestFilter:57 [] NutanixObservability span end for uri: /internal/status with id: d5361d5a-5fcc-4415-971a-eeca1417e7f8
[2026-06-03 09:11:56] [common-cg-reports-service-6dc5cf47f5-7vbkq] [2026-06-03T09:11:56.933Z] INFO qtp545707113-24 TraceRequestFilter:43 [] NutanixObservability span started for uri: /internal/status with id: 59ed5a13-a8f6-4245-b6d2-367ff97c72f1
[2026-06-03 09:11:56] [common-cg-reports-service-6dc5cf47f5-7vbkq] [2026-06-03T09:11:56.933Z] INFO qtp545707113-24 TraceRequestFilter:43 [40aaa810-e11f-4a4e-a813-fd7a55df823d] NutanixObservability span started for uri: /internal/status with id: fca2addf-b200-435e-b505-52fbf55e3fe5
[2026-06-03 09:11:56] [common-cg-reports-service-6dc5cf47f5-7vbkq] [2026-06-03T09:11:56.934Z] INFO qtp545707113-24 TraceRequestFilter:57 [40aaa810-e11f-4a4e-a813-fd7a55df823d] NutanixObservability span end for uri: /internal/status with id: fca2addf-b200-435e-b505-52fbf55e3fe5
[2026-06-03 09:11:56] [common-cg-reports-service-6dc5cf47f5-7vbkq] [2026-06-03T09:11:56.934Z] INFO qtp545707113-24 TraceRequestFilter:57 [] NutanixObservability span end for uri: /internal/status with id: 59ed5a13-a8f6-4245-b6d2-367ff97c72f1
[2026-06-03 09:12:24] [common-cg-reports-service-6dc5cf47f5-7vbkq] [2026-06-03T09:12:24.512Z] INFO qtp545707113-24 TraceRequestFilter:43 [] NutanixObservability span started for uri: /internal/status with id: 4ac51658-dca0-4b7c-b4de-28fb97653902
[2026-06-03 09:12:24] [common-cg-reports-service-6dc5cf47f5-7vbkq] [2026-06-03T09:12:24.512Z] INFO qtp545707113-24 TraceRequestFilter:43 [38bb5dd6-aed8-4848-9d3b-90b68eaf9869] NutanixObservability span started for uri: /internal/status with id: ac12116c-f7e9-4bb0-b315-db686929fcdc
[2026-06-03 09:12:24] [common-cg-reports-service-6dc5cf47f5-7vbkq] [2026-06-03T09:12:24.513Z] INFO qtp545707113-24 TraceRequestFilter:57 [38bb5dd6-aed8-4848-9d3b-90b68eaf9869] NutanixObservability span end for uri: /internal/status with id: ac12116c-f7e9-4bb0-b315-db686929fcdc
[2026-06-03 09:12:24] [common-cg-reports-service-6dc5cf47f5-7vbkq] [2026-06-03T09:12:24.513Z] INFO qtp545707113-24 TraceRequestFilter:57 [] NutanixObservability span end for uri: /internal/status with id: 4ac51658-dca0-4b7c-b4de-28fb97653902
[2026-06-03 09:12:26] [common-cg-reports-service-6dc5cf47f5-7vbkq] [2026-06-03T09:12:26.934Z] INFO qtp545707113-24 TraceRequestFilter:43 [] NutanixObservability span started for uri: /internal/status with id: 15257b19-420e-403e-ac35-8c41cc3a15e8
[2026-06-03 09:12:26] [common-cg-reports-service-6dc5cf47f5-7vbkq] [2026-06-03T09:12:26.934Z] INFO qtp545707113-24 TraceRequestFilter:43 [92692d02-cbb8-451b-a44f-bc72933f1921] NutanixObservability span started for uri: /internal/status with id: f4caa029-f778-4acd-8ab8-3ceca2711581
[2026-06-03 09:12:26] [common-cg-reports-service-6dc5cf47f5-7vbkq] [2026-06-03T09:12:26.934Z] INFO qtp545707113-24 TraceRequestFilter:57 [92692d02-cbb8-451b-a44f-bc72933f1921] NutanixObservability span end for uri: /internal/status with id: f4caa029-f778-4acd-8ab8-3ceca2711581
[2026-06-03 09:12:26] [common-cg-reports-service-6dc5cf47f5-7vbkq] [2026-06-03T09:12:26.934Z] INFO qtp545707113-24 TraceRequestFilter:57 [] NutanixObservability span end for uri: /internal/status with id: 15257b19-420e-403e-ac35-8c41cc3a15e8
[2026-06-03 09:12:54] [common-cg-reports-service-6dc5cf47f5-7vbkq] [2026-06-03T09:12:54.512Z] INFO qtp545707113-24 TraceRequestFilter:43 [] NutanixObservability span started for uri: /internal/status with id: d54f6add-e2fb-4f3a-85e3-f8e8a7964a82
[2026-06-03 09:12:54] [common-cg-reports-service-6dc5cf47f5-7vbkq] [2026-06-03T09:12:54.513Z] INFO qtp545707113-24 TraceRequestFilter:43 [a3f14200-bc82-47dd-b60a-d48b3ea8e89d] NutanixObservability span started for uri: /internal/status with id: 86b9315c-00c6-40a8-b45b-ab6269ff420a
[2026-06-03 09:12:54] [common-cg-reports-service-6dc5cf47f5-7vbkq] [2026-06-03T09:12:54.513Z] INFO qtp545707113-24 TraceRequestFilter:57 [a3f14200-bc82-47dd-b60a-d48b3ea8e89d] NutanixObservability span end for uri: /internal/status with id: 86b9315c-00c6-40a8-b45b-ab6269ff420a
[2026-06-03 09:12:54] [common-cg-reports-service-6dc5cf47f5-7vbkq] [2026-06-03T09:12:54.513Z] INFO qtp545707113-24 TraceRequestFilter:57 [] NutanixObservability span end for uri: /internal/status with id: d54f6add-e2fb-4f3a-85e3-f8e8a7964a82
[2026-06-03 09:12:56] [common-cg-reports-service-6dc5cf47f5-7vbkq] [2026-06-03T09:12:56.934Z] INFO qtp545707113-24 TraceRequestFilter:43 [] NutanixObservability span started for uri: /internal/status with id: cafe42a7-fa4f-4161-8be7-2257348ae231
[2026-06-03 09:12:56] [common-cg-reports-service-6dc5cf47f5-7vbkq] [2026-06-03T09:12:56.934Z] INFO qtp545707113-24 TraceRequestFilter:43 [71b552d6-b64f-44ca-b13d-cc1ec48dbd32] NutanixObservability span started for uri: /internal/status with id: ff88d952-65ea-4a39-8e0d-4fee5fd8d18c
[2026-06-03 09:12:56] [common-cg-reports-service-6dc5cf47f5-7vbkq] [2026-06-03T09:12:56.934Z] INFO qtp545707113-24 TraceRequestFilter:57 [71b552d6-b64f-44ca-b13d-cc1ec48dbd32] NutanixObservability span end for uri: /internal/status with id: ff88d952-65ea-4a39-8e0d-4fee5fd8d18c
[2026-06-03 09:12:56] [common-cg-reports-service-6dc5cf47f5-7vbkq] [2026-06-03T09:12:56.934Z] INFO qtp545707113-24 TraceRequestFilter:57 [] NutanixObservability span end for uri: /internal/status with id: cafe42a7-fa4f-4161-8be7-2257348ae231
[2026-06-03 09:13:24] [common-cg-reports-service-6dc5cf47f5-7vbkq] [2026-06-03T09:13:24.512Z] INFO qtp545707113-24 TraceRequestFilter:43 [] NutanixObservability span started for uri: /internal/status with id: 15c4dd08-76c9-4a73-864e-c5172313dd87
[2026-06-03 09:13:24] [common-cg-reports-service-6dc5cf47f5-7vbkq] [2026-06-03T09:13:24.512Z] INFO qtp545707113-24 TraceRequestFilter:43 [319fcdfd-c451-4ead-b3a4-47d88b59bab4] NutanixObservability span started for uri: /internal/status with id: 71677adf-5a20-4c62-b8e5-4cc113c99429
[2026-06-03 09:13:24] [common-cg-reports-service-6dc5cf47f5-7vbkq] [2026-06-03T09:13:24.513Z] INFO qtp545707113-24 TraceRequestFilter:57 [319fcdfd-c451-4ead-b3a4-47d88b59bab4] NutanixObservability span end for uri: /internal/status with id: 71677adf-5a20-4c62-b8e5-4cc113c99429
[2026-06-03 09:13:24] [common-cg-reports-service-6dc5cf47f5-7vbkq] [2026-06-03T09:13:24.513Z] INFO qtp545707113-24 TraceRequestFilter:57 [] NutanixObservability span end for uri: /internal/status with id: 15c4dd08-76c9-4a73-864e-c5172313dd87
[2026-06-03 09:13:26] [common-cg-reports-service-6dc5cf47f5-7vbkq] [2026-06-03T09:13:26.933Z] INFO qtp545707113-24 TraceRequestFilter:43 [] NutanixObservability span started for uri: /internal/status with id: 1c995d33-5a1b-4da1-b0ad-a637a96afd68
[2026-06-03 09:13:26] [common-cg-reports-service-6dc5cf47f5-7vbkq] [2026-06-03T09:13:26.933Z] INFO qtp545707113-24 TraceRequestFilter:43 [d56d0545-5fb5-4b8a-ba7c-8e2034544041] NutanixObservability span started for uri: /internal/status with id: 636f0650-e3cb-4f42-ab42-9991b2a3826d
[2026-06-03 09:13:26] [common-cg-reports-service-6dc5cf47f5-7vbkq] [2026-06-03T09:13:26.933Z] INFO qtp545707113-24 TraceRequestFilter:57 [d56d0545-5fb5-4b8a-ba7c-8e2034544041] NutanixObservability span end for uri: /internal/status with id: 636f0650-e3cb-4f42-ab42-9991b2a3826d
[2026-06-03 09:13:26] [common-cg-reports-service-6dc5cf47f5-7vbkq] [2026-06-03T09:13:26.933Z] INFO qtp545707113-24 TraceRequestFilter:57 [] NutanixObservability span end for uri: /internal/status with id: 1c995d33-5a1b-4da1-b0ad-a637a96afd68
[2026-06-03 09:13:54] [common-cg-reports-service-6dc5cf47f5-7vbkq] [2026-06-03T09:13:54.512Z] INFO qtp545707113-24 TraceRequestFilter:43 [] NutanixObservability span started for uri: /internal/status with id: 2f16ee2f-aec8-4da5-9ba1-627abe42af3e
[2026-06-03 09:13:54] [common-cg-reports-service-6dc5cf47f5-7vbkq] [2026-06-03T09:13:54.512Z] INFO qtp545707113-24 TraceRequestFilter:43 [f5f82bca-0b4e-4cb1-ba88-b05221c902d0] NutanixObservability span started for uri: /internal/status with id: 24625760-fa8b-461d-8ed9-fd897d507c9f
[2026-06-03 09:13:54] [common-cg-reports-service-6dc5cf47f5-7vbkq] [2026-06-03T09:13:54.513Z] INFO qtp545707113-24 TraceRequestFilter:57 [f5f82bca-0b4e-4cb1-ba88-b05221c902d0] NutanixObservability span end for uri: /internal/status with id: 24625760-fa8b-461d-8ed9-fd897d507c9f
[2026-06-03 09:13:54] [common-cg-reports-service-6dc5cf47f5-7vbkq] [2026-06-03T09:13:54.513Z] INFO qtp545707113-24 TraceRequestFilter:57 [] NutanixObservability span end for uri: /internal/status with id: 2f16ee2f-aec8-4da5-9ba1-627abe42af3e
[2026-06-03 09:13:56] [common-cg-reports-service-6dc5cf47f5-7vbkq] [2026-06-03T09:13:56.933Z] INFO qtp545707113-24 TraceRequestFilter:43 [] NutanixObservability span started for uri: /internal/status with id: 6789ce22-6a7e-47d8-a144-233c2e9bc245
[2026-06-03 09:13:56] [common-cg-reports-service-6dc5cf47f5-7vbkq] [2026-06-03T09:13:56.933Z] INFO qtp545707113-24 TraceRequestFilter:43 [828921fe-8000-42b5-852b-3148b0423620] NutanixObservability span started for uri: /internal/status with id: dc24c6c8-fab2-46bc-912e-306ca7b8806a
[2026-06-03 09:13:56] [common-cg-reports-service-6dc5cf47f5-7vbkq] [2026-06-03T09:13:56.934Z] INFO qtp545707113-24 TraceRequestFilter:57 [828921fe-8000-42b5-852b-3148b0423620] NutanixObservability span end for uri: /internal/status with id: dc24c6c8-fab2-46bc-912e-306ca7b8806a
[2026-06-03 09:13:56] [common-cg-reports-service-6dc5cf47f5-7vbkq] [2026-06-03T09:13:56.934Z] INFO qtp545707113-24 TraceRequestFilter:57 [] NutanixObservability span end for uri: /internal/status with id: 6789ce22-6a7e-47d8-a144-233c2e9bc245
[2026-06-03 09:14:24] [common-cg-reports-service-6dc5cf47f5-7vbkq] [2026-06-03T09:14:24.512Z] INFO qtp545707113-24 TraceRequestFilter:43 [] NutanixObservability span started for uri: /internal/status with id: 4b9acdd3-5b9f-47ae-81a6-f0f418f597c2
[2026-06-03 09:14:24] [common-cg-reports-service-6dc5cf47f5-7vbkq] [2026-06-03T09:14:24.512Z] INFO qtp545707113-24 TraceRequestFilter:43 [47d61b0d-1b3c-4c5c-8083-445ad798ab7b] NutanixObservability span started for uri: /internal/status with id: 72e5a960-282f-483c-8cd6-42a04c67081a
[2026-06-03 09:14:24] [common-cg-reports-service-6dc5cf47f5-7vbkq] [2026-06-03T09:14:24.512Z] INFO qtp545707113-24 TraceRequestFilter:57 [47d61b0d-1b3c-4c5c-8083-445ad798ab7b] NutanixObservability span end for uri: /internal/status with id: 72e5a960-282f-483c-8cd6-42a04c67081a
[2026-06-03 09:14:24] [common-cg-reports-service-6dc5cf47f5-7vbkq] [2026-06-03T09:14:24.512Z] INFO qtp545707113-24 TraceRequestFilter:57 [] NutanixObservability span end for uri: /internal/status with id: 4b9acdd3-5b9f-47ae-81a6-f0f418f597c2
[2026-06-03 09:14:26] [common-cg-reports-service-6dc5cf47f5-7vbkq] [2026-06-03T09:14:26.934Z] INFO qtp545707113-24 TraceRequestFilter:43 [] NutanixObservability span started for uri: /internal/status with id: a90bea4c-2bf2-4c7f-a79c-4382b7375834
[2026-06-03 09:14:26] [common-cg-reports-service-6dc5cf47f5-7vbkq] [2026-06-03T09:14:26.934Z] INFO qtp545707113-24 TraceRequestFilter:43 [7462de2a-ce76-45bc-b7d7-e0b7770c566f] NutanixObservability span started for uri: /internal/status with id: 1f84b3d4-805f-4995-a927-1282a5401b6f
[2026-06-03 09:14:26] [common-cg-reports-service-6dc5cf47f5-7vbkq] [2026-06-03T09:14:26.935Z] INFO qtp545707113-24 TraceRequestFilter:57 [7462de2a-ce76-45bc-b7d7-e0b7770c566f] NutanixObservability span end for uri: /internal/status with id: 1f84b3d4-805f-4995-a927-1282a5401b6f
[2026-06-03 09:14:26] [common-cg-reports-service-6dc5cf47f5-7vbkq] [2026-06-03T09:14:26.935Z] INFO qtp545707113-24 TraceRequestFilter:57 [] NutanixObservability span end for uri: /internal/status with id: a90bea4c-2bf2-4c7f-a79c-4382b7375834
[2026-06-03 09:14:54] [common-cg-reports-service-6dc5cf47f5-7vbkq] [2026-06-03T09:14:54.512Z] INFO qtp545707113-24 TraceRequestFilter:43 [] NutanixObservability span started for uri: /internal/status with id: e6a1dc1d-2a43-424d-be3b-d1dff69bf6f3
[2026-06-03 09:14:54] [common-cg-reports-service-6dc5cf47f5-7vbkq] [2026-06-03T09:14:54.512Z] INFO qtp545707113-24 TraceRequestFilter:43 [9eb33190-b3c7-45ca-97e9-f9cd105368ca] NutanixObservability span started for uri: /internal/status with id: 91aaaf3b-4344-4e06-936e-7d956ebca198
[2026-06-03 09:14:54] [common-cg-reports-service-6dc5cf47f5-7vbkq] [2026-06-03T09:14:54.514Z] INFO qtp545707113-24 TraceRequestFilter:57 [9eb33190-b3c7-45ca-97e9-f9cd105368ca] NutanixObservability span end for uri: /internal/status with id: 91aaaf3b-4344-4e06-936e-7d956ebca198
[2026-06-03 09:14:54] [common-cg-reports-service-6dc5cf47f5-7vbkq] [2026-06-03T09:14:54.514Z] INFO qtp545707113-24 TraceRequestFilter:57 [] NutanixObservability span end for uri: /internal/status with id: e6a1dc1d-2a43-424d-be3b-d1dff69bf6f3
[2026-06-03 09:14:56] [common-cg-reports-service-6dc5cf47f5-7vbkq] [2026-06-03T09:14:56.933Z] INFO qtp545707113-24 TraceRequestFilter:43 [] NutanixObservability span started for uri: /internal/status with id: 6fd176b2-84e7-4cf9-84d6-d7a2f1dac6ce
[2026-06-03 09:14:56] [common-cg-reports-service-6dc5cf47f5-7vbkq] [2026-06-03T09:14:56.933Z] INFO qtp545707113-24 TraceRequestFilter:43 [2c846ea4-b8d3-4b52-8d72-3836ab18197b] NutanixObservability span started for uri: /internal/status with id: 90a5af86-d6e8-4879-b86d-ef04149fd12b
[2026-06-03 09:14:56] [common-cg-reports-service-6dc5cf47f5-7vbkq] [2026-06-03T09:14:56.933Z] INFO qtp545707113-24 TraceRequestFilter:57 [2c846ea4-b8d3-4b52-8d72-3836ab18197b] NutanixObservability span end for uri: /internal/status with id: 90a5af86-d6e8-4879-b86d-ef04149fd12b
[2026-06-03 09:14:56] [common-cg-reports-service-6dc5cf47f5-7vbkq] [2026-06-03T09:14:56.934Z] INFO qtp545707113-24 TraceRequestFilter:57 [] NutanixObservability span end for uri: /internal/status with id: 6fd176b2-84e7-4cf9-84d6-d7a2f1dac6ce
[2026-06-03 09:15:24] [common-cg-reports-service-6dc5cf47f5-7vbkq] [2026-06-03T09:15:24.512Z] INFO qtp545707113-24 TraceRequestFilter:43 [] NutanixObservability span started for uri: /internal/status with id: 50addb33-9f39-4b15-81bc-d21994345efb
[2026-06-03 09:15:24] [common-cg-reports-service-6dc5cf47f5-7vbkq] [2026-06-03T09:15:24.512Z] INFO qtp545707113-24 TraceRequestFilter:43 [2496c311-2843-4cb9-b6e2-66b6032c1c07] NutanixObservability span started for uri: /internal/status with id: 8b3faff3-f6ab-479e-8a48-1f5db3485bb2
[2026-06-03 09:15:24] [common-cg-reports-service-6dc5cf47f5-7vbkq] [2026-06-03T09:15:24.513Z] INFO qtp545707113-24 TraceRequestFilter:57 [2496c311-2843-4cb9-b6e2-66b6032c1c07] NutanixObservability span end for uri: /internal/status with id: 8b3faff3-f6ab-479e-8a48-1f5db3485bb2
[2026-06-03 09:15:24] [common-cg-reports-service-6dc5cf47f5-7vbkq] [2026-06-03T09:15:24.513Z] INFO qtp545707113-24 TraceRequestFilter:57 [] NutanixObservability span end for uri: /internal/status with id: 50addb33-9f39-4b15-81bc-d21994345efb
[2026-06-03 09:15:26] [common-cg-reports-service-6dc5cf47f5-7vbkq] [2026-06-03T09:15:26.934Z] INFO qtp545707113-24 TraceRequestFilter:43 [] NutanixObservability span started for uri: /internal/status with id: cb20430c-e474-4c73-b760-e52f6f126590
[2026-06-03 09:15:26] [common-cg-reports-service-6dc5cf47f5-7vbkq] [2026-06-03T09:15:26.934Z] INFO qtp545707113-24 TraceRequestFilter:43 [b5a0982b-dafe-40b5-b2a3-54175a17b88f] NutanixObservability span started for uri: /internal/status with id: 8449ba12-f2b5-4677-af50-95f12f41789e
[2026-06-03 09:15:26] [common-cg-reports-service-6dc5cf47f5-7vbkq] [2026-06-03T09:15:26.934Z] INFO qtp545707113-24 TraceRequestFilter:57 [b5a0982b-dafe-40b5-b2a3-54175a17b88f] NutanixObservability span end for uri: /internal/status with id: 8449ba12-f2b5-4677-af50-95f12f41789e
[2026-06-03 09:15:26] [common-cg-reports-service-6dc5cf47f5-7vbkq] [2026-06-03T09:15:26.934Z] INFO qtp545707113-24 TraceRequestFilter:57 [] NutanixObservability span end for uri: /internal/status with id: cb20430c-e474-4c73-b760-e52f6f126590
[2026-06-03 09:15:54] [common-cg-reports-service-6dc5cf47f5-7vbkq] [2026-06-03T09:15:54.518Z] INFO qtp545707113-24 TraceRequestFilter:43 [] NutanixObservability span started for uri: /internal/status with id: 9fb0cc49-afb9-439b-b441-d92cdb132d6e
[2026-06-03 09:15:54] [common-cg-reports-service-6dc5cf47f5-7vbkq] [2026-06-03T09:15:54.518Z] INFO qtp545707113-24 TraceRequestFilter:43 [199b313e-03c4-474a-8208-14fede7f88e2] NutanixObservability span started for uri: /internal/status with id: 564221d7-8f7f-48c9-b6d7-ed1d6fd1764b
[2026-06-03 09:15:54] [common-cg-reports-service-6dc5cf47f5-7vbkq] [2026-06-03T09:15:54.518Z] INFO qtp545707113-24 TraceRequestFilter:57 [199b313e-03c4-474a-8208-14fede7f88e2] NutanixObservability span end for uri: /internal/status with id: 564221d7-8f7f-48c9-b6d7-ed1d6fd1764b
[2026-06-03 09:15:54] [common-cg-reports-service-6dc5cf47f5-7vbkq] [2026-06-03T09:15:54.518Z] INFO qtp545707113-24 TraceRequestFilter:57 [] NutanixObservability span end for uri: /internal/status with id: 9fb0cc49-afb9-439b-b441-d92cdb132d6e
[2026-06-03 09:15:56] [common-cg-reports-service-6dc5cf47f5-7vbkq] [2026-06-03T09:15:56.934Z] INFO qtp545707113-24 TraceRequestFilter:43 [] NutanixObservability span started for uri: /internal/status with id: 15f2ae0a-6a82-4737-97e1-752417009e3b
[2026-06-03 09:15:56] [common-cg-reports-service-6dc5cf47f5-7vbkq] [2026-06-03T09:15:56.934Z] INFO qtp545707113-24 TraceRequestFilter:43 [aa9d6845-bdab-4f6a-9676-348d71d7ac2c] NutanixObservability span started for uri: /internal/status with id: 45517529-71a5-4b4a-bd81-4920a133ad50
[2026-06-03 09:15:56] [common-cg-reports-service-6dc5cf47f5-7vbkq] [2026-06-03T09:15:56.934Z] INFO qtp545707113-24 TraceRequestFilter:57 [aa9d6845-bdab-4f6a-9676-348d71d7ac2c] NutanixObservability span end for uri: /internal/status with id: 45517529-71a5-4b4a-bd81-4920a133ad50
[2026-06-03 09:15:56] [common-cg-reports-service-6dc5cf47f5-7vbkq] [2026-06-03T09:15:56.934Z] INFO qtp545707113-24 TraceRequestFilter:57 [] NutanixObservability span end for uri: /internal/status with id: 15f2ae0a-6a82-4737-97e1-752417009e3b
[2026-06-03 09:16:24] [common-cg-reports-service-6dc5cf47f5-7vbkq] [2026-06-03T09:16:24.512Z] INFO qtp545707113-24 TraceRequestFilter:43 [] NutanixObservability span started for uri: /internal/status with id: b14a0e7d-6ee0-4f63-abf4-a99f712cdeb2
[2026-06-03 09:16:24] [common-cg-reports-service-6dc5cf47f5-7vbkq] [2026-06-03T09:16:24.512Z] INFO qtp545707113-24 TraceRequestFilter:43 [9a84445c-b22b-437c-8c8d-047238488d52] NutanixObservability span started for uri: /internal/status with id: eac03cd8-1d9d-495b-aa5a-6a103c3970b1
[2026-06-03 09:16:24] [common-cg-reports-service-6dc5cf47f5-7vbkq] [2026-06-03T09:16:24.512Z] INFO qtp545707113-24 TraceRequestFilter:57 [9a84445c-b22b-437c-8c8d-047238488d52] NutanixObservability span end for uri: /internal/status with id: eac03cd8-1d9d-495b-aa5a-6a103c3970b1
[2026-06-03 09:16:24] [common-cg-reports-service-6dc5cf47f5-7vbkq] [2026-06-03T09:16:24.512Z] INFO qtp545707113-24 TraceRequestFilter:57 [] NutanixObservability span end for uri: /internal/status with id: b14a0e7d-6ee0-4f63-abf4-a99f712cdeb2
[2026-06-03 09:16:26] [common-cg-reports-service-6dc5cf47f5-7vbkq] [2026-06-03T09:16:26.934Z] INFO qtp545707113-24 TraceRequestFilter:43 [] NutanixObservability span started for uri: /internal/status with id: ea925edb-1885-46ee-a40e-032fe8d4727f
[2026-06-03 09:16:26] [common-cg-reports-service-6dc5cf47f5-7vbkq] [2026-06-03T09:16:26.934Z] INFO qtp545707113-24 TraceRequestFilter:43 [8a07af3e-d6c1-4938-a140-cfd081b745fe] NutanixObservability span started for uri: /internal/status with id: bd6e9953-f79a-4487-ac82-2007ea7a63cc
[2026-06-03 09:16:26] [common-cg-reports-service-6dc5cf47f5-7vbkq] [2026-06-03T09:16:26.934Z] INFO qtp545707113-24 TraceRequestFilter:57 [8a07af3e-d6c1-4938-a140-cfd081b745fe] NutanixObservability span end for uri: /internal/status with id: bd6e9953-f79a-4487-ac82-2007ea7a63cc
[2026-06-03 09:16:26] [common-cg-reports-service-6dc5cf47f5-7vbkq] [2026-06-03T09:16:26.934Z] INFO qtp545707113-24 TraceRequestFilter:57 [] NutanixObservability span end for uri: /internal/status with id: ea925edb-1885-46ee-a40e-032fe8d4727f
[2026-06-03 09:16:54] [common-cg-reports-service-6dc5cf47f5-7vbkq] [2026-06-03T09:16:54.512Z] INFO qtp545707113-26 TraceRequestFilter:43 [] NutanixObservability span started for uri: /internal/status with id: ba7688a4-ccc5-4ab5-b44a-48c440b22ece
[2026-06-03 09:16:54] [common-cg-reports-service-6dc5cf47f5-7vbkq] [2026-06-03T09:16:54.512Z] INFO qtp545707113-26 TraceRequestFilter:43 [0acc4a9c-0fde-4eef-95f5-2aab0adfe4fa] NutanixObservability span started for uri: /internal/status with id: 67a94611-0184-4201-aaaf-5a84f426618f
[2026-06-03 09:16:54] [common-cg-reports-service-6dc5cf47f5-7vbkq] [2026-06-03T09:16:54.512Z] INFO qtp545707113-26 TraceRequestFilter:57 [0acc4a9c-0fde-4eef-95f5-2aab0adfe4fa] NutanixObservability span end for uri: /internal/status with id: 67a94611-0184-4201-aaaf-5a84f426618f
[2026-06-03 09:16:54] [common-cg-reports-service-6dc5cf47f5-7vbkq] [2026-06-03T09:16:54.512Z] INFO qtp545707113-26 TraceRequestFilter:57 [] NutanixObservability span end for uri: /internal/status with id: ba7688a4-ccc5-4ab5-b44a-48c440b22ece
[2026-06-03 09:16:56] [common-cg-reports-service-6dc5cf47f5-7vbkq] [2026-06-03T09:16:56.933Z] INFO qtp545707113-24 TraceRequestFilter:43 [] NutanixObservability span started for uri: /internal/status with id: 94506429-1a6e-4171-b2a0-afbcbc6b92bb
[2026-06-03 09:16:56] [common-cg-reports-service-6dc5cf47f5-7vbkq] [2026-06-03T09:16:56.933Z] INFO qtp545707113-24 TraceRequestFilter:43 [136dd4d7-0cad-4d3a-8808-62134979a56a] NutanixObservability span started for uri: /internal/status with id: 08b320ad-b01b-4bae-9fb7-a69d3323ff6c
[2026-06-03 09:16:56] [common-cg-reports-service-6dc5cf47f5-7vbkq] [2026-06-03T09:16:56.934Z] INFO qtp545707113-24 TraceRequestFilter:57 [136dd4d7-0cad-4d3a-8808-62134979a56a] NutanixObservability span end for uri: /internal/status with id: 08b320ad-b01b-4bae-9fb7-a69d3323ff6c
[2026-06-03 09:16:56] [common-cg-reports-service-6dc5cf47f5-7vbkq] [2026-06-03T09:16:56.934Z] INFO qtp545707113-24 TraceRequestFilter:57 [] NutanixObservability span end for uri: /internal/status with id: 94506429-1a6e-4171-b2a0-afbcbc6b92bb
[2026-06-03 09:17:24] [common-cg-reports-service-6dc5cf47f5-7vbkq] [2026-06-03T09:17:24.512Z] INFO qtp545707113-24 TraceRequestFilter:43 [] NutanixObservability span started for uri: /internal/status with id: c96e5847-a322-4abf-914c-3d921c13d0c2
[2026-06-03 09:17:24] [common-cg-reports-service-6dc5cf47f5-7vbkq] [2026-06-03T09:17:24.512Z] INFO qtp545707113-24 TraceRequestFilter:43 [c9cf4021-0104-4d7d-80bc-43f9915b93ac] NutanixObservability span started for uri: /internal/status with id: 895695c1-c6c5-4f7f-b2c2-31639872e6e9
[2026-06-03 09:17:24] [common-cg-reports-service-6dc5cf47f5-7vbkq] [2026-06-03T09:17:24.513Z] INFO qtp545707113-24 TraceRequestFilter:57 [c9cf4021-0104-4d7d-80bc-43f9915b93ac] NutanixObservability span end for uri: /internal/status with id: 895695c1-c6c5-4f7f-b2c2-31639872e6e9
[2026-06-03 09:17:24] [common-cg-reports-service-6dc5cf47f5-7vbkq] [2026-06-03T09:17:24.513Z] INFO qtp545707113-24 TraceRequestFilter:57 [] NutanixObservability span end for uri: /internal/status with id: c96e5847-a322-4abf-914c-3d921c13d0c2
[2026-06-03 09:17:26] [common-cg-reports-service-6dc5cf47f5-7vbkq] [2026-06-03T09:17:26.933Z] INFO qtp545707113-24 TraceRequestFilter:43 [] NutanixObservability span started for uri: /internal/status with id: a310033f-9c7b-421a-9874-425686389faa
[2026-06-03 09:17:26] [common-cg-reports-service-6dc5cf47f5-7vbkq] [2026-06-03T09:17:26.933Z] INFO qtp545707113-24 TraceRequestFilter:43 [b4fe79ce-c892-4821-ba98-725478880927] NutanixObservability span started for uri: /internal/status with id: db67d439-b21e-4237-852e-c883129f7e2e
[2026-06-03 09:17:26] [common-cg-reports-service-6dc5cf47f5-7vbkq] [2026-06-03T09:17:26.933Z] INFO qtp545707113-24 TraceRequestFilter:57 [b4fe79ce-c892-4821-ba98-725478880927] NutanixObservability span end for uri: /internal/status with id: db67d439-b21e-4237-852e-c883129f7e2e
[2026-06-03 09:17:26] [common-cg-reports-service-6dc5cf47f5-7vbkq] [2026-06-03T09:17:26.933Z] INFO qtp545707113-24 TraceRequestFilter:57 [] NutanixObservability span end for uri: /internal/status with id: a310033f-9c7b-421a-9874-425686389faa
